Component: ARM Compiler 5.06 update 7 (build 960) Tool: armlink [4d3601]

==============================================================================

Section Cross References

    startup_stm32l432xx.o(RESET) refers to startup_stm32l432xx.o(STACK) for __initial_sp
    startup_stm32l432xx.o(RESET) refers to startup_stm32l432xx.o(.text) for Reset_Handler
    startup_stm32l432xx.o(RESET) refers to stm32l4xx_it.o(i.NMI_Handler) for NMI_Handler
    startup_stm32l432xx.o(RESET) refers to stm32l4xx_it.o(i.HardFault_Handler) for HardFault_Handler
    startup_stm32l432xx.o(RESET) refers to stm32l4xx_it.o(i.MemManage_Handler) for MemManage_Handler
    startup_stm32l432xx.o(RESET) refers to stm32l4xx_it.o(i.BusFault_Handler) for BusFault_Handler
    startup_stm32l432xx.o(RESET) refers to stm32l4xx_it.o(i.UsageFault_Handler) for UsageFault_Handler
    startup_stm32l432xx.o(RESET) refers to stm32l4xx_it.o(i.SVC_Handler) for SVC_Handler
    startup_stm32l432xx.o(RESET) refers to stm32l4xx_it.o(i.DebugMon_Handler) for DebugMon_Handler
    startup_stm32l432xx.o(RESET) refers to stm32l4xx_it.o(i.PendSV_Handler) for PendSV_Handler
    startup_stm32l432xx.o(RESET) refers to stm32l4xx_it.o(i.SysTick_Handler) for SysTick_Handler
    startup_stm32l432xx.o(RESET) refers to stm32l4xx_it.o(i.EXTI1_IRQHandler) for EXTI1_IRQHandler
    startup_stm32l432xx.o(RESET) refers to stm32l4xx_it.o(i.USART2_IRQHandler) for USART2_IRQHandler
    startup_stm32l432xx.o(.text) refers to system_stm32l4xx.o(i.SystemInit) for SystemInit
    startup_stm32l432xx.o(.text) refers to entry.o(.ARM.Collect$$$$00000000) for __main
    lsm6dsl.o(i.LSM6DSL_ACC_Disable) refers to lsm6dsl_reg.o(i.lsm6dsl_xl_data_rate_get) for lsm6dsl_xl_data_rate_get
    lsm6dsl.o(i.LSM6DSL_ACC_Disable) refers to lsm6dsl_reg.o(i.lsm6dsl_xl_data_rate_set) for lsm6dsl_xl_data_rate_set
    lsm6dsl.o(i.LSM6DSL_ACC_Disable_6D_Orientation) refers to lsm6dsl_reg.o(i.lsm6dsl_pin_int1_route_get) for lsm6dsl_pin_int1_route_get
    lsm6dsl.o(i.LSM6DSL_ACC_Disable_6D_Orientation) refers to lsm6dsl_reg.o(i.lsm6dsl_pin_int1_route_set) for lsm6dsl_pin_int1_route_set
    lsm6dsl.o(i.LSM6DSL_ACC_Disable_6D_Orientation) refers to lsm6dsl_reg.o(i.lsm6dsl_pin_int2_route_get) for lsm6dsl_pin_int2_route_get
    lsm6dsl.o(i.LSM6DSL_ACC_Disable_6D_Orientation) refers to lsm6dsl_reg.o(i.lsm6dsl_pin_int2_route_set) for lsm6dsl_pin_int2_route_set
    lsm6dsl.o(i.LSM6DSL_ACC_Disable_6D_Orientation) refers to lsm6dsl_reg.o(i.lsm6dsl_6d_threshold_set) for lsm6dsl_6d_threshold_set
    lsm6dsl.o(i.LSM6DSL_ACC_Disable_Double_Tap_Detection) refers to lsm6dsl_reg.o(i.lsm6dsl_pin_int1_route_get) for lsm6dsl_pin_int1_route_get
    lsm6dsl.o(i.LSM6DSL_ACC_Disable_Double_Tap_Detection) refers to lsm6dsl_reg.o(i.lsm6dsl_pin_int1_route_set) for lsm6dsl_pin_int1_route_set
    lsm6dsl.o(i.LSM6DSL_ACC_Disable_Double_Tap_Detection) refers to lsm6dsl_reg.o(i.lsm6dsl_pin_int2_route_get) for lsm6dsl_pin_int2_route_get
    lsm6dsl.o(i.LSM6DSL_ACC_Disable_Double_Tap_Detection) refers to lsm6dsl_reg.o(i.lsm6dsl_pin_int2_route_set) for lsm6dsl_pin_int2_route_set
    lsm6dsl.o(i.LSM6DSL_ACC_Disable_Double_Tap_Detection) refers to lsm6dsl_reg.o(i.lsm6dsl_tap_mode_set) for lsm6dsl_tap_mode_set
    lsm6dsl.o(i.LSM6DSL_ACC_Disable_Double_Tap_Detection) refers to lsm6dsl_reg.o(i.lsm6dsl_tap_dur_set) for lsm6dsl_tap_dur_set
    lsm6dsl.o(i.LSM6DSL_ACC_Disable_Double_Tap_Detection) refers to lsm6dsl_reg.o(i.lsm6dsl_tap_quiet_set) for lsm6dsl_tap_quiet_set
    lsm6dsl.o(i.LSM6DSL_ACC_Disable_Double_Tap_Detection) refers to lsm6dsl_reg.o(i.lsm6dsl_tap_shock_set) for lsm6dsl_tap_shock_set
    lsm6dsl.o(i.LSM6DSL_ACC_Disable_Double_Tap_Detection) refers to lsm6dsl_reg.o(i.lsm6dsl_tap_threshold_x_set) for lsm6dsl_tap_threshold_x_set
    lsm6dsl.o(i.LSM6DSL_ACC_Disable_Double_Tap_Detection) refers to lsm6dsl_reg.o(i.lsm6dsl_tap_detection_on_z_set) for lsm6dsl_tap_detection_on_z_set
    lsm6dsl.o(i.LSM6DSL_ACC_Disable_Double_Tap_Detection) refers to lsm6dsl_reg.o(i.lsm6dsl_tap_detection_on_y_set) for lsm6dsl_tap_detection_on_y_set
    lsm6dsl.o(i.LSM6DSL_ACC_Disable_Double_Tap_Detection) refers to lsm6dsl_reg.o(i.lsm6dsl_tap_detection_on_x_set) for lsm6dsl_tap_detection_on_x_set
    lsm6dsl.o(i.LSM6DSL_ACC_Disable_Free_Fall_Detection) refers to lsm6dsl_reg.o(i.lsm6dsl_pin_int1_route_get) for lsm6dsl_pin_int1_route_get
    lsm6dsl.o(i.LSM6DSL_ACC_Disable_Free_Fall_Detection) refers to lsm6dsl_reg.o(i.lsm6dsl_pin_int1_route_set) for lsm6dsl_pin_int1_route_set
    lsm6dsl.o(i.LSM6DSL_ACC_Disable_Free_Fall_Detection) refers to lsm6dsl_reg.o(i.lsm6dsl_pin_int2_route_get) for lsm6dsl_pin_int2_route_get
    lsm6dsl.o(i.LSM6DSL_ACC_Disable_Free_Fall_Detection) refers to lsm6dsl_reg.o(i.lsm6dsl_pin_int2_route_set) for lsm6dsl_pin_int2_route_set
    lsm6dsl.o(i.LSM6DSL_ACC_Disable_Free_Fall_Detection) refers to lsm6dsl_reg.o(i.lsm6dsl_ff_dur_set) for lsm6dsl_ff_dur_set
[...]
    <Data80>                                 0x20000524   Data          48  network.o(.data)
    <Data81>                                 0x20000554   Data           4  network.o(.data)
    <Data82>                                 0x20000558   Data           4  network.o(.data)
    <Data83>                                 0x2000055c   Data          12  network.o(.data)
    <Data84>                                 0x20000568   Data           4  network.o(.data)
    <Data85>                                 0x2000056c   Data          48  network.o(.data)
    <Data87>                                 0x2000059c   Data           4  network.o(.data)
    <Data88>                                 0x200005a0   Data           4  network.o(.data)
    <Data89>                                 0x200005a4   Data           4  network.o(.data)
    <Data90>                                 0x200005a8   Data           4  network.o(.data)
    <Data91>                                 0x200005ac   Data          48  network.o(.data)
    <Data92>                                 0x200005dc   Data           4  network.o(.data)
    <Data93>                                 0x200005e0   Data           4  network.o(.data)
    <Data94>                                 0x200005e4   Data          12  network.o(.data)
    <Data95>                                 0x200005f0   Data           4  network.o(.data)
    <Data96>                                 0x200005f4   Data          48  network.o(.data)
    <Data98>                                 0x20000624   Data          16  network.o(.data)
    <Data99>                                 0x20000634   Data          28  network.o(.data)
    <Data100>                                0x20000650   Data          16  network.o(.data)
    <Data101>                                0x20000660   Data          28  network.o(.data)
    <Data102>                                0x2000067c   Data           4  network.o(.data)
    <Data105>                                0x20000680   Data           8  network.o(.data)
    <Data106>                                0x20000688   Data          12  network.o(.data)
    <Data107>                                0x20000694   Data           4  network.o(.data)
    <Data110>                                0x20000698   Data           8  network.o(.data)
    <Data111>                                0x200006a0   Data          12  network.o(.data)
    <Data112>                                0x200006ac   Data          24  network.o(.data)
    g_network_activations_map                0x200006c4   Data           4  network.o(.data)
    g_network_weights_map                    0x200006c8   Data           4  network.o(.data)
    dense_11_dense_weights_array             0x200006cc   Data          16  network.o(.data)
    dense_11_dense_bias_array                0x200006dc   Data          16  network.o(.data)
    input_0_output_array                     0x200006ec   Data          16  network.o(.data)
    conv1d_16_conv2d_output_array            0x200006fc   Data          16  network.o(.data)
    conv1d_16_output_array                   0x2000070c   Data          16  network.o(.data)
    conv1d_17_conv2d_output_array            0x2000071c   Data          16  network.o(.data)
    conv1d_17_output_array                   0x2000072c   Data          16  network.o(.data)
    conv1d_18_conv2d_output_array            0x2000073c   Data          16  network.o(.data)
    conv1d_18_output_array                   0x2000074c   Data          16  network.o(.data)
    dense_10_dense_output_array              0x2000075c   Data          16  network.o(.data)
    dense_10_output_array                    0x2000076c   Data          16  network.o(.data)
    dense_11_dense_output_array              0x2000077c   Data          16  network.o(.data)
    dense_11_output_array                    0x2000078c   Data          16  network.o(.data)
    conv1d_16_conv2d_weights_array           0x2000079c   Data          16  network.o(.data)
    conv1d_16_conv2d_bias_array              0x200007ac   Data          16  network.o(.data)
    conv1d_17_conv2d_weights_array           0x200007bc   Data          16  network.o(.data)
    conv1d_17_conv2d_bias_array              0x200007cc   Data          16  network.o(.data)
    conv1d_18_conv2d_weights_array           0x200007dc   Data          16  network.o(.data)
    conv1d_18_conv2d_bias_array              0x200007ec   Data          16  network.o(.data)
    dense_10_dense_weights_array             0x200007fc   Data          16  network.o(.data)
    dense_10_dense_bias_array                0x2000080c   Data          16  network.o(.data)
    dense_11_dense_weights                   0x2000081c   Data          28  network.o(.data)
    dense_11_dense_bias                      0x20000838   Data          28  network.o(.data)
    input_0_output                           0x20000854   Data          28  network.o(.data)
    conv1d_16_conv2d_output                  0x20000870   Data          28  network.o(.data)
    conv1d_16_output                         0x2000088c   Data          28  network.o(.data)
    conv1d_17_conv2d_output                  0x200008a8   Data          28  network.o(.data)
    conv1d_17_output                         0x200008c4   Data          28  network.o(.data)
    conv1d_18_conv2d_output                  0x200008e0   Data          28  network.o(.data)
    conv1d_18_output                         0x200008fc   Data          28  network.o(.data)
    conv1d_18_output0                        0x20000918   Data          28  network.o(.data)
    dense_10_dense_output                    0x20000934   Data          28  network.o(.data)
    dense_10_output                          0x20000950   Data          28  network.o(.data)
    dense_11_dense_output                    0x2000096c   Data          28  network.o(.data)
    dense_11_output                          0x20000988   Data          28  network.o(.data)
    conv1d_16_conv2d_weights                 0x200009a4   Data          28  network.o(.data)
    conv1d_16_conv2d_bias                    0x200009c0   Data          28  network.o(.data)
    conv1d_17_conv2d_weights                 0x200009dc   Data          28  network.o(.data)
    conv1d_17_conv2d_bias                    0x200009f8   Data          28  network.o(.data)
    conv1d_18_conv2d_weights                 0x20000a14   Data          28  network.o(.data)
    conv1d_18_conv2d_bias                    0x20000a30   Data          28  network.o(.data)
    dense_10_dense_weights                   0x20000a4c   Data          28  network.o(.data)
    dense_10_dense_bias                      0x20000a68   Data          28  network.o(.data)
    dense_11_layer                           0x20000a84   Data          32  network.o(.data)
    dense_11_dense_layer                     0x20000aa4   Data          28  network.o(.data)
    dense_10_layer                           0x20000ac0   Data          32  network.o(.data)
    dense_10_dense_layer                     0x20000ae0   Data          28  network.o(.data)
    conv1d_18_layer                          0x20000afc   Data          32  network.o(.data)
    conv1d_18_conv2d_layer                   0x20000b1c   Data          68  network.o(.data)
    conv1d_17_layer                          0x20000b60   Data          32  network.o(.data)
    conv1d_17_conv2d_layer                   0x20000b80   Data          68  network.o(.data)
    conv1d_16_layer                          0x20000bc4   Data          32  network.o(.data)
    conv1d_16_conv2d_layer                   0x20000be4   Data          68  network.o(.data)
    g_network                                0x20000c28   Data          76  network.o(.data)
    .data                                    0x20000c74   Section       88  network_data.o(.data)
    <Data1>                                  0x20000c74   Data          16  network_data.o(.data)
    <Data2>                                  0x20000c84   Data          16  network_data.o(.data)
    .data                                    0x20000ccc   Section        4  stdout.o(.data)
    .data                                    0x20000cd0   Section        4  mvars.o(.data)
    .data                                    0x20000cd4   Section        4  mvars.o(.data)
    .data                                    0x20000cd8   Section        4  errno.o(.data)
    _errno                                   0x20000cd8   Data           4  errno.o(.data)
    .bss                                     0x20000cdc   Section     1024  ssd1306.o(.bss)
    SSD1306_Buffer                           0x20000cdc   Data        1024  ssd1306.o(.bss)
    .bss                                     0x200010dc   Section     9816  main.o(.bss)
    .bss                                     0x20003734   Section       36  crc.o(.bss)
    .bss                                     0x20003758   Section      168  i2c.o(.bss)
    .bss                                     0x20003800   Section      132  usart.o(.bss)
    .bss                                     0x20003884   Section      136  network.o(.bss)
    <Data75>                                 0x20003884   Data          16  network.o(.bss)
    <Data86>                                 0x20003894   Data          16  network.o(.bss)
    <Data97>                                 0x200038a4   Data          16  network.o(.bss)
    <Data103>                                0x200038b4   Data          28  network.o(.bss)
    <Data104>                                0x200038d0   Data          16  network.o(.bss)
    <Data108>                                0x200038e0   Data          28  network.o(.bss)
    <Data109>                                0x200038fc   Data          16  network.o(.bss)
    HEAP                                     0x20003910   Section     2048  startup_stm32l432xx.o(HEAP)
    STACK                                    0x20004110   Section     2048  startup_stm32l432xx.o(STACK)

    Global Symbols

    Symbol Name                              Value     Ov Type        Size  Object(Section)

    BuildAttributes$$THM_ISAv4$E$P$D$K$B$S$7EM$VFPi3$EXTD16$VFPS$VFMA$PE$A:L22UL41UL21$X:L11$S22US41US21$IEEE1$IW$USESV6$~STKCKD$USESV7$~SHL$OTIME$ROPI$IEEEX$EBA8$MICROLIB$REQ8$PRES8$EABIv2 0x00000000   Number         0  anon$$obj.o ABSOLUTE
    __ARM_use_no_argv                        0x00000000   Number         0  main.o ABSOLUTE
    _printf_a                                0x00000000   Number         0  stubs.o ABSOLUTE
    _printf_c                                0x00000000   Number         0  stubs.o ABSOLUTE
    _printf_charcount                        0x00000000   Number         0  stubs.o ABSOLUTE
    _printf_d                                0x00000000   Number         0  stubs.o ABSOLUTE
    _printf_e                                0x00000000   Number         0  stubs.o ABSOLUTE
    _printf_f                                0x00000000   Number         0  stubs.o ABSOLUTE
    _printf_flags                            0x00000000   Number         0  stubs.o ABSOLUTE
    _printf_fp_dec                           0x00000000   Number         0  stubs.o ABSOLUTE
    _printf_fp_hex                           0x00000000   Number         0  stubs.o ABSOLUTE
    _printf_g                                0x00000000   Number         0  stubs.o ABSOLUTE
    _printf_i                                0x00000000   Number         0  stubs.o ABSOLUTE
    _printf_int_dec                          0x00000000   Number         0  stubs.o ABSOLUTE
    _printf_l                                0x00000000   Number         0  stubs.o ABSOLUTE
    _printf_lc                               0x00000000   Number         0  stubs.o ABSOLUTE
    _printf_ll                               0x00000000   Number         0  stubs.o ABSOLUTE
    _printf_lld                              0x00000000   Number         0  stubs.o ABSOLUTE
    _printf_lli                              0x00000000   Number         0  stubs.o ABSOLUTE
    _printf_llo                              0x00000000   Number         0  stubs.o ABSOLUTE
    _printf_llu                              0x00000000   Number         0  stubs.o ABSOLUTE
    _printf_llx                              0x00000000   Number         0  stubs.o ABSOLUTE
    _printf_longlong_dec                     0x00000000   Number         0  stubs.o ABSOLUTE
    _printf_longlong_hex                     0x00000000   Number         0  stubs.o ABSOLUTE
    _printf_longlong_oct                     0x00000000   Number         0  stubs.o ABSOLUTE
    _printf_ls                               0x00000000   Number         0  stubs.o ABSOLUTE
    _printf_mbtowc                           0x00000000   Number         0  stubs.o ABSOLUTE
    _printf_n                                0x00000000   Number         0  stubs.o ABSOLUTE
    _printf_o                                0x00000000   Number         0  stubs.o ABSOLUTE
    _printf_p                                0x00000000   Number         0  stubs.o ABSOLUTE
    _printf_percent                          0x00000000   Number         0  stubs.o ABSOLUTE
    _printf_pre_padding                      0x00000000   Number         0  stubs.o ABSOLUTE
    _printf_return_value                     0x00000000   Number         0  stubs.o ABSOLUTE
    _printf_s                                0x00000000   Number         0  stubs.o ABSOLUTE
    _printf_sizespec                         0x00000000   Number         0  stubs.o ABSOLUTE
    _printf_str                              0x00000000   Number         0  stubs.o ABSOLUTE
    _printf_truncate_signed                  0x00000000   Number         0  stubs.o ABSOLUTE
    _printf_truncate_unsigned                0x00000000   Number         0  stubs.o ABSOLUTE
    _printf_u                                0x00000000   Number         0  stubs.o ABSOLUTE
    _printf_wc                               0x00000000   Number         0  stubs.o ABSOLUTE
    _printf_wctomb                           0x00000000   Number         0  stubs.o ABSOLUTE
    _printf_widthprec                        0x00000000   Number         0  stubs.o ABSOLUTE
    _printf_x                                0x00000000   Number         0  stubs.o ABSOLUTE
    __arm_fini_                               - Undefined Weak Reference
    __cpp_initialize__aeabi_                  - Undefined Weak Reference
    __cxa_finalize                            - Undefined Weak Reference
    _clock_init                               - Undefined Weak Reference
    _microlib_exit                            - Undefined Weak Reference
    __Vectors_Size                           0x0000018c   Number         0  startup_stm32l432xx.o ABSOLUTE
    __Vectors                                0x08000000   Data           4  startup_stm32l432xx.o(RESET)
    __Vectors_End                            0x0800018c   Data           0  startup_stm32l432xx.o(RESET)
    __main                                   0x0800018d   Thumb Code     0  entry.o(.ARM.Collect$$$$00000000)
    _main_stk                                0x0800018d   Thumb Code     0  entry2.o(.ARM.Collect$$$$00000001)
    _main_scatterload                        0x08000191   Thumb Code     0  entry5.o(.ARM.Collect$$$$00000004)
    __main_after_scatterload                 0x08000195   Thumb Code     0  entry5.o(.ARM.Collect$$$$00000004)
    _main_clock                              0x08000195   Thumb Code     0  entry7b.o(.ARM.Collect$$$$00000008)
    _main_cpp_init                           0x08000195   Thumb Code     0  entry8b.o(.ARM.Collect$$$$0000000A)
    _main_init                               0x08000195   Thumb Code     0  entry9a.o(.ARM.Collect$$$$0000000B)
    __rt_lib_shutdown_fini                   0x0800019d   Thumb Code     0  entry12b.o(.ARM.Collect$$$$0000000E)
    __rt_final_cpp                           0x080001a1   Thumb Code     0  entry10a.o(.ARM.Collect$$$$0000000F)
    __rt_final_exit                          0x080001a1   Thumb Code     0  entry11a.o(.ARM.Collect$$$$00000011)
    Reset_Handler                            0x080001a5   Thumb Code     8  startup_stm32l432xx.o(.text)
    ADC1_IRQHandler                          0x080001bf   Thumb Code     0  startup_stm32l432xx.o(.text)
    CAN1_RX0_IRQHandler                      0x080001bf   Thumb Code     0  startup_stm32l432xx.o(.text)
    CAN1_RX1_IRQHandler                      0x080001bf   Thumb Code     0  startup_stm32l432xx.o(.text)
    CAN1_SCE_IRQHandler                      0x080001bf   Thumb Code     0  startup_stm32l432xx.o(.text)
    CAN1_TX_IRQHandler                       0x080001bf   Thumb Code     0  startup_stm32l432xx.o(.text)
    COMP_IRQHandler                          0x080001bf   Thumb Code     0  startup_stm32l432xx.o(.text)
    CRS_IRQHandler                           0x080001bf   Thumb Code     0  startup_stm32l432xx.o(.text)
    DMA1_Channel1_IRQHandler                 0x080001bf   Thumb Code     0  startup_stm32l432xx.o(.text)
    DMA1_Channel2_IRQHandler                 0x080001bf   Thumb Code     0  startup_stm32l432xx.o(.text)
    DMA1_Channel3_IRQHandler                 0x080001bf   Thumb Code     0  startup_stm32l432xx.o(.text)
    DMA1_Channel4_IRQHandler                 0x080001bf   Thumb Code     0  startup_stm32l432xx.o(.text)
    DMA1_Channel5_IRQHandler                 0x080001bf   Thumb Code     0  startup_stm32l432xx.o(.text)
    DMA1_Channel6_IRQHandler                 0x080001bf   Thumb Code     0  startup_stm32l432xx.o(.text)
    DMA1_Channel7_IRQHandler                 0x080001bf   Thumb Code     0  startup_stm32l432xx.o(.text)
    DMA2_Channel1_IRQHandler                 0x080001bf   Thumb Code     0  startup_stm32l432xx.o(.text)
    DMA2_Channel2_IRQHandler                 0x080001bf   Thumb Code     0  startup_stm32l432xx.o(.text)
    DMA2_Channel3_IRQHandler                 0x080001bf   Thumb Code     0  startup_stm32l432xx.o(.text)
    DMA2_Channel4_IRQHandler                 0x080001bf   Thumb Code     0  startup_stm32l432xx.o(.text)
    DMA2_Channel5_IRQHandler                 0x080001bf   Thumb Code     0  startup_stm32l432xx.o(.text)
    DMA2_Channel6_IRQHandler                 0x080001bf   Thumb Code     0  startup_stm32l432xx.o(.text)
    DMA2_Channel7_IRQHandler                 0x080001bf   Thumb Code     0  startup_stm32l432xx.o(.text)
    EXTI0_IRQHandler                         0x080001bf   Thumb Code     0  startup_stm32l432xx.o(.text)
    EXTI15_10_IRQHandler                     0x080001bf   Thumb Code     0  startup_stm32l432xx.o(.text)
    EXTI2_IRQHandler                         0x080001bf   Thumb Code     0  startup_stm32l432xx.o(.text)
    EXTI3_IRQHandler                         0x080001bf   Thumb Code     0  startup_stm32l432xx.o(.text)
    EXTI4_IRQHandler                         0x080001bf   Thumb Code     0  startup_stm32l432xx.o(.text)
    EXTI9_5_IRQHandler                       0x080001bf   Thumb Code     0  startup_stm32l432xx.o(.text)
    FLASH_IRQHandler                         0x080001bf   Thumb Code     0  startup_stm32l432xx.o(.text)
    FPU_IRQHandler                           0x080001bf   Thumb Code     0  startup_stm32l432xx.o(.text)
    I2C1_ER_IRQHandler                       0x080001bf   Thumb Code     0  startup_stm32l432xx.o(.text)
    I2C1_EV_IRQHandler                       0x080001bf   Thumb Code     0  startup_stm32l432xx.o(.text)
    I2C3_ER_IRQHandler                       0x080001bf   Thumb Code     0  startup_stm32l432xx.o(.text)
    I2C3_EV_IRQHandler                       0x080001bf   Thumb Code     0  startup_stm32l432xx.o(.text)
    LPTIM1_IRQHandler                        0x080001bf   Thumb Code     0  startup_stm32l432xx.o(.text)
    LPTIM2_IRQHandler                        0x080001bf   Thumb Code     0  startup_stm32l432xx.o(.text)
    LPUART1_IRQHandler                       0x080001bf   Thumb Code     0  startup_stm32l432xx.o(.text)
    PVD_PVM_IRQHandler                       0x080001bf   Thumb Code     0  startup_stm32l432xx.o(.text)
    QUADSPI_IRQHandler                       0x080001bf   Thumb Code     0  startup_stm32l432xx.o(.text)
    RCC_IRQHandler                           0x080001bf   Thumb Code     0  startup_stm32l432xx.o(.text)
    RNG_IRQHandler                           0x080001bf   Thumb Code     0  startup_stm32l432xx.o(.text)
    RTC_Alarm_IRQHandler                     0x080001bf   Thumb Code     0  startup_stm32l432xx.o(.text)
    RTC_WKUP_IRQHandler                      0x080001bf   Thumb Code     0  startup_stm32l432xx.o(.text)
    SAI1_IRQHandler                          0x080001bf   Thumb Code     0  startup_stm32l432xx.o(.text)
    SPI1_IRQHandler                          0x080001bf   Thumb Code     0  startup_stm32l432xx.o(.text)
    SPI3_IRQHandler                          0x080001bf   Thumb Code     0  startup_stm32l432xx.o(.text)
    SWPMI1_IRQHandler                        0x080001bf   Thumb Code     0  startup_stm32l432xx.o(.text)
    TAMP_STAMP_IRQHandler                    0x080001bf   Thumb Code     0  startup_stm32l432xx.o(.text)
    TIM1_BRK_TIM15_IRQHandler                0x080001bf   Thumb Code     0  startup_stm32l432xx.o(.text)
    TIM1_CC_IRQHandler                       0x080001bf   Thumb Code     0  startup_stm32l432xx.o(.text)
    TIM1_TRG_COM_IRQHandler                  0x080001bf   Thumb Code     0  startup_stm32l432xx.o(.text)
    TIM1_UP_TIM16_IRQHandler                 0x080001bf   Thumb Code     0  startup_stm32l432xx.o(.text)
    TIM2_IRQHandler                          0x080001bf   Thumb Code     0  startup_stm32l432xx.o(.text)
    TIM6_DAC_IRQHandler                      0x080001bf   Thumb Code     0  startup_stm32l432xx.o(.text)
    TIM7_IRQHandler                          0x080001bf   Thumb Code     0  startup_stm32l432xx.o(.text)
    TSC_IRQHandler                           0x080001bf   Thumb Code     0  startup_stm32l432xx.o(.text)
    USART1_IRQHandler                        0x080001bf   Thumb Code     0  startup_stm32l432xx.o(.text)
    USB_IRQHandler                           0x080001bf   Thumb Code     0  startup_stm32l432xx.o(.text)
    WWDG_IRQHandler                          0x080001bf   Thumb Code     0  startup_stm32l432xx.o(.text)
    __aeabi_uldivmod                         0x080001c9   Thumb Code    98  uldiv.o(.text)
    ___aeabi_memcpy8$move                    0x08000231   Thumb Code     0  memmovea.o(.text)
    __aeabi_memcpy                           0x08000231   Thumb Code    64  memmovea.o(.text)
    __aeabi_memcpy4                          0x08000231   Thumb Code     0  memmovea.o(.text)
    __aeabi_memmove                          0x08000231   Thumb Code     0  memmovea.o(.text)
    __aeabi_memmove4                         0x08000231   Thumb Code     0  memmovea.o(.text)
    __aeabi_memmove8                         0x08000231   Thumb Code     0  memmovea.o(.text)
    __aeabi_memset                           0x08000271   Thumb Code    14  memseta.o(.text)
    __aeabi_memset4                          0x08000271   Thumb Code     0  memseta.o(.text)
    __aeabi_memset8                          0x08000271   Thumb Code     0  memseta.o(.text)
    __aeabi_memclr                           0x0800027f   Thumb Code     4  memseta.o(.text)
    __aeabi_memclr4                          0x0800027f   Thumb Code     0  memseta.o(.text)
    __aeabi_memclr8                          0x0800027f   Thumb Code     0  memseta.o(.text)
    _memset$wrapper                          0x08000283   Thumb Code    18  memseta.o(.text)
    memcmp                                   0x08000295   Thumb Code    26  memcmp.o(.text)
    __aeabi_dadd                             0x080002af   Thumb Code   322  dadd.o(.text)
    __aeabi_dsub                             0x080003f1   Thumb Code     6  dadd.o(.text)
    __aeabi_drsub                            0x080003f7   Thumb Code     6  dadd.o(.text)
    __aeabi_dmul                             0x0800040d   Thumb Code   228  dmul.o(.text)
    __aeabi_ddiv                             0x080004f7   Thumb Code   222  ddiv.o(.text)
    __aeabi_i2d                              0x080005d5   Thumb Code    34  dflti.o(.text)
    __aeabi_f2d                              0x080005f7   Thumb Code    38  f2d.o(.text)
    __aeabi_cdcmpeq                          0x0800061d   Thumb Code     0  cdcmple.o(.text)
    __aeabi_cdcmple                          0x0800061d   Thumb Code    48  cdcmple.o(.text)
    __aeabi_cdrcmple                         0x0800064d   Thumb Code    48  cdrcmple.o(.text)
    __aeabi_d2f                              0x0800067d   Thumb Code    56  d2f.o(.text)
    __aeabi_uidiv                            0x080006b5   Thumb Code     0  uidiv.o(.text)
    __aeabi_uidivmod                         0x080006b5   Thumb Code    44  uidiv.o(.text)
    __aeabi_llsl                             0x080006e1   Thumb Code    30  llshl.o(.text)
    _ll_shift_l                              0x080006e1   Thumb Code     0  llshl.o(.text)
    __aeabi_llsr                             0x080006ff   Thumb Code    32  llushr.o(.text)
    _ll_ushift_r                             0x080006ff   Thumb Code     0  llushr.o(.text)
    __aeabi_lasr                             0x0800071f   Thumb Code    36  llsshr.o(.text)
    _ll_sshift_r                             0x0800071f   Thumb Code     0  llsshr.o(.text)
    __I$use$fp                               0x08000743   Thumb Code     0  iusefp.o(.text)
    _float_round                             0x08000743   Thumb Code    18  fepilogue.o(.text)
    _float_epilogue                          0x08000755   Thumb Code    92  fepilogue.o(.text)
    _double_round                            0x080007b1   Thumb Code    30  depilogue.o(.text)
    _double_epilogue                         0x080007cf   Thumb Code   156  depilogue.o(.text)
    __ARM_scalbn                             0x0800086b   Thumb Code    46  dscalb.o(.text)
    scalbn                                   0x0800086b   Thumb Code     0  dscalb.o(.text)
    _dsqrt                                   0x08000899   Thumb Code   162  dsqrt.o(.text)
    __scatterload                            0x0800093d   Thumb Code    28  init.o(.text)
    __scatterload_rt2                        0x0800093d   Thumb Code     0  init.o(.text)
    __decompress                             0x08000961   Thumb Code     0  __dczerorl2.o(.text)
    __decompress1                            0x08000961   Thumb Code    86  __dczerorl2.o(.text)
    BusFault_Handler                         0x08000ab9   Thumb Code     4  stm32l4xx_it.o(i.BusFault_Handler)
    DebugMon_Handler                         0x08000b1d   Thumb Code     2  stm32l4xx_it.o(i.DebugMon_Handler)
    EXTI1_IRQHandler                         0x08000b1f   Thumb Code    10  stm32l4xx_it.o(i.EXTI1_IRQHandler)
    Error_Handler                            0x08000b29   Thumb Code     6  main.o(i.Error_Handler)
    HAL_CRCEx_Polynomial_Set                 0x08000b2f   Thumb Code   102  stm32l4xx_hal_crc_ex.o(i.HAL_CRCEx_Polynomial_Set)
    HAL_CRC_Init                             0x08000b95   Thumb Code   128  stm32l4xx_hal_crc.o(i.HAL_CRC_Init)
    HAL_CRC_MspInit                          0x08000c19   Thumb Code    40  crc.o(i.HAL_CRC_MspInit)
    HAL_DMA_Abort                            0x08000c49   Thumb Code    90  stm32l4xx_hal_dma.o(i.HAL_DMA_Abort)
    HAL_DMA_Abort_IT                         0x08000ca3   Thumb Code    92  stm32l4xx_hal_dma.o(i.HAL_DMA_Abort_IT)
    HAL_Delay                                0x08000d01   Thumb Code    36  stm32l4xx_hal.o(i.HAL_Delay)
    HAL_GPIO_EXTI_Callback                   0x08000d29   Thumb Code    20  main.o(i.HAL_GPIO_EXTI_Callback)
    HAL_GPIO_EXTI_IRQHandler                 0x08000d45   Thumb Code    24  stm32l4xx_hal_gpio.o(i.HAL_GPIO_EXTI_IRQHandler)
    HAL_GPIO_Init                            0x08000d61   Thumb Code   398  stm32l4xx_hal_gpio.o(i.HAL_GPIO_Init)
    HAL_GetTick                              0x08000f05   Thumb Code     6  stm32l4xx_hal.o(i.HAL_GetTick)
    HAL_I2CEx_ConfigAnalogFilter             0x08000f11   Thumb Code   106  stm32l4xx_hal_i2c_ex.o(i.HAL_I2CEx_ConfigAnalogFilter)
    HAL_I2CEx_ConfigDigitalFilter            0x08000f7b   Thumb Code   104  stm32l4xx_hal_i2c_ex.o(i.HAL_I2CEx_ConfigDigitalFilter)
    HAL_I2C_Init                             0x08000fe5   Thumb Code   192  stm32l4xx_hal_i2c.o(i.HAL_I2C_Init)
    HAL_I2C_Mem_Read                         0x080010a9   Thumb Code   408  stm32l4xx_hal_i2c.o(i.HAL_I2C_Mem_Read)
    HAL_I2C_Mem_Write                        0x08001251   Thumb Code   402  stm32l4xx_hal_i2c.o(i.HAL_I2C_Mem_Write)
    HAL_I2C_MspInit                          0x080013f1   Thumb Code   310  i2c.o(i.HAL_I2C_MspInit)
    HAL_IncTick                              0x08001539   Thumb Code    16  stm32l4xx_hal.o(i.HAL_IncTick)
    HAL_Init                                 0x08001551   Thumb Code    30  stm32l4xx_hal.o(i.HAL_Init)
    HAL_InitTick                             0x08001571   Thumb Code    74  stm32l4xx_hal.o(i.HAL_InitTick)
    HAL_MspInit                              0x080015c9   Thumb Code    58  stm32l4xx_hal_msp.o(i.HAL_MspInit)
    HAL_NVIC_EnableIRQ                       0x08001609   Thumb Code    40  stm32l4xx_hal_cortex.o(i.HAL_NVIC_EnableIRQ)
    HAL_NVIC_SetPriority                     0x08001631   Thumb Code   124  stm32l4xx_hal_cortex.o(i.HAL_NVIC_SetPriority)
    HAL_NVIC_SetPriorityGrouping             0x080016b5   Thumb Code    32  stm32l4xx_hal_cortex.o(i.HAL_NVIC_SetPriorityGrouping)
    HAL_PWREx_ControlVoltageScaling          0x080016dd   Thumb Code   128  stm32l4xx_hal_pwr_ex.o(i.HAL_PWREx_ControlVoltageScaling)
    HAL_PWREx_GetVoltageRange                0x08001769   Thumb Code    10  stm32l4xx_hal_pwr_ex.o(i.HAL_PWREx_GetVoltageRange)
    HAL_RCCEx_PeriphCLKConfig                0x08001779   Thumb Code   834  stm32l4xx_hal_rcc_ex.o(i.HAL_RCCEx_PeriphCLKConfig)
    HAL_RCC_ClockConfig                      0x08001ac5   Thumb Code   414  stm32l4xx_hal_rcc.o(i.HAL_RCC_ClockConfig)
    HAL_RCC_GetHCLKFreq                      0x08001c79   Thumb Code     6  stm32l4xx_hal_rcc.o(i.HAL_RCC_GetHCLKFreq)
    HAL_RCC_GetPCLK1Freq                     0x08001c85   Thumb Code    26  stm32l4xx_hal_rcc.o(i.HAL_RCC_GetPCLK1Freq)
    HAL_RCC_GetPCLK2Freq                     0x08001ca9   Thumb Code    26  stm32l4xx_hal_rcc.o(i.HAL_RCC_GetPCLK2Freq)
    HAL_RCC_GetSysClockFreq                  0x08001ccd   Thumb Code   220  stm32l4xx_hal_rcc.o(i.HAL_RCC_GetSysClockFreq)
    HAL_RCC_OscConfig                        0x08001db9   Thumb Code  1856  stm32l4xx_hal_rcc.o(i.HAL_RCC_OscConfig)
    HAL_SYSTICK_Config                       0x08002509   Thumb Code    52  stm32l4xx_hal_cortex.o(i.HAL_SYSTICK_Config)
    HAL_UARTEx_RxEventCallback               0x0800253d   Thumb Code     2  stm32l4xx_hal_uart.o(i.HAL_UARTEx_RxEventCallback)
    HAL_UARTEx_WakeupCallback                0x0800253f   Thumb Code     2  stm32l4xx_hal_uart_ex.o(i.HAL_UARTEx_WakeupCallback)
    HAL_UART_ErrorCallback                   0x08002541   Thumb Code     2  stm32l4xx_hal_uart.o(i.HAL_UART_ErrorCallback)
    HAL_UART_IRQHandler                      0x08002545   Thumb Code   832  stm32l4xx_hal_uart.o(i.HAL_UART_IRQHandler)
    HAL_UART_Init                            0x0800288d   Thumb Code   116  stm32l4xx_hal_uart.o(i.HAL_UART_Init)
    HAL_UART_MspInit                         0x08002901   Thumb Code   154  usart.o(i.HAL_UART_MspInit)
    HAL_UART_Transmit                        0x080029a5   Thumb Code   210  stm32l4xx_hal_uart.o(i.HAL_UART_Transmit)
    HAL_UART_TxCpltCallback                  0x08002a7d   Thumb Code     2  stm32l4xx_hal_uart.o(i.HAL_UART_TxCpltCallback)
    HardFault_Handler                        0x08002a7f   Thumb Code     4  stm32l4xx_it.o(i.HardFault_Handler)
    MX_CRC_Init                              0x08002e3d   Thumb Code    42  crc.o(i.MX_CRC_Init)
    MX_GPIO_Init                             0x08002e71   Thumb Code   108  gpio.o(i.MX_GPIO_Init)
    MX_I2C1_Init                             0x08002ee5   Thumb Code    74  i2c.o(i.MX_I2C1_Init)
    MX_I2C3_Init                             0x08002f3d   Thumb Code    74  i2c.o(i.MX_I2C3_Init)
    MX_USART2_UART_Init                      0x08002f95   Thumb Code    56  usart.o(i.MX_USART2_UART_Init)
    MemManage_Handler                        0x08002fd5   Thumb Code     4  stm32l4xx_it.o(i.MemManage_Handler)
    NMI_Handler                              0x08002fd9   Thumb Code     4  stm32l4xx_it.o(i.NMI_Handler)
    PendSV_Handler                           0x08002fdd   Thumb Code     2  stm32l4xx_it.o(i.PendSV_Handler)
    SVC_Handler                              0x08003205   Thumb Code     2  stm32l4xx_it.o(i.SVC_Handler)
    SysTick_Handler                          0x08003207   Thumb Code     8  stm32l4xx_it.o(i.SysTick_Handler)
    SystemClock_Config                       0x0800320f   Thumb Code   120  main.o(i.SystemClock_Config)
    SystemInit                               0x08003289   Thumb Code    14  system_stm32l4xx.o(i.SystemInit)
    UART_AdvFeatureConfig                    0x0800329d   Thumb Code   248  stm32l4xx_hal_uart.o(i.UART_AdvFeatureConfig)
    UART_CheckIdleState                      0x08003395   Thumb Code   114  stm32l4xx_hal_uart.o(i.UART_CheckIdleState)
    UART_SetConfig                           0x080034b1   Thumb Code   668  stm32l4xx_hal_uart.o(i.UART_SetConfig)
    UART_WaitOnFlagUntilTimeout              0x0800376b   Thumb Code   248  stm32l4xx_hal_uart.o(i.UART_WaitOnFlagUntilTimeout)
    USART2_IRQHandler                        0x08003865   Thumb Code    10  stm32l4xx_it.o(i.USART2_IRQHandler)
    UsageFault_Handler                       0x08003875   Thumb Code     4  stm32l4xx_it.o(i.UsageFault_Handler)
    __0printf$1                              0x08003879   Thumb Code    22  printf1.o(i.__0printf$1)
    __1printf$1                              0x08003879   Thumb Code     0  printf1.o(i.__0printf$1)
    __2printf                                0x08003879   Thumb Code     0  printf1.o(i.__0printf$1)
    __ARM_fpclassify                         0x08003899   Thumb Code    48  fpclassify.o(i.__ARM_fpclassify)
    __ARM_fpclassifyf                        0x080038c9   Thumb Code    38  fpclassifyf.o(i.__ARM_fpclassifyf)
    free                                     0x08003a21   Thumb Code    88  mallocr.o(i.__free$realloc)
    __hardfp_expf                            0x08003a7d   Thumb Code   426  expf.o(i.__hardfp_expf)
    __mathlib_expf                           0x08003a7d   Thumb Code     0  expf.o(i.__hardfp_expf)
    __hardfp_fabs                            0x08003c65   Thumb Code    20  fabs.o(i.__hardfp_fabs)
    __hardfp_pow                             0x08003c79   Thumb Code  3072  pow.o(i.__hardfp_pow)
    __hardfp_sqrt                            0x080048f9   Thumb Code   122  sqrt.o(i.__hardfp_sqrt)
    __kernel_poly                            0x08004973   Thumb Code   248  poly.o(i.__kernel_poly)
    malloc                                   0x08004a6d   Thumb Code    64  mallocr.o(i.__malloc$realloc)
    __mathlib_dbl_divzero                    0x08004ac1   Thumb Code    28  dunder.o(i.__mathlib_dbl_divzero)
    __mathlib_dbl_infnan2                    0x08004af1   Thumb Code    20  dunder.o(i.__mathlib_dbl_infnan2)
    __mathlib_dbl_invalid                    0x08004b09   Thumb Code    24  dunder.o(i.__mathlib_dbl_invalid)
    __mathlib_dbl_overflow                   0x08004b29   Thumb Code    24  dunder.o(i.__mathlib_dbl_overflow)
    __mathlib_dbl_underflow                  0x08004b49   Thumb Code    24  dunder.o(i.__mathlib_dbl_underflow)
    __mathlib_flt_infnan                     0x08004b69   Thumb Code     6  funder.o(i.__mathlib_flt_infnan)
    __mathlib_flt_overflow                   0x08004b71   Thumb Code    10  funder.o(i.__mathlib_flt_overflow)
    __mathlib_flt_underflow                  0x08004b81   Thumb Code    10  funder.o(i.__mathlib_flt_underflow)
    __scatterload_copy                       0x08004b91   Thumb Code    14  handlers.o(i.__scatterload_copy)
    __scatterload_null                       0x08004b9f   Thumb Code     2  handlers.o(i.__scatterload_null)
    __scatterload_zeroinit                   0x08004ba1   Thumb Code    14  handlers.o(i.__scatterload_zeroinit)
    __set_errno                              0x08004bb1   Thumb Code     6  errno.o(i.__set_errno)
    _ai_platform_acquire_crc                 0x08004de3   Thumb Code     4  ai_platform_interface.o(i._ai_platform_acquire_crc)
    _ai_platform_release_crc                 0x08004ecf   Thumb Code     2  ai_platform_interface.o(i._ai_platform_release_crc)
    ai_array_get_byte_size                   0x08005603   Thumb Code    54  ai_datatypes_format.o(i.ai_array_get_byte_size)
    ai_array_get_data_byte_size              0x08005639   Thumb Code    30  ai_datatypes_format.o(i.ai_array_get_data_byte_size)
    ai_array_to_buffer_fmt                   0x08005659   Thumb Code   242  ai_datatypes_format.o(i.ai_array_to_buffer_fmt)
    ai_buffer_array_item_set_address         0x08005781   Thumb Code    36  ai_platform.o(i.ai_buffer_array_item_set_address)
    ai_buffer_array_sane                     0x080057a5   Thumb Code    18  ai_platform.o(i.ai_buffer_array_sane)
    ai_buffer_get_size                       0x080057b9   Thumb Code    96  ai_platform.o(i.ai_buffer_get_size)
    ai_check_custom_types                    0x08005821   Thumb Code    38  layers.o(i.ai_check_custom_types)
    ai_conv2d_kernel_simple_opt_f32          0x0800584d   Thumb Code   386  forward_lite_conv2d_if32of32wf32.o(i.ai_conv2d_kernel_simple_opt_f32)
    ai_dict_decompress_f32                   0x080059d5   Thumb Code   122  layers_conv2d_generic_float.o(i.ai_dict_decompress_f32)
    ai_layers_forward_all                    0x08005a4f   Thumb Code    80  layers.o(i.ai_layers_forward_all)
    ai_layers_init_all                       0x08005a9f   Thumb Code    30  layers.o(i.ai_layers_init_all)
    ai_layers_post_init_all                  0x08005abd   Thumb Code    54  layers.o(i.ai_layers_post_init_all)
    ai_network_create                        0x08005af5   Thumb Code    30  network.o(i.ai_network_create)
    ai_network_create_and_init               0x08005b19   Thumb Code   130  network.o(i.ai_network_create_and_init)
    ai_network_data_params_get               0x08005b9d   Thumb Code    42  network_data.o(i.ai_network_data_params_get)
    ai_network_get_error                     0x08005bcd   Thumb Code    14  network.o(i.ai_network_get_error)
    ai_network_init                          0x08005bdb   Thumb Code    60  network.o(i.ai_network_init)
    ai_network_inputs_get                    0x08005c19   Thumb Code    24  network.o(i.ai_network_inputs_get)
    ai_network_outputs_get                   0x08005c39   Thumb Code    24  network.o(i.ai_network_outputs_get)
    ai_network_run                           0x08005c59   Thumb Code    20  network.o(i.ai_network_run)
    ai_platform_bind_network_params          0x08005c6d   Thumb Code    38  ai_platform_interface.o(i.ai_platform_bind_network_params)
    ai_platform_context_acquire              0x08005c99   Thumb Code    24  ai_platform_interface.o(i.ai_platform_context_acquire)
    ai_platform_get_activations_map          0x08005cb5   Thumb Code    38  ai_platform_interface.o(i.ai_platform_get_activations_map)
    ai_platform_get_weights_map              0x08005ce1   Thumb Code    36  ai_platform_interface.o(i.ai_platform_get_weights_map)
    ai_platform_inputs_get                   0x08005d09   Thumb Code    66  ai_platform_interface.o(i.ai_platform_inputs_get)
    ai_platform_interface_api_get_version    0x08005d4d   Thumb Code    14  ai_platform_interface.o(i.ai_platform_interface_api_get_version)
    ai_platform_network_create               0x08005d61   Thumb Code   240  ai_platform_interface.o(i.ai_platform_network_create)
    ai_platform_network_get_error            0x08005e71   Thumb Code    24  ai_platform_interface.o(i.ai_platform_network_get_error)
    ai_platform_network_init                 0x08005e8d   Thumb Code   254  ai_platform_interface.o(i.ai_platform_network_init)
    ai_platform_network_post_init            0x08005f9f   Thumb Code    70  ai_platform_interface.o(i.ai_platform_network_post_init)
    ai_platform_network_process              0x08005fe5   Thumb Code    84  ai_platform_interface.o(i.ai_platform_network_process)
    ai_platform_network_set_error            0x08006039   Thumb Code    12  ai_platform_interface.o(i.ai_platform_network_set_error)
    ai_platform_outputs_get                  0x08006045   Thumb Code    72  ai_platform_interface.o(i.ai_platform_outputs_get)
    ai_version_get                           0x080060a7   Thumb Code    12  ai_datatypes_internal.o(i.ai_version_get)
    argmax_threshold                         0x080060ef   Thumb Code    46  main.o(i.argmax_threshold)
    core_get_error                           0x0800611d   Thumb Code    12  core_common.o(i.core_get_error)
    core_init                                0x08006129   Thumb Code     4  core_common.o(i.core_init)
    core_set_error                           0x0800612d   Thumb Code    26  core_common.o(i.core_set_error)
    drawLineWithYCoords                      0x08006149   Thumb Code   162  main.o(i.drawLineWithYCoords)
    fabs                                     0x08006207   Thumb Code    24  fabs.o(i.fabs)
    forward_conv2d_if32of32wf32              0x0800621f   Thumb Code   458  layers_conv2d_generic_float.o(i.forward_conv2d_if32of32wf32)
    forward_dense                            0x080063f1   Thumb Code   488  layers_conv2d_generic_float.o(i.forward_dense)
    forward_lite_conv2d_if32of32wf32         0x080065e5   Thumb Code   362  forward_lite_conv2d_if32of32wf32.o(i.forward_lite_conv2d_if32of32wf32)
    forward_lite_dense_if32of32wf32          0x0800675d   Thumb Code   120  lite_dense_if32.o(i.forward_lite_dense_if32of32wf32)
    forward_relu                             0x080067e1   Thumb Code   202  layers_nl_generic_float.o(i.forward_relu)
    forward_sm                               0x080068b1   Thumb Code   112  layers_nl_generic_float.o(i.forward_sm)
    fputc                                    0x08006921   Thumb Code    22  main.o(i.fputc)
    get_tensor_byte_size                     0x0800693d   Thumb Code    34  ai_datatypes_internal.o(i.get_tensor_byte_size)
    get_values                               0x08006965   Thumb Code    70  main.o(i.get_values)
    lsm6dsl_acceleration_raw_get             0x08006a11   Thumb Code    84  lsm6dsl_reg.o(i.lsm6dsl_acceleration_raw_get)
    lsm6dsl_block_data_update_set            0x08006a65   Thumb Code    50  lsm6dsl_reg.o(i.lsm6dsl_block_data_update_set)
    lsm6dsl_device_id_get                    0x08006a97   Thumb Code    24  lsm6dsl_reg.o(i.lsm6dsl_device_id_get)
    lsm6dsl_pin_int1_route_get               0x08006aaf   Thumb Code   330  lsm6dsl_reg.o(i.lsm6dsl_pin_int1_route_get)
    lsm6dsl_pin_int1_route_set               0x08006bf9   Thumb Code   616  lsm6dsl_reg.o(i.lsm6dsl_pin_int1_route_set)
    lsm6dsl_read_reg                         0x08006e61   Thumb Code    34  lsm6dsl_reg.o(i.lsm6dsl_read_reg)
    lsm6dsl_write_reg                        0x08006e83   Thumb Code    34  lsm6dsl_reg.o(i.lsm6dsl_write_reg)
    lsm6dsl_xl_data_rate_set                 0x08006ea5   Thumb Code    50  lsm6dsl_reg.o(i.lsm6dsl_xl_data_rate_set)
    lsm6dsl_xl_full_scale_set                0x08006ed7   Thumb Code    50  lsm6dsl_reg.o(i.lsm6dsl_xl_full_scale_set)
    main                                     0x08006f09   Thumb Code   380  main.o(i.main)
    normalize                                0x08007399   Thumb Code   304  main.o(i.normalize)
    scaleToRange                             0x08007545   Thumb Code    50  main.o(i.scaleToRange)
    shiftArray                               0x08007577   Thumb Code    28  main.o(i.shiftArray)
    sqrt                                     0x08007593   Thumb Code   110  sqrt.o(i.sqrt)
    ssd1306_DrawPixel                        0x08007601   Thumb Code   136  ssd1306.o(i.ssd1306_DrawPixel)
    ssd1306_Fill                             0x0800768d   Thumb Code    26  ssd1306.o(i.ssd1306_Fill)
    ssd1306_Init                             0x080076ad   Thumb Code   198  ssd1306.o(i.ssd1306_Init)
    ssd1306_Line                             0x08007779   Thumb Code   140  ssd1306.o(i.ssd1306_Line)
    ssd1306_Reset                            0x0800780b   Thumb Code     2  ssd1306.o(i.ssd1306_Reset)
    ssd1306_SetContrast                      0x0800780d   Thumb Code    20  ssd1306.o(i.ssd1306_SetContrast)
    ssd1306_SetCursor                        0x08007821   Thumb Code     8  ssd1306.o(i.ssd1306_SetCursor)
    ssd1306_SetDisplayOn                     0x0800782d   Thumb Code    32  ssd1306.o(i.ssd1306_SetDisplayOn)
    ssd1306_UpdateScreen                     0x08007851   Thumb Code    52  ssd1306.o(i.ssd1306_UpdateScreen)
    ssd1306_WriteChar                        0x08007889   Thumb Code   184  ssd1306.o(i.ssd1306_WriteChar)
    ssd1306_WriteCommand                     0x08007945   Thumb Code    34  ssd1306.o(i.ssd1306_WriteCommand)
    ssd1306_WriteData                        0x0800796d   Thumb Code    32  ssd1306.o(i.ssd1306_WriteData)
    ssd1306_WriteString                      0x08007991   Thumb Code    44  ssd1306.o(i.ssd1306_WriteString)
    st_int8_copy                             0x080079bd   Thumb Code   144  st_int8_fill.o(i.st_int8_copy)
    strum_trigger                            0x08007a4d   Thumb Code   836  main.o(i.strum_trigger)
    AHBPrescTable                            0x0800bd98   Data          16  system_stm32l4xx.o(.constdata)
    APBPrescTable                            0x0800bda8   Data           8  system_stm32l4xx.o(.constdata)
    MSIRangeTable                            0x0800bdb0   Data          48  system_stm32l4xx.o(.constdata)
    s_network_weights_array_u64              0x0800bfc0   Data       197216  network_data_params.o(.constdata)
    __mathlib_zero                           0x0803c348   Data           8  qnan.o(.constdata)
    Region$$Table$$Base                      0x0803c3d0   Number         0  anon$$obj.o(Region$$Table)
    Region$$Table$$Limit                     0x0803c3f0   Number         0  anon$$obj.o(Region$$Table)
    Font_6x8                                 0x20000008   Data           8  ssd1306_fonts.o(.data)
    Font_7x10                                0x20000010   Data           8  ssd1306_fonts.o(.data)
    Font_11x18                               0x20000018   Data           8  ssd1306_fonts.o(.data)
    Font_16x26                               0x20000020   Data           8  ssd1306_fonts.o(.data)
    Font_16x24                               0x20000028   Data           8  ssd1306_fonts.o(.data)
    id                                       0x20000030   Data           1  main.o(.data)
    start                                    0x20000034   Data           4  main.o(.data)
    data_raw                                 0x20000038   Data           6  main.o(.data)
    dataRdyIntReceived                       0x20000040   Data           4  main.o(.data)
    times                                    0x20000044   Data           4  main.o(.data)
    DRAW_POINT                               0x20000048   Data          48  main.o(.data)
    DRAW                                     0x20000078   Data           4  main.o(.data)
    L_DRAW                                   0x2000007c   Data           4  main.o(.data)
    network                                  0x20000080   Data           4  main.o(.data)
    output                                   0x20000084   Data           4  main.o(.data)
    write_index                              0x20000088   Data           4  main.o(.data)
    ai_input                                 0x2000008c   Data           4  main.o(.data)
    ai_output                                0x20000090   Data           4  main.o(.data)
    OUT                                      0x20000094   Data          28  main.o(.data)
    cls                                      0x200000b0   Data           4  main.o(.data)
    uwTick                                   0x200000b4   Data           4  stm32l4xx_hal.o(.data)
    uwTickPrio                               0x200000b8   Data           4  stm32l4xx_hal.o(.data)
    uwTickFreq                               0x200000bc   Data           1  stm32l4xx_hal.o(.data)
    SystemCoreClock                          0x200000c0   Data           4  system_stm32l4xx.o(.data)
    g_network_data_map_activations           0x20000c94   Data          28  network_data.o(.data)
    g_network_data_map_weights               0x20000cb0   Data          28  network_data.o(.data)
    __stdout                                 0x20000ccc   Data           4  stdout.o(.data)
    __microlib_freelist                      0x20000cd0   Data           4  mvars.o(.data)
    __microlib_freelist_initialised          0x20000cd4   Data           4  mvars.o(.data)
    dev_ctx                                  0x200010dc   Data          16  main.o(.bss)
    aiInData                                 0x200010ec   Data         400  main.o(.bss)
    aiOutData                                0x2000127c   Data          28  main.o(.bss)
    activations                              0x20001298   Data        9344  main.o(.bss)
    count                                    0x20003718   Data          28  main.o(.bss)
    hcrc                                     0x20003734   Data          36  crc.o(.bss)
    hi2c1                                    0x20003758   Data          84  i2c.o(.bss)
    hi2c3                                    0x200037ac   Data          84  i2c.o(.bss)
    huart2                                   0x20003800   Data         132  usart.o(.bss)
    __heap_base                              0x20003910   Data           0  startup_stm32l432xx.o(HEAP)
    __heap_limit                             0x20004110   Data           0  startup_stm32l432xx.o(HEAP)
    __initial_sp                             0x20004910   Data           0  startup_stm32l432xx.o(STACK)



==============================================================================

Memory Map of the image

  Image Entry point : 0x0800018d

  Load Region LR_IROM1 (Base: 0x08000000, Size: 0x0003d0cc, Max: 0x00040000, ABSOLUTE, COMPRESSED[0x0003c824])

    Execution Region ER_IROM1 (Exec base: 0x08000000, Load base: 0x08000000, Size: 0x0003c3f0, Max: 0x00040000, ABSOLUTE)

    Exec Addr    Load Addr    Size         Type   Attr      Idx    E Section Name        Object

    0x08000000   0x08000000   0x0000018c   Data   RO            3    RESET               startup_stm32l432xx.o
    0x0800018c   0x0800018c   0x00000000   Code   RO         7619  * .ARM.Collect$$$$00000000  mc_w.l(entry.o)
    0x0800018c   0x0800018c   0x00000004   Code   RO         8024    .ARM.Collect$$$$00000001  mc_w.l(entry2.o)
    0x08000190   0x08000190   0x00000004   Code   RO         8027    .ARM.Collect$$$$00000004  mc_w.l(entry5.o)
    0x08000194   0x08000194   0x00000000   Code   RO         8029    .ARM.Collect$$$$00000008  mc_w.l(entry7b.o)
    0x08000194   0x08000194   0x00000000   Code   RO         8031    .ARM.Collect$$$$0000000A  mc_w.l(entry8b.o)
    0x08000194   0x08000194   0x00000008   Code   RO         8032    .ARM.Collect$$$$0000000B  mc_w.l(entry9a.o)
    0x0800019c   0x0800019c   0x00000004   Code   RO         8039    .ARM.Collect$$$$0000000E  mc_w.l(entry12b.o)
    0x080001a0   0x080001a0   0x00000000   Code   RO         8034    .ARM.Collect$$$$0000000F  mc_w.l(entry10a.o)
    0x080001a0   0x080001a0   0x00000000   Code   RO         8036    .ARM.Collect$$$$00000011  mc_w.l(entry11a.o)
    0x080001a0   0x080001a0   0x00000004   Code   RO         8025    .ARM.Collect$$$$00002712  mc_w.l(entry2.o)
    0x080001a4   0x080001a4   0x00000024   Code   RO            4    .text               startup_stm32l432xx.o
    0x080001c8   0x080001c8   0x00000068   Code   RO         7622    .text               mc_w.l(uldiv.o)
    0x08000230   0x08000230   0x00000040   Code   RO         7626    .text               mc_w.l(memmovea.o)
    0x08000270   0x08000270   0x00000024   Code   RO         7628    .text               mc_w.l(memseta.o)
    0x08000294   0x08000294   0x0000001a   Code   RO         7630    .text               mc_w.l(memcmp.o)
    0x080002ae   0x080002ae   0x0000015e   Code   RO         7925    .text               mf_w.l(dadd.o)
    0x0800040c   0x0800040c   0x000000ea   Code   RO         7927    .text               mf_w.l(dmul.o)
    0x080004f6   0x080004f6   0x000000de   Code   RO         7929    .text               mf_w.l(ddiv.o)
    0x080005d4   0x080005d4   0x00000022   Code   RO         7931    .text               mf_w.l(dflti.o)
    0x080005f6   0x080005f6   0x00000026   Code   RO         7939    .text               mf_w.l(f2d.o)
    0x0800061c   0x0800061c   0x00000030   Code   RO         7941    .text               mf_w.l(cdcmple.o)
    0x0800064c   0x0800064c   0x00000030   Code   RO         7943    .text               mf_w.l(cdrcmple.o)
    0x0800067c   0x0800067c   0x00000038   Code   RO         7945    .text               mf_w.l(d2f.o)
    0x080006b4   0x080006b4   0x0000002c   Code   RO         8041    .text               mc_w.l(uidiv.o)
    0x080006e0   0x080006e0   0x0000001e   Code   RO         8043    .text               mc_w.l(llshl.o)
    0x080006fe   0x080006fe   0x00000020   Code   RO         8045    .text               mc_w.l(llushr.o)
    0x0800071e   0x0800071e   0x00000024   Code   RO         8047    .text               mc_w.l(llsshr.o)
    0x08000742   0x08000742   0x00000000   Code   RO         8058    .text               mc_w.l(iusefp.o)
    0x08000742   0x08000742   0x0000006e   Code   RO         8059    .text               mf_w.l(fepilogue.o)
    0x080007b0   0x080007b0   0x000000ba   Code   RO         8065    .text               mf_w.l(depilogue.o)
    0x0800086a   0x0800086a   0x0000002e   Code   RO         8069    .text               mf_w.l(dscalb.o)
    0x08000898   0x08000898   0x000000a2   Code   RO         8071    .text               mf_w.l(dsqrt.o)
    0x0800093a   0x0800093a   0x00000002   PAD
    0x0800093c   0x0800093c   0x00000024   Code   RO         8077    .text               mc_w.l(init.o)
    0x08000960   0x08000960   0x00000056   Code   RO         8087    .text               mc_w.l(__dczerorl2.o)
    0x080009b6   0x080009b6   0x00000002   PAD
    0x080009b8   0x080009b8   0x00000084   Code   RO         2460    i.AI_Init           main.o
    0x08000a3c   0x08000a3c   0x0000007c   Code   RO         2461    i.AI_Run            main.o
    0x08000ab8   0x08000ab8   0x00000004   Code   RO         2808    i.BusFault_Handler  stm32l4xx_it.o
    0x08000abc   0x08000abc   0x00000060   Code   RO         5873    i.CRC_Lock          NetworkRuntime810_CM4_Keil.lib(ai_platform_interface.o)
    0x08000b1c   0x08000b1c   0x00000002   Code   RO         2809    i.DebugMon_Handler  stm32l4xx_it.o
    0x08000b1e   0x08000b1e   0x0000000a   Code   RO         2810    i.EXTI1_IRQHandler  stm32l4xx_it.o
    0x08000b28   0x08000b28   0x00000006   Code   RO         2462    i.Error_Handler     main.o
    0x08000b2e   0x08000b2e   0x00000066   Code   RO         2992    i.HAL_CRCEx_Polynomial_Set  stm32l4xx_hal_crc_ex.o
    0x08000b94   0x08000b94   0x00000084   Code   RO         2926    i.HAL_CRC_Init      stm32l4xx_hal_crc.o
    0x08000c18   0x08000c18   0x00000030   Code   RO         2677    i.HAL_CRC_MspInit   crc.o
    0x08000c48   0x08000c48   0x0000005a   Code   RO         3820    i.HAL_DMA_Abort     stm32l4xx_hal_dma.o
    0x08000ca2   0x08000ca2   0x0000005c   Code   RO         3821    i.HAL_DMA_Abort_IT  stm32l4xx_hal_dma.o
    0x08000cfe   0x08000cfe   0x00000002   PAD
    0x08000d00   0x08000d00   0x00000028   Code   RO         3033    i.HAL_Delay         stm32l4xx_hal.o
    0x08000d28   0x08000d28   0x0000001c   Code   RO         2463    i.HAL_GPIO_EXTI_Callback  main.o
    0x08000d44   0x08000d44   0x0000001c   Code   RO         3755    i.HAL_GPIO_EXTI_IRQHandler  stm32l4xx_hal_gpio.o
    0x08000d60   0x08000d60   0x000001a4   Code   RO         3756    i.HAL_GPIO_Init     stm32l4xx_hal_gpio.o
    0x08000f04   0x08000f04   0x0000000c   Code   RO         3037    i.HAL_GetTick       stm32l4xx_hal.o
    0x08000f10   0x08000f10   0x0000006a   Code   RO         4952    i.HAL_I2CEx_ConfigAnalogFilter  stm32l4xx_hal_i2c_ex.o
    0x08000f7a   0x08000f7a   0x00000068   Code   RO         4953    i.HAL_I2CEx_ConfigDigitalFilter  stm32l4xx_hal_i2c_ex.o
    0x08000fe2   0x08000fe2   0x00000002   PAD
    0x08000fe4   0x08000fe4   0x000000c4   Code   RO         4491    i.HAL_I2C_Init      stm32l4xx_hal_i2c.o
    0x080010a8   0x080010a8   0x000001a6   Code   RO         4509    i.HAL_I2C_Mem_Read  stm32l4xx_hal_i2c.o
    0x0800124e   0x0800124e   0x00000002   PAD
    0x08001250   0x08001250   0x0000019e   Code   RO         4512    i.HAL_I2C_Mem_Write  stm32l4xx_hal_i2c.o
    0x080013ee   0x080013ee   0x00000002   PAD
    0x080013f0   0x080013f0   0x00000148   Code   RO         2719    i.HAL_I2C_MspInit   i2c.o
    0x08001538   0x08001538   0x00000018   Code   RO         3043    i.HAL_IncTick       stm32l4xx_hal.o
    0x08001550   0x08001550   0x0000001e   Code   RO         3044    i.HAL_Init          stm32l4xx_hal.o
    0x0800156e   0x0800156e   0x00000002   PAD
    0x08001570   0x08001570   0x00000058   Code   RO         3045    i.HAL_InitTick      stm32l4xx_hal.o
    0x080015c8   0x080015c8   0x00000040   Code   RO         2896    i.HAL_MspInit       stm32l4xx_hal_msp.o
    0x08001608   0x08001608   0x00000028   Code   RO         4273    i.HAL_NVIC_EnableIRQ  stm32l4xx_hal_cortex.o
    0x08001630   0x08001630   0x00000082   Code   RO         4279    i.HAL_NVIC_SetPriority  stm32l4xx_hal_cortex.o
    0x080016b2   0x080016b2   0x00000002   PAD
    0x080016b4   0x080016b4   0x00000028   Code   RO         4280    i.HAL_NVIC_SetPriorityGrouping  stm32l4xx_hal_cortex.o
    0x080016dc   0x080016dc   0x0000008c   Code   RO         4047    i.HAL_PWREx_ControlVoltageScaling  stm32l4xx_hal_pwr_ex.o
    0x08001768   0x08001768   0x00000010   Code   RO         4074    i.HAL_PWREx_GetVoltageRange  stm32l4xx_hal_pwr_ex.o
    0x08001778   0x08001778   0x0000034c   Code   RO         3359    i.HAL_RCCEx_PeriphCLKConfig  stm32l4xx_hal_rcc_ex.o
    0x08001ac4   0x08001ac4   0x000001b4   Code   RO         3231    i.HAL_RCC_ClockConfig  stm32l4xx_hal_rcc.o
    0x08001c78   0x08001c78   0x0000000c   Code   RO         3235    i.HAL_RCC_GetHCLKFreq  stm32l4xx_hal_rcc.o
    0x08001c84   0x08001c84   0x00000024   Code   RO         3237    i.HAL_RCC_GetPCLK1Freq  stm32l4xx_hal_rcc.o
    0x08001ca8   0x08001ca8   0x00000024   Code   RO         3238    i.HAL_RCC_GetPCLK2Freq  stm32l4xx_hal_rcc.o
    0x08001ccc   0x08001ccc   0x000000ec   Code   RO         3240    i.HAL_RCC_GetSysClockFreq  stm32l4xx_hal_rcc.o
    0x08001db8   0x08001db8   0x00000750   Code   RO         3243    i.HAL_RCC_OscConfig  stm32l4xx_hal_rcc.o
    0x08002508   0x08002508   0x00000034   Code   RO         4284    i.HAL_SYSTICK_Config  stm32l4xx_hal_cortex.o
    0x0800253c   0x0800253c   0x00000002   Code   RO         5051    i.HAL_UARTEx_RxEventCallback  stm32l4xx_hal_uart.o
    0x0800253e   0x0800253e   0x00000002   Code   RO         5449    i.HAL_UARTEx_WakeupCallback  stm32l4xx_hal_uart_ex.o
    0x08002540   0x08002540   0x00000002   Code   RO         5067    i.HAL_UART_ErrorCallback  stm32l4xx_hal_uart.o
    0x08002542   0x08002542   0x00000002   PAD
    0x08002544   0x08002544   0x00000348   Code   RO         5070    i.HAL_UART_IRQHandler  stm32l4xx_hal_uart.o
    0x0800288c   0x0800288c   0x00000074   Code   RO         5071    i.HAL_UART_Init     stm32l4xx_hal_uart.o
    0x08002900   0x08002900   0x000000a4   Code   RO         2767    i.HAL_UART_MspInit  usart.o
    0x080029a4   0x080029a4   0x000000d8   Code   RO         5080    i.HAL_UART_Transmit  stm32l4xx_hal_uart.o
    0x08002a7c   0x08002a7c   0x00000002   Code   RO         5083    i.HAL_UART_TxCpltCallback  stm32l4xx_hal_uart.o
    0x08002a7e   0x08002a7e   0x00000004   Code   RO         2811    i.HardFault_Handler  stm32l4xx_it.o
    0x08002a82   0x08002a82   0x00000028   Code   RO         4538    i.I2C_Flush_TXDR    stm32l4xx_hal_i2c.o
    0x08002aaa   0x08002aaa   0x00000002   PAD
    0x08002aac   0x08002aac   0x0000014e   Code   RO         4546    i.I2C_IsErrorOccurred  stm32l4xx_hal_i2c.o
    0x08002bfa   0x08002bfa   0x00000002   PAD
    0x08002bfc   0x08002bfc   0x0000007c   Code   RO         4551    i.I2C_RequestMemoryRead  stm32l4xx_hal_i2c.o
    0x08002c78   0x08002c78   0x0000007c   Code   RO         4552    i.I2C_RequestMemoryWrite  stm32l4xx_hal_i2c.o
    0x08002cf4   0x08002cf4   0x00000038   Code   RO         4555    i.I2C_TransferConfig  stm32l4xx_hal_i2c.o
    0x08002d2c   0x08002d2c   0x0000005e   Code   RO         4557    i.I2C_WaitOnFlagUntilTimeout  stm32l4xx_hal_i2c.o
    0x08002d8a   0x08002d8a   0x00000056   Code   RO         4559    i.I2C_WaitOnSTOPFlagUntilTimeout  stm32l4xx_hal_i2c.o
    0x08002de0   0x08002de0   0x0000005a   Code   RO         4560    i.I2C_WaitOnTXISFlagUntilTimeout  stm32l4xx_hal_i2c.o
    0x08002e3a   0x08002e3a   0x00000002   PAD
    0x08002e3c   0x08002e3c   0x00000034   Code   RO         2678    i.MX_CRC_Init       crc.o
    0x08002e70   0x08002e70   0x00000074   Code   RO         2652    i.MX_GPIO_Init      gpio.o
    0x08002ee4   0x08002ee4   0x00000058   Code   RO         2720    i.MX_I2C1_Init      i2c.o
    0x08002f3c   0x08002f3c   0x00000058   Code   RO         2721    i.MX_I2C3_Init      i2c.o
    0x08002f94   0x08002f94   0x00000040   Code   RO         2768    i.MX_USART2_UART_Init  usart.o
    0x08002fd4   0x08002fd4   0x00000004   Code   RO         2812    i.MemManage_Handler  stm32l4xx_it.o
    0x08002fd8   0x08002fd8   0x00000004   Code   RO         2813    i.NMI_Handler       stm32l4xx_it.o
    0x08002fdc   0x08002fdc   0x00000002   Code   RO         2814    i.PendSV_Handler    stm32l4xx_it.o
    0x08002fde   0x08002fde   0x00000002   PAD
    0x08002fe0   0x08002fe0   0x00000188   Code   RO         3363    i.RCCEx_PLLSAI1_Config  stm32l4xx_hal_rcc_ex.o
    0x08003168   0x08003168   0x0000009c   Code   RO         3244    i.RCC_SetFlashLatencyFromMSIRange  stm32l4xx_hal_rcc.o
    0x08003204   0x08003204   0x00000002   Code   RO         2815    i.SVC_Handler       stm32l4xx_it.o
    0x08003206   0x08003206   0x00000008   Code   RO         2816    i.SysTick_Handler   stm32l4xx_it.o
    0x0800320e   0x0800320e   0x00000078   Code   RO         2464    i.SystemClock_Config  main.o
    0x08003286   0x08003286   0x00000002   PAD
    0x08003288   0x08003288   0x00000014   Code   RO         5529    i.SystemInit        system_stm32l4xx.o
    0x0800329c   0x0800329c   0x000000f8   Code   RO         5085    i.UART_AdvFeatureConfig  stm32l4xx_hal_uart.o
    0x08003394   0x08003394   0x00000072   Code   RO         5086    i.UART_CheckIdleState  stm32l4xx_hal_uart.o
    0x08003406   0x08003406   0x00000018   Code   RO         5087    i.UART_DMAAbortOnError  stm32l4xx_hal_uart.o
    0x0800341e   0x0800341e   0x00000064   Code   RO         5097    i.UART_EndRxTransfer  stm32l4xx_hal_uart.o
    0x08003482   0x08003482   0x0000002e   Code   RO         5098    i.UART_EndTransmit_IT  stm32l4xx_hal_uart.o
    0x080034b0   0x080034b0   0x000002ba   Code   RO         5102    i.UART_SetConfig    stm32l4xx_hal_uart.o
    0x0800376a   0x0800376a   0x000000f8   Code   RO         5107    i.UART_WaitOnFlagUntilTimeout  stm32l4xx_hal_uart.o
    0x08003862   0x08003862   0x00000002   PAD
    0x08003864   0x08003864   0x00000010   Code   RO         2817    i.USART2_IRQHandler  stm32l4xx_it.o
    0x08003874   0x08003874   0x00000004   Code   RO         2818    i.UsageFault_Handler  stm32l4xx_it.o
    0x08003878   0x08003878   0x00000020   Code   RO         7681    i.__0printf$1       mc_w.l(printf1.o)
    0x08003898   0x08003898   0x00000030   Code   RO         7970    i.__ARM_fpclassify  m_wm.l(fpclassify.o)
    0x080038c8   0x080038c8   0x00000026   Code   RO         7972    i.__ARM_fpclassifyf  m_wm.l(fpclassifyf.o)
    0x080038ee   0x080038ee   0x00000002   PAD
    0x080038f0   0x080038f0   0x00000010   Code   RO         4286    i.__NVIC_GetPriorityGrouping  stm32l4xx_hal_cortex.o
    0x08003900   0x08003900   0x00000028   Code   RO         4287    i.__NVIC_SetPriority  stm32l4xx_hal_cortex.o
    0x08003928   0x08003928   0x000000f8   Code   RO         6741    i.__ai_math_dot_array  NetworkRuntime810_CM4_Keil.lib(lite_dense_if32.o)
    0x08003a20   0x08003a20   0x0000005c   Code   RO         7901    i.__free$realloc    mc_w.l(mallocr.o)
    0x08003a7c   0x08003a7c   0x000001e8   Code   RO         7463    i.__hardfp_expf     m_wm.l(expf.o)
    0x08003c64   0x08003c64   0x00000014   Code   RO         7477    i.__hardfp_fabs     m_wm.l(fabs.o)
    0x08003c78   0x08003c78   0x00000c80   Code   RO         7515    i.__hardfp_pow      m_wm.l(pow.o)
    0x080048f8   0x080048f8   0x0000007a   Code   RO         7579    i.__hardfp_sqrt     m_wm.l(sqrt.o)
    0x08004972   0x08004972   0x000000f8   Code   RO         7995    i.__kernel_poly     m_wm.l(poly.o)
    0x08004a6a   0x08004a6a   0x00000002   PAD
    0x08004a6c   0x08004a6c   0x00000050   Code   RO         7902    i.__malloc$realloc  mc_w.l(mallocr.o)
    0x08004abc   0x08004abc   0x00000004   PAD
    0x08004ac0   0x08004ac0   0x00000030   Code   RO         7956    i.__mathlib_dbl_divzero  m_wm.l(dunder.o)
    0x08004af0   0x08004af0   0x00000014   Code   RO         7958    i.__mathlib_dbl_infnan2  m_wm.l(dunder.o)
    0x08004b04   0x08004b04   0x00000004   PAD
    0x08004b08   0x08004b08   0x00000020   Code   RO         7959    i.__mathlib_dbl_invalid  m_wm.l(dunder.o)
    0x08004b28   0x08004b28   0x00000020   Code   RO         7960    i.__mathlib_dbl_overflow  m_wm.l(dunder.o)
    0x08004b48   0x08004b48   0x00000020   Code   RO         7962    i.__mathlib_dbl_underflow  m_wm.l(dunder.o)
    0x08004b68   0x08004b68   0x00000006   Code   RO         7975    i.__mathlib_flt_infnan  m_wm.l(funder.o)
    0x08004b6e   0x08004b6e   0x00000002   PAD
    0x08004b70   0x08004b70   0x00000010   Code   RO         7978    i.__mathlib_flt_overflow  m_wm.l(funder.o)
    0x08004b80   0x08004b80   0x00000010   Code   RO         7980    i.__mathlib_flt_underflow  m_wm.l(funder.o)
    0x08004b90   0x08004b90   0x0000000e   Code   RO         8081    i.__scatterload_copy  mc_w.l(handlers.o)
    0x08004b9e   0x08004b9e   0x00000002   Code   RO         8082    i.__scatterload_null  mc_w.l(handlers.o)
    0x08004ba0   0x08004ba0   0x0000000e   Code   RO         8083    i.__scatterload_zeroinit  mc_w.l(handlers.o)
    0x08004bae   0x08004bae   0x00000002   PAD
    0x08004bb0   0x08004bb0   0x0000000c   Code   RO         8053    i.__set_errno       mc_w.l(errno.o)
    0x08004bbc   0x08004bbc   0x0000012c   Code   RO         5954    i._ai_dict4_dot_array_f32  NetworkRuntime810_CM4_Keil.lib(layers_conv2d_generic_float.o)
    0x08004ce8   0x08004ce8   0x000000e8   Code   RO         5955    i._ai_dict8_dot_array_f32  NetworkRuntime810_CM4_Keil.lib(layers_conv2d_generic_float.o)
    0x08004dd0   0x08004dd0   0x00000012   Code   RO         6684    i._ai_forward_layer  NetworkRuntime810_CM4_Keil.lib(layers.o)
    0x08004de2   0x08004de2   0x00000004   Code   RO         5874    i._ai_platform_acquire_crc  NetworkRuntime810_CM4_Keil.lib(ai_platform_interface.o)
    0x08004de6   0x08004de6   0x00000002   PAD
    0x08004de8   0x08004de8   0x000000e6   Code   RO         5875    i._ai_platform_get_io_buffers_info  NetworkRuntime810_CM4_Keil.lib(ai_platform_interface.o)
    0x08004ece   0x08004ece   0x00000002   Code   RO         5876    i._ai_platform_release_crc  NetworkRuntime810_CM4_Keil.lib(ai_platform_interface.o)
    0x08004ed0   0x08004ed0   0x000000ac   Code   RO         5990    i._forward_lite_nl_relu_generic_if32of32  NetworkRuntime810_CM4_Keil.lib(layers_nl_generic_float.o)
    0x08004f7c   0x08004f7c   0x00000038   Code   RO         5991    i._forward_lite_nl_relu_thresholded_if32of32  NetworkRuntime810_CM4_Keil.lib(layers_nl_generic_float.o)
    0x08004fb4   0x08004fb4   0x0000002e   Code   RO         5992    i._forward_lite_nl_softmax_if32of32  NetworkRuntime810_CM4_Keil.lib(layers_nl_generic_float.o)
    0x08004fe2   0x08004fe2   0x00000002   PAD
    0x08004fe4   0x08004fe4   0x00000098   Code   RO         5993    i._forward_lite_nl_softmax_if32of32_kernel  NetworkRuntime810_CM4_Keil.lib(layers_nl_generic_float.o)
    0x0800507c   0x0800507c   0x0000004c   Code   RO         5877    i._platform_ai_buffer_array_copy  NetworkRuntime810_CM4_Keil.lib(ai_platform_interface.o)
    0x080050c8   0x080050c8   0x00000050   Code   RO         5878    i._platform_get_table_map_from_buffer  NetworkRuntime810_CM4_Keil.lib(ai_platform_interface.o)
    0x08005118   0x08005118   0x00000044   Code   RO         5879    i._platform_get_table_map_from_buffer_array  NetworkRuntime810_CM4_Keil.lib(ai_platform_interface.o)
    0x0800515c   0x0800515c   0x00000014   Code   RO         5880    i._platform_network_buffers_signature_valid  NetworkRuntime810_CM4_Keil.lib(ai_platform_interface.o)
    0x08005170   0x08005170   0x00000216   Code   RO         5881    i._platform_network_io_bind  NetworkRuntime810_CM4_Keil.lib(ai_platform_interface.o)
    0x08005386   0x08005386   0x0000003e   Code   RO         5882    i._platform_network_state_setup  NetworkRuntime810_CM4_Keil.lib(ai_platform_interface.o)
    0x080053c4   0x080053c4   0x00000068   Code   RO         5883    i._platform_network_state_update_input  NetworkRuntime810_CM4_Keil.lib(ai_platform_interface.o)
    0x0800542c   0x0800542c   0x0000007c   Code   RO         5884    i._platform_network_state_update_output  NetworkRuntime810_CM4_Keil.lib(ai_platform_interface.o)
    0x080054a8   0x080054a8   0x0000015a   Code   RO         7688    i._printf_core      mc_w.l(printf1.o)
    0x08005602   0x08005602   0x00000036   Code   RO         6179    i.ai_array_get_byte_size  NetworkRuntime810_CM4_Keil.lib(ai_datatypes_format.o)
    0x08005638   0x08005638   0x0000001e   Code   RO         6180    i.ai_array_get_data_byte_size  NetworkRuntime810_CM4_Keil.lib(ai_datatypes_format.o)
    0x08005656   0x08005656   0x00000002   PAD
    0x08005658   0x08005658   0x00000128   Code   RO         6182    i.ai_array_to_buffer_fmt  NetworkRuntime810_CM4_Keil.lib(ai_datatypes_format.o)
    0x08005780   0x08005780   0x00000024   Code   RO         5859    i.ai_buffer_array_item_set_address  NetworkRuntime810_CM4_Keil.lib(ai_platform.o)
    0x080057a4   0x080057a4   0x00000012   Code   RO         5860    i.ai_buffer_array_sane  NetworkRuntime810_CM4_Keil.lib(ai_platform.o)
    0x080057b6   0x080057b6   0x00000002   PAD
    0x080057b8   0x080057b8   0x00000068   Code   RO         5862    i.ai_buffer_get_size  NetworkRuntime810_CM4_Keil.lib(ai_platform.o)
    0x08005820   0x08005820   0x0000002c   Code   RO         6685    i.ai_check_custom_types  NetworkRuntime810_CM4_Keil.lib(layers.o)
    0x0800584c   0x0800584c   0x00000188   Code   RO         6724    i.ai_conv2d_kernel_simple_opt_f32  NetworkRuntime810_CM4_Keil.lib(forward_lite_conv2d_if32of32wf32.o)
    0x080059d4   0x080059d4   0x0000007a   Code   RO         5958    i.ai_dict_decompress_f32  NetworkRuntime810_CM4_Keil.lib(layers_conv2d_generic_float.o)
    0x08005a4e   0x08005a4e   0x00000050   Code   RO         6690    i.ai_layers_forward_all  NetworkRuntime810_CM4_Keil.lib(layers.o)
    0x08005a9e   0x08005a9e   0x0000001e   Code   RO         6691    i.ai_layers_init_all  NetworkRuntime810_CM4_Keil.lib(layers.o)
    0x08005abc   0x08005abc   0x00000036   Code   RO         6692    i.ai_layers_post_init_all  NetworkRuntime810_CM4_Keil.lib(layers.o)
    0x08005af2   0x08005af2   0x00000002   PAD
    0x08005af4   0x08005af4   0x00000024   Code   RO         5562    i.ai_network_create  network.o
    0x08005b18   0x08005b18   0x00000082   Code   RO         5563    i.ai_network_create_and_init  network.o
    0x08005b9a   0x08005b9a   0x00000002   PAD
    0x08005b9c   0x08005b9c   0x00000030   Code   RO         5793    i.ai_network_data_params_get  network_data.o
    0x08005bcc   0x08005bcc   0x0000000e   Code   RO         5566    i.ai_network_get_error  network.o
    0x08005bda   0x08005bda   0x0000003c   Code   RO         5569    i.ai_network_init   network.o
    0x08005c16   0x08005c16   0x00000002   PAD
    0x08005c18   0x08005c18   0x00000020   Code   RO         5570    i.ai_network_inputs_get  network.o
    0x08005c38   0x08005c38   0x00000020   Code   RO         5571    i.ai_network_outputs_get  network.o
    0x08005c58   0x08005c58   0x00000014   Code   RO         5572    i.ai_network_run    network.o
    0x08005c6c   0x08005c6c   0x0000002c   Code   RO         5888    i.ai_platform_bind_network_params  NetworkRuntime810_CM4_Keil.lib(ai_platform_interface.o)
    0x08005c98   0x08005c98   0x0000001c   Code   RO         5889    i.ai_platform_context_acquire  NetworkRuntime810_CM4_Keil.lib(ai_platform_interface.o)
    0x08005cb4   0x08005cb4   0x0000002c   Code   RO         5891    i.ai_platform_get_activations_map  NetworkRuntime810_CM4_Keil.lib(ai_platform_interface.o)
    0x08005ce0   0x08005ce0   0x00000028   Code   RO         5892    i.ai_platform_get_weights_map  NetworkRuntime810_CM4_Keil.lib(ai_platform_interface.o)
    0x08005d08   0x08005d08   0x00000042   Code   RO         5893    i.ai_platform_inputs_get  NetworkRuntime810_CM4_Keil.lib(ai_platform_interface.o)
    0x08005d4a   0x08005d4a   0x00000002   PAD
    0x08005d4c   0x08005d4c   0x00000014   Code   RO         5894    i.ai_platform_interface_api_get_version  NetworkRuntime810_CM4_Keil.lib(ai_platform_interface.o)
    0x08005d60   0x08005d60   0x0000010e   Code   RO         5895    i.ai_platform_network_create  NetworkRuntime810_CM4_Keil.lib(ai_platform_interface.o)
    0x08005e6e   0x08005e6e   0x00000002   PAD
    0x08005e70   0x08005e70   0x0000001c   Code   RO         5897    i.ai_platform_network_get_error  NetworkRuntime810_CM4_Keil.lib(ai_platform_interface.o)
    0x08005e8c   0x08005e8c   0x00000112   Code   RO         5898    i.ai_platform_network_init  NetworkRuntime810_CM4_Keil.lib(ai_platform_interface.o)
    0x08005f9e   0x08005f9e   0x00000046   Code   RO         5899    i.ai_platform_network_post_init  NetworkRuntime810_CM4_Keil.lib(ai_platform_interface.o)
    0x08005fe4   0x08005fe4   0x00000054   Code   RO         5900    i.ai_platform_network_process  NetworkRuntime810_CM4_Keil.lib(ai_platform_interface.o)
    0x08006038   0x08006038   0x0000000c   Code   RO         5901    i.ai_platform_network_set_error  NetworkRuntime810_CM4_Keil.lib(ai_platform_interface.o)
    0x08006044   0x08006044   0x00000048   Code   RO         5907    i.ai_platform_outputs_get  NetworkRuntime810_CM4_Keil.lib(ai_platform_interface.o)
    0x0800608c   0x0800608c   0x0000001a   Code   RO         5994    i.ai_shape_get_size  NetworkRuntime810_CM4_Keil.lib(layers_nl_generic_float.o)
    0x080060a6   0x080060a6   0x0000000c   Code   RO         6203    i.ai_version_get    NetworkRuntime810_CM4_Keil.lib(ai_datatypes_internal.o)
    0x080060b2   0x080060b2   0x0000003c   Code   RO         2465    i.argmax            main.o
    0x080060ee   0x080060ee   0x0000002e   Code   RO         2466    i.argmax_threshold  main.o
    0x0800611c   0x0800611c   0x0000000c   Code   RO         6705    i.core_get_error    NetworkRuntime810_CM4_Keil.lib(core_common.o)
    0x08006128   0x08006128   0x00000004   Code   RO         6706    i.core_init         NetworkRuntime810_CM4_Keil.lib(core_common.o)
    0x0800612c   0x0800612c   0x0000001a   Code   RO         6707    i.core_set_error    NetworkRuntime810_CM4_Keil.lib(core_common.o)
    0x08006146   0x08006146   0x00000002   PAD
    0x08006148   0x08006148   0x000000be   Code   RO         2467    i.drawLineWithYCoords  main.o
    0x08006206   0x08006206   0x00000018   Code   RO         7479    i.fabs              m_wm.l(fabs.o)
    0x0800621e   0x0800621e   0x000001d0   Code   RO         5960    i.forward_conv2d_if32of32wf32  NetworkRuntime810_CM4_Keil.lib(layers_conv2d_generic_float.o)
    0x080063ee   0x080063ee   0x00000002   PAD
    0x080063f0   0x080063f0   0x000001f2   Code   RO         5964    i.forward_dense     NetworkRuntime810_CM4_Keil.lib(layers_conv2d_generic_float.o)
    0x080065e2   0x080065e2   0x00000002   PAD
    0x080065e4   0x080065e4   0x00000176   Code   RO         6725    i.forward_lite_conv2d_if32of32wf32  NetworkRuntime810_CM4_Keil.lib(forward_lite_conv2d_if32of32wf32.o)
    0x0800675a   0x0800675a   0x00000002   PAD
    0x0800675c   0x0800675c   0x00000082   Code   RO         6742    i.forward_lite_dense_if32of32wf32  NetworkRuntime810_CM4_Keil.lib(lite_dense_if32.o)
    0x080067de   0x080067de   0x00000002   PAD
    0x080067e0   0x080067e0   0x000000d0   Code   RO         6019    i.forward_relu      NetworkRuntime810_CM4_Keil.lib(layers_nl_generic_float.o)
    0x080068b0   0x080068b0   0x00000070   Code   RO         6028    i.forward_sm        NetworkRuntime810_CM4_Keil.lib(layers_nl_generic_float.o)
    0x08006920   0x08006920   0x0000001c   Code   RO         2468    i.fputc             main.o
    0x0800693c   0x0800693c   0x00000028   Code   RO         6204    i.get_tensor_byte_size  NetworkRuntime810_CM4_Keil.lib(ai_datatypes_internal.o)
    0x08006964   0x08006964   0x0000005c   Code   RO         2469    i.get_values        main.o
    0x080069c0   0x080069c0   0x00000050   Code   RO         7903    i.internal_alloc    mc_w.l(mallocr.o)
    0x08006a10   0x08006a10   0x00000054   Code   RO          585    i.lsm6dsl_acceleration_raw_get  lsm6dsl_reg.o
    0x08006a64   0x08006a64   0x00000032   Code   RO          597    i.lsm6dsl_block_data_update_set  lsm6dsl_reg.o
    0x08006a96   0x08006a96   0x00000018   Code   RO          616    i.lsm6dsl_device_id_get  lsm6dsl_reg.o
    0x08006aae   0x08006aae   0x0000014a   Code   RO          708    i.lsm6dsl_pin_int1_route_get  lsm6dsl_reg.o
    0x08006bf8   0x08006bf8   0x00000268   Code   RO          709    i.lsm6dsl_pin_int1_route_set  lsm6dsl_reg.o
    0x08006e60   0x08006e60   0x00000022   Code   RO          716    i.lsm6dsl_read_reg  lsm6dsl_reg.o
    0x08006e82   0x08006e82   0x00000022   Code   RO          799    i.lsm6dsl_write_reg  lsm6dsl_reg.o
    0x08006ea4   0x08006ea4   0x00000032   Code   RO          801    i.lsm6dsl_xl_data_rate_set  lsm6dsl_reg.o
    0x08006ed6   0x08006ed6   0x00000032   Code   RO          806    i.lsm6dsl_xl_full_scale_set  lsm6dsl_reg.o
    0x08006f08   0x08006f08   0x000001bc   Code   RO         2470    i.main              main.o
    0x080070c4   0x080070c4   0x00000128   Code   RO         5573    i.network_configure_activations  network.o
    0x080071ec   0x080071ec   0x000001ac   Code   RO         5574    i.network_configure_weights  network.o
    0x08007398   0x08007398   0x0000014c   Code   RO         2471    i.normalize         main.o
    0x080074e4   0x080074e4   0x00000030   Code   RO         2472    i.platform_read     main.o
    0x08007514   0x08007514   0x00000030   Code   RO         2473    i.platform_write    main.o
    0x08007544   0x08007544   0x00000032   Code   RO         2474    i.scaleToRange      main.o
    0x08007576   0x08007576   0x0000001c   Code   RO         2475    i.shiftArray        main.o
    0x08007592   0x08007592   0x0000006e   Code   RO         7581    i.sqrt              m_wm.l(sqrt.o)
    0x08007600   0x08007600   0x0000008c   Code   RO         2069    i.ssd1306_DrawPixel  ssd1306.o
    0x0800768c   0x0800768c   0x00000020   Code   RO         2071    i.ssd1306_Fill      ssd1306.o
    0x080076ac   0x080076ac   0x000000cc   Code   RO         2076    i.ssd1306_Init      ssd1306.o
    0x08007778   0x08007778   0x00000092   Code   RO         2077    i.ssd1306_Line      ssd1306.o
    0x0800780a   0x0800780a   0x00000002   Code   RO         2080    i.ssd1306_Reset     ssd1306.o
    0x0800780c   0x0800780c   0x00000014   Code   RO         2081    i.ssd1306_SetContrast  ssd1306.o
    0x08007820   0x08007820   0x0000000c   Code   RO         2082    i.ssd1306_SetCursor  ssd1306.o
    0x0800782c   0x0800782c   0x00000024   Code   RO         2083    i.ssd1306_SetDisplayOn  ssd1306.o
    0x08007850   0x08007850   0x00000038   Code   RO         2084    i.ssd1306_UpdateScreen  ssd1306.o
    0x08007888   0x08007888   0x000000bc   Code   RO         2085    i.ssd1306_WriteChar  ssd1306.o
    0x08007944   0x08007944   0x00000028   Code   RO         2086    i.ssd1306_WriteCommand  ssd1306.o
    0x0800796c   0x0800796c   0x00000024   Code   RO         2087    i.ssd1306_WriteData  ssd1306.o
    0x08007990   0x08007990   0x0000002c   Code   RO         2088    i.ssd1306_WriteString  ssd1306.o
    0x080079bc   0x080079bc   0x00000090   Code   RO         6748    i.st_int8_copy      NetworkRuntime810_CM4_Keil.lib(st_int8_fill.o)
    0x08007a4c   0x08007a4c   0x00000374   Code   RO         2476    i.strum_trigger     main.o
    0x08007dc0   0x08007dc0   0x00003fd4   Data   RO         2338    .constdata          ssd1306_fonts.o
    0x0800bd94   0x0800bd94   0x00000004   Data   RO         2478    .constdata          main.o
    0x0800bd98   0x0800bd98   0x00000048   Data   RO         5530    .constdata          system_stm32l4xx.o
    0x0800bde0   0x0800bde0   0x00000160   Data   RO         5576    .constdata          network.o
    0x0800bf40   0x0800bf40   0x00000068   Data   RO         5796    .constdata          network_data.o
    0x0800bfa8   0x0800bfa8   0x00000018   PAD
    0x0800bfc0   0x0800bfc0   0x00030260   Data   RO         5843    .constdata          network_data_params.o
    0x0803c220   0x0803c220   0x0000006c   Data   RO         5910    .constdata          NetworkRuntime810_CM4_Keil.lib(ai_platform_interface.o)
    0x0803c28c   0x0803c28c   0x00000030   Data   RO         7466    .constdata          m_wm.l(expf.o)
    0x0803c2bc   0x0803c2bc   0x00000004   PAD
    0x0803c2c0   0x0803c2c0   0x00000088   Data   RO         7518    .constdata          m_wm.l(pow.o)
    0x0803c348   0x0803c348   0x00000008   Data   RO         7997    .constdata          m_wm.l(qnan.o)
    0x0803c350   0x0803c350   0x0000001b   Data   RO         2479    .conststring        main.o
    0x0803c36b   0x0803c36b   0x00000001   PAD
    0x0803c36c   0x0803c36c   0x00000061   Data   RO         5577    .conststring        network.o
    0x0803c3cd   0x0803c3cd   0x00000003   PAD
    0x0803c3d0   0x0803c3d0   0x00000020   Data   RO         8079    Region$$Table       anon$$obj.o


    Execution Region RW_IRAM2 (Exec base: 0x10000000, Load base: 0x0803c824, Size: 0x00000000, Max: 0x00004000, ABSOLUTE)

    **** No section assigned to this execution region ****


    Execution Region RW_IRAM1 (Exec base: 0x20000000, Load base: 0x0803c3f0, Size: 0x00004910, Max: 0x0000c000, ABSOLUTE, COMPRESSED[0x00000434])

    Exec Addr    Load Addr    Size         Type   Attr      Idx    E Section Name        Object

    0x20000000   COMPRESSED   0x00000006   Data   RW         2090    .data               ssd1306.o
    0x20000006   COMPRESSED   0x00000002   PAD
    0x20000008   COMPRESSED   0x00000028   Data   RW         2339    .data               ssd1306_fonts.o
    0x20000030   COMPRESSED   0x00000084   Data   RW         2480    .data               main.o
    0x200000b4   COMPRESSED   0x00000009   Data   RW         3056    .data               stm32l4xx_hal.o
    0x200000bd   COMPRESSED   0x00000003   PAD
    0x200000c0   COMPRESSED   0x00000004   Data   RW         5531    .data               system_stm32l4xx.o
    0x200000c4   COMPRESSED   0x00000bb0   Data   RW         5578    .data               network.o
    0x20000c74   COMPRESSED   0x00000058   Data   RW         5797    .data               network_data.o
    0x20000ccc   COMPRESSED   0x00000004   Data   RW         8040    .data               mc_w.l(stdout.o)
    0x20000cd0   COMPRESSED   0x00000004   Data   RW         8049    .data               mc_w.l(mvars.o)
    0x20000cd4   COMPRESSED   0x00000004   Data   RW         8050    .data               mc_w.l(mvars.o)
    0x20000cd8   COMPRESSED   0x00000004   Data   RW         8054    .data               mc_w.l(errno.o)
    0x20000cdc        -       0x00000400   Zero   RW         2089    .bss                ssd1306.o
    0x200010dc        -       0x00002658   Zero   RW         2477    .bss                main.o
    0x20003734        -       0x00000024   Zero   RW         2679    .bss                crc.o
    0x20003758        -       0x000000a8   Zero   RW         2722    .bss                i2c.o
    0x20003800        -       0x00000084   Zero   RW         2769    .bss                usart.o
    0x20003884        -       0x00000088   Zero   RW         5575    .bss                network.o
    0x2000390c   COMPRESSED   0x00000004   PAD
    0x20003910        -       0x00000800   Zero   RW            2    HEAP                startup_stm32l432xx.o
    0x20004110        -       0x00000800   Zero   RW            1    STACK               startup_stm32l432xx.o


==============================================================================

Image component sizes


      Code (inc. data)   RO Data    RW Data    ZI Data      Debug   Object Name

       100         18          0          0         36       1791   crc.o
       116          8          0          0          0       1023   gpio.o
       504         46          0          0        168       2826   i2c.o
         0          0          0          0          0      32048   lsm6dsl.o
      1272          0          0          0          0       7751   lsm6dsl_reg.o
      2660        302         31        132       9816      63433   main.o
      1048        120        449       2992        136      54148   network.o
        48          6        104         88          0      15845   network_data.o
         0          0     197216          0          0        898   network_data_params.o
       956         42          0          6       1024     633780   ssd1306.o
         0          0      16340         40          0       1366   ssd1306_fonts.o
        36          8        396          0       4096        908   startup_stm32l432xx.o
       194         32          0          9          0      12137   stm32l4xx_hal.o
       318         22          0          0          0      34839   stm32l4xx_hal_cortex.o
       132          4          0          0          0       1263   stm32l4xx_hal_crc.o
       102          0          0          0          0       1351   stm32l4xx_hal_crc_ex.o
       182          0          0          0          0       1971   stm32l4xx_hal_dma.o
       448         26          0          0          0       2227   stm32l4xx_hal_gpio.o
      1980         36          0          0          0      12566   stm32l4xx_hal_i2c.o
       210          0          0          0          0       2163   stm32l4xx_hal_i2c_ex.o
        64          6          0          0          0        990   stm32l4xx_hal_msp.o
       156         18          0          0          0       1494   stm32l4xx_hal_pwr_ex.o
      2784        108          0          0          0       7964   stm32l4xx_hal_rcc.o
      1236         26          0          0          0       3048   stm32l4xx_hal_rcc_ex.o
      2656         52          0          0          0      12903   stm32l4xx_hal_uart.o
         2          0          0          0          0       1112   stm32l4xx_hal_uart_ex.o
        60          6          0          0          0       5981   stm32l4xx_it.o
        20          6         72          4          0       1397   system_stm32l4xx.o
       228         18          0          0        132       2030   usart.o

    ----------------------------------------------------------------------
     17542        910     214668       3276      15412     921253   Object Totals
         0          0         32          0          0          0   (incl. Generated)
        30          0         28          5          4          0   (incl. Padding)

    ----------------------------------------------------------------------

      Code (inc. data)   RO Data    RW Data    ZI Data      Debug   Library Member Name

       380         54          0          0          0        360   ai_datatypes_format.o
        52          6          0          0          0        232   ai_datatypes_internal.o
       158          8          0          0          0        368   ai_platform.o
      2452        108        108          0          0       3252   ai_platform_interface.o
        42          0          0          0          0        348   core_common.o
       766          6          0          0          0        308   forward_lite_conv2d_if32of32wf32.o
       226          6          0          0          0        628   layers.o
      1616         14          0          0          0        700   layers_conv2d_generic_float.o
       772         22          0          0          0        908   layers_nl_generic_float.o
       378          8          0          0          0        272   lite_dense_if32.o
       144          0          0          0          0        132   st_int8_fill.o
       164         44          0          0          0        620   dunder.o
       488         62         48          0          0        236   expf.o
        44          0          0          0          0        248   fabs.o
        48          0          0          0          0        124   fpclassify.o
        38          0          0          0          0        116   fpclassifyf.o
        38         12          0          0          0        348   funder.o
       248          0          0          0          0        152   poly.o
      3200        296        136          0          0        352   pow.o
         0          0          8          0          0          0   qnan.o
       232          0          0          0          0        296   sqrt.o
        86          0          0          0          0          0   __dczerorl2.o
         0          0          0          0          0          0   entry.o
         0          0          0          0          0          0   entry10a.o
         0          0          0          0          0          0   entry11a.o
         4          0          0          0          0          0   entry12b.o
         8          4          0          0          0          0   entry2.o
         4          0          0          0          0          0   entry5.o
         0          0          0          0          0          0   entry7b.o
         0          0          0          0          0          0   entry8b.o
         8          4          0          0          0          0   entry9a.o
        12          6          0          4          0         68   errno.o
        30          0          0          0          0          0   handlers.o
        36          8          0          0          0         68   init.o
         0          0          0          0          0          0   iusefp.o
        30          0          0          0          0         68   llshl.o
        36          0          0          0          0         68   llsshr.o
        32          0          0          0          0         68   llushr.o
       252         24          0          0          0        252   mallocr.o
        26          0          0          0          0         80   memcmp.o
        64          0          0          0          0         76   memmovea.o
        36          0          0          0          0        108   memseta.o
         0          0          0          8          0          0   mvars.o
       378         14          0          0          0        184   printf1.o
         0          0          0          4          0          0   stdout.o
        44          0          0          0          0         80   uidiv.o
       104          0          0          0          0         92   uldiv.o
        48          0          0          0          0         68   cdcmple.o
        48          0          0          0          0         68   cdrcmple.o
        56          0          0          0          0         88   d2f.o
       350          0          0          0          0        148   dadd.o
       222          0          0          0          0        100   ddiv.o
       186          0          0          0          0        176   depilogue.o
        34          0          0          0          0         76   dflti.o
       234          0          0          0          0         96   dmul.o
        46          0          0          0          0         80   dscalb.o
       162          0          0          0          0        100   dsqrt.o
        38          0          0          0          0         68   f2d.o
       110          0          0          0          0        168   fepilogue.o

    ----------------------------------------------------------------------
     14254        710        304         16          0      12448   Library Totals
        44          4          4          0          0          0   (incl. Padding)

    ----------------------------------------------------------------------

      Code (inc. data)   RO Data    RW Data    ZI Data      Debug   Library Name

      6986        232        108          0          0       7508   NetworkRuntime810_CM4_Keil.lib
      4500        414        192          0          0       2492   m_wm.l
      1190         60          0         16          0       1212   mc_w.l
      1534          0          0          0          0       1236   mf_w.l

    ----------------------------------------------------------------------
     14254        710        304         16          0      12448   Library Totals

    ----------------------------------------------------------------------

==============================================================================


      Code (inc. data)   RO Data    RW Data    ZI Data      Debug   

     31796       1620     214972       3292      15412     913937   Grand Totals
     31796       1620     214972       1076      15412     913937   ELF Image Totals (compressed)
     31796       1620     214972       1076          0          0   ROM Totals

==============================================================================

    Total RO  Size (Code + RO Data)               246768 ( 240.98kB)
    Total RW  Size (RW Data + ZI Data)             18704 (  18.27kB)
    Total ROM Size (Code + RO Data + RW Data)     247844 ( 242.04kB)

==============================================================================

