<html>
<body>
<pre>
<h1>µVision Build Log</h1>
<h2>Tool Versions:</h2>
IDE-Version: ¦ÌVision V5.33.0.0
Copyright (C) 2020 ARM Ltd and ARM Germany GmbH. All rights reserved.
License Information: 1 james021103@126.com, 1, LIC=AK1BF-6HSFV-687FC-7KS8B-UIXFX-RV5UB
 
Tool Versions:
Toolchain:       MDK-ARM Professional  Version: 5.33.0.0
Toolchain Path:  F:\keil\ARM\ARMCC\Bin
C Compiler:      Armcc.exe V5.06 update 7 (build 960)
Assembler:       Armasm.exe V5.06 update 7 (build 960)
Linker/Locator:  ArmLink.exe V5.06 update 7 (build 960)
Library Manager: ArmAr.exe V5.06 update 7 (build 960)
Hex Converter:   FromElf.exe V5.06 update 7 (build 960)
CPU DLL:         SARMCM3.DLL V5.33.0.0
Dialog DLL:      DCM.DLL V1.17.3.0
Target DLL:      STLink\ST-LINKIII-KEIL_SWO.dll V3.0.8.0
Dialog DLL:      TCM.DLL V1.48.0.0
 
<h2>Project:</h2>
F:\THE_LIBRARY\CODE_BASE\ROBOSERVO\LSM6DSL\i2c_oled_test_ssd1306_20231127\I2C_SSDVER-m -nosingel\I2C_SSDVER\MDK-ARM\I2C_SSDVER.uvprojx
Project File Date:  12/13/2023

<h2>Output:</h2>
*** Using Compiler 'V5.06 update 7 (build 960)', folder: 'F:\keil\ARM\ARMCC\Bin'
Build target 'I2C_SSDVER'
compiling main.c...
../MDK-ARM/ssd1306.h(196): warning:  #1295-D: Deprecated declaration ssd1306_GetDisplayOn - give arg types
  uint8_t ssd1306_GetDisplayOn();
../MDK-ARM/ssd1306_tests.h(13): warning:  #1295-D: Deprecated declaration ssd1306_TestRectangleFill - give arg types
  void ssd1306_TestRectangleFill();
../Core/Src/main.c(201): warning:  #513-D: a value of type "int32_t (*)(void *, uint8_t, uint8_t *, uint16_t)" cannot be assigned to an entity of type "stmdev_write_ptr"
  	dev_ctx.write_reg = platform_write;
../Core/Src/main.c(207): warning:  #550-D: variable "status"  was set but never used
  	int status = 0;
../Core/Src/main.c: 4 warnings, 0 errors
linking...
I2C_SSDVER\I2C_SSDVER.axf: Warning: L6989W: Could not apply patch sdcomp-29491-629360 to instruction VPOP     {d8-d12} at offset 0x24, instruction is within an IT block and is not the last instruction for sin_i_x.o(i.____kernel_sin$lsc).
Program Size: Code=31796 RO-data=214972 RW-data=3292 ZI-data=15412  
Finished: 0 information, 1 warning and 0 error messages.
FromELF: creating hex file...
"I2C_SSDVER\I2C_SSDVER.axf" - 0 Error(s), 5 Warning(s).

<h2>Software Packages used:</h2>

Package Vendor: ARM
                http://www.keil.com/pack/ARM.CMSIS.5.8.0.pack
                ARM.CMSIS.5.8.0
                CMSIS (Common Microcontroller Software Interface Standard)
   * Component: CORE Version: 5.5.0

Package Vendor: Keil
                https://www.keil.com/pack/Keil.STM32L4xx_DFP.2.6.2.pack
                Keil.STM32L4xx_DFP.2.6.2
                STMicroelectronics STM32L4 Series Device Support, Drivers and Examples

<h2>Collection of Component include folders:</h2>
  .\RTE\_I2C_SSDVER
  F:\keil\ARM\PACK\ARM\CMSIS\5.8.0\CMSIS\Core\Include
  F:\keil\ARM\PACK\Keil\STM32L4xx_DFP\2.6.2\Drivers\CMSIS\Device\ST\STM32L4xx\Include

<h2>Collection of Component Files used:</h2>

   * Component: ARM::CMSIS:CORE:5.5.0
      Include file:  CMSIS\Core\Include\tz_context.h
Build Time Elapsed:  00:00:02
</pre>
</body>
</html>
