Component: ARM Compiler 5.06 update 7 (build 960) Tool: armlink [4d3601]

==============================================================================

Section Cross References

    startup_stm32l432xx.o(RESET) refers to startup_stm32l432xx.o(STACK) for __initial_sp
    startup_stm32l432xx.o(RESET) refers to startup_stm32l432xx.o(.text) for Reset_Handler
    startup_stm32l432xx.o(RESET) refers to stm32l4xx_it.o(i.NMI_Handler) for NMI_Handler
    startup_stm32l432xx.o(RESET) refers to stm32l4xx_it.o(i.HardFault_Handler) for HardFault_Handler
    startup_stm32l432xx.o(RESET) refers to stm32l4xx_it.o(i.MemManage_Handler) for MemManage_Handler
    startup_stm32l432xx.o(RESET) refers to stm32l4xx_it.o(i.BusFault_Handler) for BusFault_Handler
    startup_stm32l432xx.o(RESET) refers to stm32l4xx_it.o(i.UsageFault_Handler) for UsageFault_Handler
    startup_stm32l432xx.o(RESET) refers to stm32l4xx_it.o(i.SVC_Handler) for SVC_Handler
    startup_stm32l432xx.o(RESET) refers to stm32l4xx_it.o(i.DebugMon_Handler) for DebugMon_Handler
    startup_stm32l432xx.o(RESET) refers to stm32l4xx_it.o(i.PendSV_Handler) for PendSV_Handler
    startup_stm32l432xx.o(RESET) refers to stm32l4xx_it.o(i.SysTick_Handler) for SysTick_Handler
    startup_stm32l432xx.o(RESET) refers to stm32l4xx_it.o(i.EXTI1_IRQHandler) for EXTI1_IRQHandler
    startup_stm32l432xx.o(RESET) refers to stm32l4xx_it.o(i.USART2_IRQHandler) for USART2_IRQHandler
    startup_stm32l432xx.o(.text) refers to system_stm32l4xx.o(i.SystemInit) for SystemInit
    startup_stm32l432xx.o(.text) refers to entry.o(.ARM.Collect$$$$00000000) for __main
    lsm6dsl.o(i.LSM6DSL_ACC_Disable) refers to lsm6dsl_reg.o(i.lsm6dsl_xl_data_rate_get) for lsm6dsl_xl_data_rate_get
    lsm6dsl.o(i.LSM6DSL_ACC_Disable) refers to lsm6dsl_reg.o(i.lsm6dsl_xl_data_rate_set) for lsm6dsl_xl_data_rate_set
    lsm6dsl.o(i.LSM6DSL_ACC_Disable_6D_Orientation) refers to lsm6dsl_reg.o(i.lsm6dsl_pin_int1_route_get) for lsm6dsl_pin_int1_route_get
    lsm6dsl.o(i.LSM6DSL_ACC_Disable_6D_Orientation) refers to lsm6dsl_reg.o(i.lsm6dsl_pin_int1_route_set) for lsm6dsl_pin_int1_route_set
    lsm6dsl.o(i.LSM6DSL_ACC_Disable_6D_Orientation) refers to lsm6dsl_reg.o(i.lsm6dsl_pin_int2_route_get) for lsm6dsl_pin_int2_route_get
    lsm6dsl.o(i.LSM6DSL_ACC_Disable_6D_Orientation) refers to lsm6dsl_reg.o(i.lsm6dsl_pin_int2_route_set) for lsm6dsl_pin_int2_route_set
    lsm6dsl.o(i.LSM6DSL_ACC_Disable_6D_Orientation) refers to lsm6dsl_reg.o(i.lsm6dsl_6d_threshold_set) for lsm6dsl_6d_threshold_set
    lsm6dsl.o(i.LSM6DSL_ACC_Disable_Double_Tap_Detection) refers to lsm6dsl_reg.o(i.lsm6dsl_pin_int1_route_get) for lsm6dsl_pin_int1_route_get
    lsm6dsl.o(i.LSM6DSL_ACC_Disable_Double_Tap_Detection) refers to lsm6dsl_reg.o(i.lsm6dsl_pin_int1_route_set) for lsm6dsl_pin_int1_route_set
    lsm6dsl.o(i.LSM6DSL_ACC_Disable_Double_Tap_Detection) refers to lsm6dsl_reg.o(i.lsm6dsl_pin_int2_route_get) for lsm6dsl_pin_int2_route_get
    lsm6dsl.o(i.LSM6DSL_ACC_Disable_Double_Tap_Detection) refers to lsm6dsl_reg.o(i.lsm6dsl_pin_int2_route_set) for lsm6dsl_pin_int2_route_set
    lsm6dsl.o(i.LSM6DSL_ACC_Disable_Double_Tap_Detection) refers to lsm6dsl_reg.o(i.lsm6dsl_tap_mode_set) for lsm6dsl_tap_mode_set
    lsm6dsl.o(i.LSM6DSL_ACC_Disable_Double_Tap_Detection) refers to lsm6dsl_reg.o(i.lsm6dsl_tap_dur_set) for lsm6dsl_tap_dur_set
    lsm6dsl.o(i.LSM6DSL_ACC_Disable_Double_Tap_Detection) refers to lsm6dsl_reg.o(i.lsm6dsl_tap_quiet_set) for lsm6dsl_tap_quiet_set
    lsm6dsl.o(i.LSM6DSL_ACC_Disable_Double_Tap_Detection) refers to lsm6dsl_reg.o(i.lsm6dsl_tap_shock_set) for lsm6dsl_tap_shock_set
    lsm6dsl.o(i.LSM6DSL_ACC_Disable_Double_Tap_Detection) refers to lsm6dsl_reg.o(i.lsm6dsl_tap_threshold_x_set) for lsm6dsl_tap_threshold_x_set
    lsm6dsl.o(i.LSM6DSL_ACC_Disable_Double_Tap_Detection) refers to lsm6dsl_reg.o(i.lsm6dsl_tap_detection_on_z_set) for lsm6dsl_tap_detection_on_z_set
    lsm6dsl.o(i.LSM6DSL_ACC_Disable_Double_Tap_Detection) refers to lsm6dsl_reg.o(i.lsm6dsl_tap_detection_on_y_set) for lsm6dsl_tap_detection_on_y_set
    lsm6dsl.o(i.LSM6DSL_ACC_Disable_Double_Tap_Detection) refers to lsm6dsl_reg.o(i.lsm6dsl_tap_detection_on_x_set) for lsm6dsl_tap_detection_on_x_set
    lsm6dsl.o(i.LSM6DSL_ACC_Disable_Free_Fall_Detection) refers to lsm6dsl_reg.o(i.lsm6dsl_pin_int1_route_get) for lsm6dsl_pin_int1_route_get
    lsm6dsl.o(i.LSM6DSL_ACC_Disable_Free_Fall_Detection) refers to lsm6dsl_reg.o(i.lsm6dsl_pin_int1_route_set) for lsm6dsl_pin_int1_route_set
    lsm6dsl.o(i.LSM6DSL_ACC_Disable_Free_Fall_Detection) refers to lsm6dsl_reg.o(i.lsm6dsl_pin_int2_route_get) for lsm6dsl_pin_int2_route_get
    lsm6dsl.o(i.LSM6DSL_ACC_Disable_Free_Fall_Detection) refers to lsm6dsl_reg.o(i.lsm6dsl_pin_int2_route_set) for lsm6dsl_pin_int2_route_set
    lsm6dsl.o(i.LSM6DSL_ACC_Disable_Free_Fall_Detection) refers to lsm6dsl_reg.o(i.lsm6dsl_ff_dur_set) for lsm6dsl_ff_dur_set
[...]
    ..\..\Drivers\ST_CMSIS\NN\Source\FullyConnectedFunctions\st_sssa8_dense.c 0x00000000   Number         0  st_sssa8_dense.o ABSOLUTE
    ..\..\Drivers\ST_CMSIS\NN\Source\FullyConnectedFunctions\st_ssua8_ch_dense.c 0x00000000   Number         0  st_ssua8_ch_dense.o ABSOLUTE
    ..\..\Drivers\ST_CMSIS\NN\Source\FullyConnectedFunctions\st_ssua8_dense.c 0x00000000   Number         0  st_ssua8_dense.o ABSOLUTE
    ..\..\Drivers\ST_CMSIS\NN\Source\FullyConnectedFunctions\st_uaua8_ch_dense.c 0x00000000   Number         0  st_uaua8_ch_dense.o ABSOLUTE
    ..\..\Drivers\ST_CMSIS\NN\Source\FullyConnectedFunctions\st_uaua8_dense.c 0x00000000   Number         0  st_uaua8_dense.o ABSOLUTE
    ..\..\Drivers\ST_CMSIS\NN\Source\NNSupportFunctions\st_int8_fill.c 0x00000000   Number         0  st_int8_fill.o ABSOLUTE
    ..\..\Drivers\ST_CMSIS\NN\Source\NNSupportFunctions\st_int8_reordered_no_shift.c 0x00000000   Number         0  st_int8_reordered_no_shift.o ABSOLUTE
    ..\..\Drivers\ST_CMSIS\NN\Source\NNSupportFunctions\st_int8_to16_no_shift.c 0x00000000   Number         0  st_int8_to16_no_shift.o ABSOLUTE
    ..\..\Drivers\ST_CMSIS\NN\Source\NNSupportFunctions\st_padding_opt.c 0x00000000   Number         0  st_padding_opt.o ABSOLUTE
    ..\..\Drivers\ST_CMSIS\NN\Source\NNSupportFunctions\st_sssa8_ch_nn_mat_mult_kernel_opt.c 0x00000000   Number         0  st_sssa8_ch_nn_mat_mult_kernel_opt.o ABSOLUTE
    ..\..\Drivers\ST_CMSIS\NN\Source\NNSupportFunctions\st_sssa8_ch_nn_mat_mult_nt_t.c 0x00000000   Number         0  st_sssa8_ch_nn_mat_mult_nt_t.o ABSOLUTE
    ..\..\Drivers\ST_CMSIS\NN\Source\NNSupportFunctions\st_sssa8_nn_mat_mult_kernel.c 0x00000000   Number         0  st_sssa8_nn_mat_mult_kernel.o ABSOLUTE
    ..\..\Drivers\ST_CMSIS\NN\Source\NNSupportFunctions\st_sssa8_nn_mat_mult_kernel_opt.c 0x00000000   Number         0  st_sssa8_nn_mat_mult_kernel_opt.o ABSOLUTE
    ..\..\Drivers\ST_CMSIS\NN\Source\NNSupportFunctions\st_sssa8_nn_mat_mult_nt_t.c 0x00000000   Number         0  st_sssa8_nn_mat_mult_nt_t.o ABSOLUTE
    ..\..\Drivers\ST_CMSIS\NN\Source\NNSupportFunctions\st_ssua8_ch_nn_mat_mult_kernel.c 0x00000000   Number         0  st_ssua8_ch_nn_mat_mult_kernel.o ABSOLUTE
    ..\..\Drivers\ST_CMSIS\NN\Source\NNSupportFunctions\st_ssua8_ch_nn_mat_mult_nt_t.c 0x00000000   Number         0  st_ssua8_ch_nn_mat_mult_nt_t.o ABSOLUTE
    ..\..\Drivers\ST_CMSIS\NN\Source\NNSupportFunctions\st_ssua8_nn_mat_mult_kernel.c 0x00000000   Number         0  st_ssua8_nn_mat_mult_kernel.o ABSOLUTE
    ..\..\Drivers\ST_CMSIS\NN\Source\NNSupportFunctions\st_ssua8_nn_mat_mult_nt_t.c 0x00000000   Number         0  st_ssua8_nn_mat_mult_nt_t.o ABSOLUTE
    ..\..\Drivers\ST_CMSIS\NN\Source\NNSupportFunctions\st_uaua8_ch_nn_mat_mult_kernel.c 0x00000000   Number         0  st_uaua8_ch_nn_mat_mult_kernel.o ABSOLUTE
    ..\..\Drivers\ST_CMSIS\NN\Source\NNSupportFunctions\st_uaua8_ch_nn_mat_mult_nt_t.c 0x00000000   Number         0  st_uaua8_ch_nn_mat_mult_nt_t.o ABSOLUTE
    ..\..\Drivers\ST_CMSIS\NN\Source\NNSupportFunctions\st_uaua8_nn_mat_mult_kernel.c 0x00000000   Number         0  st_uaua8_nn_mat_mult_kernel.o ABSOLUTE
    ..\..\Drivers\ST_CMSIS\NN\Source\NNSupportFunctions\st_uaua8_nn_mat_mult_nt_t.c 0x00000000   Number         0  st_uaua8_nn_mat_mult_nt_t.o ABSOLUTE
    ..\..\Drivers\ST_CMSIS\NN\Source\NNSupportFunctions\st_uint8_fill.c 0x00000000   Number         0  st_uint8_fill.o ABSOLUTE
    ..\..\Drivers\ST_CMSIS\NN\Source\NNSupportFunctions\st_uint8_reordered_no_shift.c 0x00000000   Number         0  st_uint8_reordered_no_shift.o ABSOLUTE
    ..\..\Drivers\ST_CMSIS\NN\Source\NNSupportFunctions\st_uint8_to16_no_shift.c 0x00000000   Number         0  st_uint8_to16_no_shift.o ABSOLUTE
    ..\Core\Src\crc.c                        0x00000000   Number         0  crc.o ABSOLUTE
    ..\Core\Src\gpio.c                       0x00000000   Number         0  gpio.o ABSOLUTE
    ..\Core\Src\i2c.c                        0x00000000   Number         0  i2c.o ABSOLUTE
    ..\Core\Src\main.c                       0x00000000   Number         0  main.o ABSOLUTE
    ..\Core\Src\stm32l4xx_hal_msp.c          0x00000000   Number         0  stm32l4xx_hal_msp.o ABSOLUTE
    ..\Core\Src\stm32l4xx_it.c               0x00000000   Number         0  stm32l4xx_it.o ABSOLUTE
    ..\Core\Src\system_stm32l4xx.c           0x00000000   Number         0  system_stm32l4xx.o ABSOLUTE
    ..\Core\Src\usart.c                      0x00000000   Number         0  usart.o ABSOLUTE
    ..\Drivers\STM32L4xx_HAL_Driver\Src\stm32l4xx_hal.c 0x00000000   Number         0  stm32l4xx_hal.o ABSOLUTE
    ..\Drivers\STM32L4xx_HAL_Driver\Src\stm32l4xx_hal_cortex.c 0x00000000   Number         0  stm32l4xx_hal_cortex.o ABSOLUTE
    ..\Drivers\STM32L4xx_HAL_Driver\Src\stm32l4xx_hal_crc.c 0x00000000   Number         0  stm32l4xx_hal_crc.o ABSOLUTE
    ..\Drivers\STM32L4xx_HAL_Driver\Src\stm32l4xx_hal_crc_ex.c 0x00000000   Number         0  stm32l4xx_hal_crc_ex.o ABSOLUTE
    ..\Drivers\STM32L4xx_HAL_Driver\Src\stm32l4xx_hal_dma.c 0x00000000   Number         0  stm32l4xx_hal_dma.o ABSOLUTE
    ..\Drivers\STM32L4xx_HAL_Driver\Src\stm32l4xx_hal_dma_ex.c 0x00000000   Number         0  stm32l4xx_hal_dma_ex.o ABSOLUTE
    ..\Drivers\STM32L4xx_HAL_Driver\Src\stm32l4xx_hal_exti.c 0x00000000   Number         0  stm32l4xx_hal_exti.o ABSOLUTE
    ..\Drivers\STM32L4xx_HAL_Driver\Src\stm32l4xx_hal_flash.c 0x00000000   Number         0  stm32l4xx_hal_flash.o ABSOLUTE
    ..\Drivers\STM32L4xx_HAL_Driver\Src\stm32l4xx_hal_flash_ex.c 0x00000000   Number         0  stm32l4xx_hal_flash_ex.o ABSOLUTE
    ..\Drivers\STM32L4xx_HAL_Driver\Src\stm32l4xx_hal_flash_ramfunc.c 0x00000000   Number         0  stm32l4xx_hal_flash_ramfunc.o ABSOLUTE
    ..\Drivers\STM32L4xx_HAL_Driver\Src\stm32l4xx_hal_gpio.c 0x00000000   Number         0  stm32l4xx_hal_gpio.o ABSOLUTE
    ..\Drivers\STM32L4xx_HAL_Driver\Src\stm32l4xx_hal_i2c.c 0x00000000   Number         0  stm32l4xx_hal_i2c.o ABSOLUTE
    ..\Drivers\STM32L4xx_HAL_Driver\Src\stm32l4xx_hal_i2c_ex.c 0x00000000   Number         0  stm32l4xx_hal_i2c_ex.o ABSOLUTE
    ..\Drivers\STM32L4xx_HAL_Driver\Src\stm32l4xx_hal_pwr.c 0x00000000   Number         0  stm32l4xx_hal_pwr.o ABSOLUTE
    ..\Drivers\STM32L4xx_HAL_Driver\Src\stm32l4xx_hal_pwr_ex.c 0x00000000   Number         0  stm32l4xx_hal_pwr_ex.o ABSOLUTE
    ..\Drivers\STM32L4xx_HAL_Driver\Src\stm32l4xx_hal_rcc.c 0x00000000   Number         0  stm32l4xx_hal_rcc.o ABSOLUTE
    ..\Drivers\STM32L4xx_HAL_Driver\Src\stm32l4xx_hal_rcc_ex.c 0x00000000   Number         0  stm32l4xx_hal_rcc_ex.o ABSOLUTE
    ..\Drivers\STM32L4xx_HAL_Driver\Src\stm32l4xx_hal_tim.c 0x00000000   Number         0  stm32l4xx_hal_tim.o ABSOLUTE
    ..\Drivers\STM32L4xx_HAL_Driver\Src\stm32l4xx_hal_tim_ex.c 0x00000000   Number         0  stm32l4xx_hal_tim_ex.o ABSOLUTE
    ..\Drivers\STM32L4xx_HAL_Driver\Src\stm32l4xx_hal_uart.c 0x00000000   Number         0  stm32l4xx_hal_uart.o ABSOLUTE
    ..\Drivers\STM32L4xx_HAL_Driver\Src\stm32l4xx_hal_uart_ex.c 0x00000000   Number         0  stm32l4xx_hal_uart_ex.o ABSOLUTE
    ..\\..\\..\\src\\api\\ai_platform_interface.c 0x00000000   Number         0  ai_platform_interface.o ABSOLUTE
    ..\\..\\..\\src\\core\\core_utils.c      0x00000000   Number         0  core_utils.o ABSOLUTE
    ..\\..\\..\\src\\helpers\\ai_math_helpers.c 0x00000000   Number         0  ai_math_helpers.o ABSOLUTE
    ..\\..\\..\\src\\layers\\layers.c        0x00000000   Number         0  layers.o ABSOLUTE
    ..\\..\\..\\src\\layers\\layers_conv2d_generic_float.c 0x00000000   Number         0  layers_conv2d_generic_float.o ABSOLUTE
    ..\\..\\..\\src\\layers\\layers_conv2d_stm32_integer.c 0x00000000   Number         0  layers_conv2d_stm32_integer.o ABSOLUTE
    ..\\..\\..\\src\\layers\\layers_nl_generic_float.c 0x00000000   Number         0  layers_nl_generic_float.o ABSOLUTE
    ..\\..\\Drivers\\CMSIS\\DSP\\Source\\MatrixFunctions\\arm_mat_init_f32.c 0x00000000   Number         0  arm_mat_init_f32.o ABSOLUTE
    ..\\..\\Drivers\\CMSIS\\DSP\\Source\\SupportFunctions\\arm_copy_q7.c 0x00000000   Number         0  arm_copy_q7.o ABSOLUTE
    ..\\..\\Drivers\\CMSIS\\DSP\\Source\\SupportFunctions\\arm_fill_q15.c 0x00000000   Number         0  arm_fill_q15.o ABSOLUTE
    ..\\..\\Drivers\\ST_CMSIS\\NN\\Source\\ConvolutionFunctions\\st_convolve_reference.c 0x00000000   Number         0  st_convolve_reference.o ABSOLUTE
    ..\\..\\Drivers\\ST_CMSIS\\NN\\Source\\ConvolutionFunctions\\st_sssa8_ch_convolve.c 0x00000000   Number         0  st_sssa8_ch_convolve.o ABSOLUTE
    ..\\..\\Drivers\\ST_CMSIS\\NN\\Source\\ConvolutionFunctions\\st_sssa8_convolve.c 0x00000000   Number         0  st_sssa8_convolve.o ABSOLUTE
    ..\\..\\Drivers\\ST_CMSIS\\NN\\Source\\ConvolutionFunctions\\st_sssa8_convolve_1x1.c 0x00000000   Number         0  st_sssa8_convolve_1x1.o ABSOLUTE
    ..\\..\\Drivers\\ST_CMSIS\\NN\\Source\\ConvolutionFunctions\\st_sssa8_convolve_dw.c 0x00000000   Number         0  st_sssa8_convolve_dw.o ABSOLUTE
    ..\\..\\Drivers\\ST_CMSIS\\NN\\Source\\ConvolutionFunctions\\st_sssa8_convolve_rgb.c 0x00000000   Number         0  st_sssa8_convolve_rgb.o ABSOLUTE
    ..\\..\\Drivers\\ST_CMSIS\\NN\\Source\\ConvolutionFunctions\\st_ssua8_ch_convolve.c 0x00000000   Number         0  st_ssua8_ch_convolve.o ABSOLUTE
    ..\\..\\Drivers\\ST_CMSIS\\NN\\Source\\ConvolutionFunctions\\st_ssua8_ch_convolve_1x1.c 0x00000000   Number         0  st_ssua8_ch_convolve_1x1.o ABSOLUTE
    ..\\..\\Drivers\\ST_CMSIS\\NN\\Source\\ConvolutionFunctions\\st_ssua8_ch_convolve_dw.c 0x00000000   Number         0  st_ssua8_ch_convolve_dw.o ABSOLUTE
    ..\\..\\Drivers\\ST_CMSIS\\NN\\Source\\ConvolutionFunctions\\st_ssua8_ch_convolve_rgb.c 0x00000000   Number         0  st_ssua8_ch_convolve_rgb.o ABSOLUTE
    ..\\..\\Drivers\\ST_CMSIS\\NN\\Source\\ConvolutionFunctions\\st_ssua8_convolve.c 0x00000000   Number         0  st_ssua8_convolve.o ABSOLUTE
    ..\\..\\Drivers\\ST_CMSIS\\NN\\Source\\ConvolutionFunctions\\st_ssua8_convolve_1x1.c 0x00000000   Number         0  st_ssua8_convolve_1x1.o ABSOLUTE
    ..\\..\\Drivers\\ST_CMSIS\\NN\\Source\\ConvolutionFunctions\\st_ssua8_convolve_dw.c 0x00000000   Number         0  st_ssua8_convolve_dw.o ABSOLUTE
    ..\\..\\Drivers\\ST_CMSIS\\NN\\Source\\ConvolutionFunctions\\st_ssua8_convolve_rgb.c 0x00000000   Number         0  st_ssua8_convolve_rgb.o ABSOLUTE
    ..\\..\\Drivers\\ST_CMSIS\\NN\\Source\\ConvolutionFunctions\\st_uaua8_ch_convolve.c 0x00000000   Number         0  st_uaua8_ch_convolve.o ABSOLUTE
    ..\\..\\Drivers\\ST_CMSIS\\NN\\Source\\ConvolutionFunctions\\st_uaua8_ch_convolve_1x1.c 0x00000000   Number         0  st_uaua8_ch_convolve_1x1.o ABSOLUTE
    ..\\..\\Drivers\\ST_CMSIS\\NN\\Source\\ConvolutionFunctions\\st_uaua8_ch_convolve_dw.c 0x00000000   Number         0  st_uaua8_ch_convolve_dw.o ABSOLUTE
    ..\\..\\Drivers\\ST_CMSIS\\NN\\Source\\ConvolutionFunctions\\st_uaua8_ch_convolve_rgb.c 0x00000000   Number         0  st_uaua8_ch_convolve_rgb.o ABSOLUTE
    ..\\..\\Drivers\\ST_CMSIS\\NN\\Source\\ConvolutionFunctions\\st_uaua8_convolve.c 0x00000000   Number         0  st_uaua8_convolve.o ABSOLUTE
    ..\\..\\Drivers\\ST_CMSIS\\NN\\Source\\ConvolutionFunctions\\st_uaua8_convolve_1x1.c 0x00000000   Number         0  st_uaua8_convolve_1x1.o ABSOLUTE
    ..\\..\\Drivers\\ST_CMSIS\\NN\\Source\\ConvolutionFunctions\\st_uaua8_convolve_dw.c 0x00000000   Number         0  st_uaua8_convolve_dw.o ABSOLUTE
    ..\\..\\Drivers\\ST_CMSIS\\NN\\Source\\ConvolutionFunctions\\st_uaua8_convolve_rgb.c 0x00000000   Number         0  st_uaua8_convolve_rgb.o ABSOLUTE
    ..\\..\\Drivers\\ST_CMSIS\\NN\\Source\\FullyConnectedFunctions\\st_sssa8_ch_dense.c 0x00000000   Number         0  st_sssa8_ch_dense.o ABSOLUTE
    ..\\..\\Drivers\\ST_CMSIS\\NN\\Source\\FullyConnectedFunctions\\st_sssa8_dense.c 0x00000000   Number         0  st_sssa8_dense.o ABSOLUTE
    ..\\..\\Drivers\\ST_CMSIS\\NN\\Source\\FullyConnectedFunctions\\st_ssua8_ch_dense.c 0x00000000   Number         0  st_ssua8_ch_dense.o ABSOLUTE
    ..\\..\\Drivers\\ST_CMSIS\\NN\\Source\\FullyConnectedFunctions\\st_ssua8_dense.c 0x00000000   Number         0  st_ssua8_dense.o ABSOLUTE
    ..\\..\\Drivers\\ST_CMSIS\\NN\\Source\\FullyConnectedFunctions\\st_uaua8_ch_dense.c 0x00000000   Number         0  st_uaua8_ch_dense.o ABSOLUTE
    ..\\..\\Drivers\\ST_CMSIS\\NN\\Source\\FullyConnectedFunctions\\st_uaua8_dense.c 0x00000000   Number         0  st_uaua8_dense.o ABSOLUTE
    ..\\..\\Drivers\\ST_CMSIS\\NN\\Source\\NNSupportFunctions\\st_int8_fill.c 0x00000000   Number         0  st_int8_fill.o ABSOLUTE
    ..\\..\\Drivers\\ST_CMSIS\\NN\\Source\\NNSupportFunctions\\st_int8_reordered_no_shift.c 0x00000000   Number         0  st_int8_reordered_no_shift.o ABSOLUTE
    ..\\..\\Drivers\\ST_CMSIS\\NN\\Source\\NNSupportFunctions\\st_int8_to16_no_shift.c 0x00000000   Number         0  st_int8_to16_no_shift.o ABSOLUTE
    ..\\..\\Drivers\\ST_CMSIS\\NN\\Source\\NNSupportFunctions\\st_padding_opt.c 0x00000000   Number         0  st_padding_opt.o ABSOLUTE
    ..\\..\\Drivers\\ST_CMSIS\\NN\\Source\\NNSupportFunctions\\st_sssa8_ch_nn_mat_mult_kernel_opt.c 0x00000000   Number         0  st_sssa8_ch_nn_mat_mult_kernel_opt.o ABSOLUTE
    ..\\..\\Drivers\\ST_CMSIS\\NN\\Source\\NNSupportFunctions\\st_sssa8_ch_nn_mat_mult_nt_t.c 0x00000000   Number         0  st_sssa8_ch_nn_mat_mult_nt_t.o ABSOLUTE
    ..\\..\\Drivers\\ST_CMSIS\\NN\\Source\\NNSupportFunctions\\st_sssa8_nn_mat_mult_kernel.c 0x00000000   Number         0  st_sssa8_nn_mat_mult_kernel.o ABSOLUTE
    ..\\..\\Drivers\\ST_CMSIS\\NN\\Source\\NNSupportFunctions\\st_sssa8_nn_mat_mult_kernel_opt.c 0x00000000   Number         0  st_sssa8_nn_mat_mult_kernel_opt.o ABSOLUTE
    ..\\..\\Drivers\\ST_CMSIS\\NN\\Source\\NNSupportFunctions\\st_sssa8_nn_mat_mult_nt_t.c 0x00000000   Number         0  st_sssa8_nn_mat_mult_nt_t.o ABSOLUTE
    ..\\..\\Drivers\\ST_CMSIS\\NN\\Source\\NNSupportFunctions\\st_ssua8_ch_nn_mat_mult_kernel.c 0x00000000   Number         0  st_ssua8_ch_nn_mat_mult_kernel.o ABSOLUTE
    ..\\..\\Drivers\\ST_CMSIS\\NN\\Source\\NNSupportFunctions\\st_ssua8_ch_nn_mat_mult_nt_t.c 0x00000000   Number         0  st_ssua8_ch_nn_mat_mult_nt_t.o ABSOLUTE
    ..\\..\\Drivers\\ST_CMSIS\\NN\\Source\\NNSupportFunctions\\st_ssua8_nn_mat_mult_kernel.c 0x00000000   Number         0  st_ssua8_nn_mat_mult_kernel.o ABSOLUTE
    ..\\..\\Drivers\\ST_CMSIS\\NN\\Source\\NNSupportFunctions\\st_ssua8_nn_mat_mult_nt_t.c 0x00000000   Number         0  st_ssua8_nn_mat_mult_nt_t.o ABSOLUTE
    ..\\..\\Drivers\\ST_CMSIS\\NN\\Source\\NNSupportFunctions\\st_uaua8_ch_nn_mat_mult_kernel.c 0x00000000   Number         0  st_uaua8_ch_nn_mat_mult_kernel.o ABSOLUTE
    ..\\..\\Drivers\\ST_CMSIS\\NN\\Source\\NNSupportFunctions\\st_uaua8_ch_nn_mat_mult_nt_t.c 0x00000000   Number         0  st_uaua8_ch_nn_mat_mult_nt_t.o ABSOLUTE
    ..\\..\\Drivers\\ST_CMSIS\\NN\\Source\\NNSupportFunctions\\st_uaua8_nn_mat_mult_kernel.c 0x00000000   Number         0  st_uaua8_nn_mat_mult_kernel.o ABSOLUTE
    ..\\..\\Drivers\\ST_CMSIS\\NN\\Source\\NNSupportFunctions\\st_uaua8_nn_mat_mult_nt_t.c 0x00000000   Number         0  st_uaua8_nn_mat_mult_nt_t.o ABSOLUTE
    ..\\..\\Drivers\\ST_CMSIS\\NN\\Source\\NNSupportFunctions\\st_uint8_fill.c 0x00000000   Number         0  st_uint8_fill.o ABSOLUTE
    ..\\..\\Drivers\\ST_CMSIS\\NN\\Source\\NNSupportFunctions\\st_uint8_reordered_no_shift.c 0x00000000   Number         0  st_uint8_reordered_no_shift.o ABSOLUTE
    ..\\..\\Drivers\\ST_CMSIS\\NN\\Source\\NNSupportFunctions\\st_uint8_to16_no_shift.c 0x00000000   Number         0  st_uint8_to16_no_shift.o ABSOLUTE
    cdcmple.s                                0x00000000   Number         0  cdcmple.o ABSOLUTE
    cdrcmple.s                               0x00000000   Number         0  cdrcmple.o ABSOLUTE
    dc.s                                     0x00000000   Number         0  dc.o ABSOLUTE
    handlers.s                               0x00000000   Number         0  handlers.o ABSOLUTE
    init.s                                   0x00000000   Number         0  init.o ABSOLUTE
    lsm6dsl.c                                0x00000000   Number         0  lsm6dsl.o ABSOLUTE
    lsm6dsl_reg.c                            0x00000000   Number         0  lsm6dsl_reg.o ABSOLUTE
    ssd1306.c                                0x00000000   Number         0  ssd1306.o ABSOLUTE
    ssd1306.c                                0x00000000   Number         0  ssd1306.o ABSOLUTE
    ssd1306_fonts.c                          0x00000000   Number         0  ssd1306_fonts.o ABSOLUTE
    ssd1306_tests.c                          0x00000000   Number         0  ssd1306_tests.o ABSOLUTE
    ssd1306_tests.c                          0x00000000   Number         0  ssd1306_tests.o ABSOLUTE
    startup_stm32l432xx.s                    0x00000000   Number         0  startup_stm32l432xx.o ABSOLUTE
    RESET                                    0x08000000   Section      396  startup_stm32l432xx.o(RESET)
    .ARM.Collect$$$$00000000                 0x0800018c   Section        0  entry.o(.ARM.Collect$$$$00000000)
    .ARM.Collect$$$$00000001                 0x0800018c   Section        4  entry2.o(.ARM.Collect$$$$00000001)
    .ARM.Collect$$$$00000004                 0x08000190   Section        4  entry5.o(.ARM.Collect$$$$00000004)
    .ARM.Collect$$$$00000008                 0x08000194   Section        0  entry7b.o(.ARM.Collect$$$$00000008)
    .ARM.Collect$$$$0000000A                 0x08000194   Section        0  entry8b.o(.ARM.Collect$$$$0000000A)
    .ARM.Collect$$$$0000000B                 0x08000194   Section        8  entry9a.o(.ARM.Collect$$$$0000000B)
    .ARM.Collect$$$$0000000E                 0x0800019c   Section        4  entry12b.o(.ARM.Collect$$$$0000000E)
    .ARM.Collect$$$$0000000F                 0x080001a0   Section        0  entry10a.o(.ARM.Collect$$$$0000000F)
    .ARM.Collect$$$$00000011                 0x080001a0   Section        0  entry11a.o(.ARM.Collect$$$$00000011)
    .ARM.Collect$$$$00002712                 0x080001a0   Section        4  entry2.o(.ARM.Collect$$$$00002712)
    __lit__00000000                          0x080001a0   Data           4  entry2.o(.ARM.Collect$$$$00002712)
    .text                                    0x080001a4   Section       36  startup_stm32l432xx.o(.text)
    $v0                                      0x080001a4   Number         0  startup_stm32l432xx.o(.text)
    .text                                    0x080001c8   Section        0  uldiv.o(.text)
    .text                                    0x08000230   Section        0  memseta.o(.text)
    .text                                    0x08000254   Section        0  dadd.o(.text)
    .text                                    0x080003b2   Section        0  dmul.o(.text)
    .text                                    0x0800049c   Section        0  ddiv.o(.text)
    .text                                    0x0800057a   Section        0  dflti.o(.text)
    .text                                    0x0800059c   Section        0  f2d.o(.text)
    .text                                    0x080005c4   Section       48  cdcmple.o(.text)
    .text                                    0x080005f4   Section       48  cdrcmple.o(.text)
    .text                                    0x08000624   Section        0  uidiv.o(.text)
    .text                                    0x08000650   Section        0  llshl.o(.text)
    .text                                    0x0800066e   Section        0  llushr.o(.text)
    .text                                    0x0800068e   Section        0  llsshr.o(.text)
    .text                                    0x080006b2   Section        0  depilogue.o(.text)
    .text                                    0x080006b2   Section        0  iusefp.o(.text)
    .text                                    0x0800076c   Section        0  dfixul.o(.text)
    .text                                    0x0800079c   Section       36  init.o(.text)
    i.BusFault_Handler                       0x080007c0   Section        0  stm32l4xx_it.o(i.BusFault_Handler)
    i.DebugMon_Handler                       0x080007c4   Section        0  stm32l4xx_it.o(i.DebugMon_Handler)
    i.EXTI1_IRQHandler                       0x080007c6   Section        0  stm32l4xx_it.o(i.EXTI1_IRQHandler)
    i.Error_Handler                          0x080007d0   Section        0  main.o(i.Error_Handler)
    i.HAL_CRCEx_Polynomial_Set               0x080007d6   Section        0  stm32l4xx_hal_crc_ex.o(i.HAL_CRCEx_Polynomial_Set)
    i.HAL_CRC_Init                           0x0800083c   Section        0  stm32l4xx_hal_crc.o(i.HAL_CRC_Init)
    i.HAL_CRC_MspInit                        0x080008c0   Section        0  crc.o(i.HAL_CRC_MspInit)
    i.HAL_DMA_Abort                          0x080008f0   Section        0  stm32l4xx_hal_dma.o(i.HAL_DMA_Abort)
    i.HAL_DMA_Abort_IT                       0x0800094a   Section        0  stm32l4xx_hal_dma.o(i.HAL_DMA_Abort_IT)
    i.HAL_Delay                              0x080009a8   Section        0  stm32l4xx_hal.o(i.HAL_Delay)
    i.HAL_GPIO_EXTI_Callback                 0x080009d0   Section        0  main.o(i.HAL_GPIO_EXTI_Callback)
    i.HAL_GPIO_EXTI_IRQHandler               0x080009ec   Section        0  stm32l4xx_hal_gpio.o(i.HAL_GPIO_EXTI_IRQHandler)
    i.HAL_GPIO_Init                          0x08000a08   Section        0  stm32l4xx_hal_gpio.o(i.HAL_GPIO_Init)
    i.HAL_GetTick                            0x08000bac   Section        0  stm32l4xx_hal.o(i.HAL_GetTick)
    i.HAL_I2CEx_ConfigAnalogFilter           0x08000bb8   Section        0  stm32l4xx_hal_i2c_ex.o(i.HAL_I2CEx_ConfigAnalogFilter)
    i.HAL_I2CEx_ConfigDigitalFilter          0x08000c22   Section        0  stm32l4xx_hal_i2c_ex.o(i.HAL_I2CEx_ConfigDigitalFilter)
    i.HAL_I2C_Init                           0x08000c8c   Section        0  stm32l4xx_hal_i2c.o(i.HAL_I2C_Init)
    i.HAL_I2C_Mem_Read                       0x08000d50   Section        0  stm32l4xx_hal_i2c.o(i.HAL_I2C_Mem_Read)
    i.HAL_I2C_Mem_Write                      0x08000ef8   Section        0  stm32l4xx_hal_i2c.o(i.HAL_I2C_Mem_Write)
    i.HAL_I2C_MspInit                        0x08001098   Section        0  i2c.o(i.HAL_I2C_MspInit)
    i.HAL_IncTick                            0x080011e0   Section        0  stm32l4xx_hal.o(i.HAL_IncTick)
    i.HAL_Init                               0x080011f8   Section        0  stm32l4xx_hal.o(i.HAL_Init)
    i.HAL_InitTick                           0x08001218   Section        0  stm32l4xx_hal.o(i.HAL_InitTick)
    i.HAL_MspInit                            0x08001270   Section        0  stm32l4xx_hal_msp.o(i.HAL_MspInit)
    i.HAL_NVIC_EnableIRQ                     0x080012b0   Section        0  stm32l4xx_hal_cortex.o(i.HAL_NVIC_EnableIRQ)
    i.HAL_NVIC_SetPriority                   0x080012d8   Section        0  stm32l4xx_hal_cortex.o(i.HAL_NVIC_SetPriority)
    i.HAL_NVIC_SetPriorityGrouping           0x0800135c   Section        0  stm32l4xx_hal_cortex.o(i.HAL_NVIC_SetPriorityGrouping)
    i.HAL_PWREx_ControlVoltageScaling        0x08001384   Section        0  stm32l4xx_hal_pwr_ex.o(i.HAL_PWREx_ControlVoltageScaling)
    i.HAL_PWREx_GetVoltageRange              0x08001410   Section        0  stm32l4xx_hal_pwr_ex.o(i.HAL_PWREx_GetVoltageRange)
    i.HAL_RCCEx_PeriphCLKConfig              0x08001420   Section        0  stm32l4xx_hal_rcc_ex.o(i.HAL_RCCEx_PeriphCLKConfig)
    i.HAL_RCC_ClockConfig                    0x0800176c   Section        0  stm32l4xx_hal_rcc.o(i.HAL_RCC_ClockConfig)
    i.HAL_RCC_GetHCLKFreq                    0x08001920   Section        0  stm32l4xx_hal_rcc.o(i.HAL_RCC_GetHCLKFreq)
    i.HAL_RCC_GetPCLK1Freq                   0x0800192c   Section        0  stm32l4xx_hal_rcc.o(i.HAL_RCC_GetPCLK1Freq)
    i.HAL_RCC_GetPCLK2Freq                   0x08001950   Section        0  stm32l4xx_hal_rcc.o(i.HAL_RCC_GetPCLK2Freq)
    i.HAL_RCC_GetSysClockFreq                0x08001974   Section        0  stm32l4xx_hal_rcc.o(i.HAL_RCC_GetSysClockFreq)
    i.HAL_RCC_OscConfig                      0x08001a60   Section        0  stm32l4xx_hal_rcc.o(i.HAL_RCC_OscConfig)
    i.HAL_SYSTICK_Config                     0x080021b0   Section        0  stm32l4xx_hal_cortex.o(i.HAL_SYSTICK_Config)
    i.HAL_UARTEx_RxEventCallback             0x080021e4   Section        0  stm32l4xx_hal_uart.o(i.HAL_UARTEx_RxEventCallback)
    i.HAL_UARTEx_WakeupCallback              0x080021e6   Section        0  stm32l4xx_hal_uart_ex.o(i.HAL_UARTEx_WakeupCallback)
    i.HAL_UART_ErrorCallback                 0x080021e8   Section        0  stm32l4xx_hal_uart.o(i.HAL_UART_ErrorCallback)
    i.HAL_UART_IRQHandler                    0x080021ec   Section        0  stm32l4xx_hal_uart.o(i.HAL_UART_IRQHandler)
    i.HAL_UART_Init                          0x08002534   Section        0  stm32l4xx_hal_uart.o(i.HAL_UART_Init)
    i.HAL_UART_MspInit                       0x080025a8   Section        0  usart.o(i.HAL_UART_MspInit)
    i.HAL_UART_Transmit                      0x0800264c   Section        0  stm32l4xx_hal_uart.o(i.HAL_UART_Transmit)
    i.HAL_UART_TxCpltCallback                0x08002724   Section        0  stm32l4xx_hal_uart.o(i.HAL_UART_TxCpltCallback)
    i.HardFault_Handler                      0x08002726   Section        0  stm32l4xx_it.o(i.HardFault_Handler)
    i.I2C_Flush_TXDR                         0x0800272a   Section        0  stm32l4xx_hal_i2c.o(i.I2C_Flush_TXDR)
    I2C_Flush_TXDR                           0x0800272b   Thumb Code    40  stm32l4xx_hal_i2c.o(i.I2C_Flush_TXDR)
    i.I2C_IsErrorOccurred                    0x08002754   Section        0  stm32l4xx_hal_i2c.o(i.I2C_IsErrorOccurred)
    I2C_IsErrorOccurred                      0x08002755   Thumb Code   322  stm32l4xx_hal_i2c.o(i.I2C_IsErrorOccurred)
    i.I2C_RequestMemoryRead                  0x080028a4   Section        0  stm32l4xx_hal_i2c.o(i.I2C_RequestMemoryRead)
    I2C_RequestMemoryRead                    0x080028a5   Thumb Code   118  stm32l4xx_hal_i2c.o(i.I2C_RequestMemoryRead)
    i.I2C_RequestMemoryWrite                 0x08002920   Section        0  stm32l4xx_hal_i2c.o(i.I2C_RequestMemoryWrite)
    I2C_RequestMemoryWrite                   0x08002921   Thumb Code   118  stm32l4xx_hal_i2c.o(i.I2C_RequestMemoryWrite)
    i.I2C_TransferConfig                     0x0800299c   Section        0  stm32l4xx_hal_i2c.o(i.I2C_TransferConfig)
    I2C_TransferConfig                       0x0800299d   Thumb Code    56  stm32l4xx_hal_i2c.o(i.I2C_TransferConfig)
    i.I2C_WaitOnFlagUntilTimeout             0x080029d4   Section        0  stm32l4xx_hal_i2c.o(i.I2C_WaitOnFlagUntilTimeout)
    I2C_WaitOnFlagUntilTimeout               0x080029d5   Thumb Code    94  stm32l4xx_hal_i2c.o(i.I2C_WaitOnFlagUntilTimeout)
    i.I2C_WaitOnSTOPFlagUntilTimeout         0x08002a32   Section        0  stm32l4xx_hal_i2c.o(i.I2C_WaitOnSTOPFlagUntilTimeout)
    I2C_WaitOnSTOPFlagUntilTimeout           0x08002a33   Thumb Code    86  stm32l4xx_hal_i2c.o(i.I2C_WaitOnSTOPFlagUntilTimeout)
    i.I2C_WaitOnTXISFlagUntilTimeout         0x08002a88   Section        0  stm32l4xx_hal_i2c.o(i.I2C_WaitOnTXISFlagUntilTimeout)
    I2C_WaitOnTXISFlagUntilTimeout           0x08002a89   Thumb Code    90  stm32l4xx_hal_i2c.o(i.I2C_WaitOnTXISFlagUntilTimeout)
    i.MX_CRC_Init                            0x08002ae4   Section        0  crc.o(i.MX_CRC_Init)
    i.MX_GPIO_Init                           0x08002b18   Section        0  gpio.o(i.MX_GPIO_Init)
    i.MX_I2C1_Init                           0x08002b8c   Section        0  i2c.o(i.MX_I2C1_Init)
    i.MX_I2C3_Init                           0x08002be4   Section        0  i2c.o(i.MX_I2C3_Init)
    i.MX_USART2_UART_Init                    0x08002c3c   Section        0  usart.o(i.MX_USART2_UART_Init)
    i.MemManage_Handler                      0x08002c7c   Section        0  stm32l4xx_it.o(i.MemManage_Handler)
    i.NMI_Handler                            0x08002c80   Section        0  stm32l4xx_it.o(i.NMI_Handler)
    i.PendSV_Handler                         0x08002c84   Section        0  stm32l4xx_it.o(i.PendSV_Handler)
    i.RCCEx_PLLSAI1_Config                   0x08002c88   Section        0  stm32l4xx_hal_rcc_ex.o(i.RCCEx_PLLSAI1_Config)
    RCCEx_PLLSAI1_Config                     0x08002c89   Thumb Code   376  stm32l4xx_hal_rcc_ex.o(i.RCCEx_PLLSAI1_Config)
    i.RCC_SetFlashLatencyFromMSIRange        0x08002e10   Section        0  stm32l4xx_hal_rcc.o(i.RCC_SetFlashLatencyFromMSIRange)
    RCC_SetFlashLatencyFromMSIRange          0x08002e11   Thumb Code   148  stm32l4xx_hal_rcc.o(i.RCC_SetFlashLatencyFromMSIRange)
    i.SVC_Handler                            0x08002eac   Section        0  stm32l4xx_it.o(i.SVC_Handler)
    i.SysTick_Handler                        0x08002eae   Section        0  stm32l4xx_it.o(i.SysTick_Handler)
    i.SystemClock_Config                     0x08002eb6   Section        0  main.o(i.SystemClock_Config)
    i.SystemInit                             0x08002f30   Section        0  system_stm32l4xx.o(i.SystemInit)
    i.UART_AdvFeatureConfig                  0x08002f44   Section        0  stm32l4xx_hal_uart.o(i.UART_AdvFeatureConfig)
    i.UART_CheckIdleState                    0x0800303c   Section        0  stm32l4xx_hal_uart.o(i.UART_CheckIdleState)
    i.UART_DMAAbortOnError                   0x080030ae   Section        0  stm32l4xx_hal_uart.o(i.UART_DMAAbortOnError)
    UART_DMAAbortOnError                     0x080030af   Thumb Code    24  stm32l4xx_hal_uart.o(i.UART_DMAAbortOnError)
    i.UART_EndRxTransfer                     0x080030c6   Section        0  stm32l4xx_hal_uart.o(i.UART_EndRxTransfer)
    UART_EndRxTransfer                       0x080030c7   Thumb Code   100  stm32l4xx_hal_uart.o(i.UART_EndRxTransfer)
    i.UART_EndTransmit_IT                    0x0800312a   Section        0  stm32l4xx_hal_uart.o(i.UART_EndTransmit_IT)
    UART_EndTransmit_IT                      0x0800312b   Thumb Code    46  stm32l4xx_hal_uart.o(i.UART_EndTransmit_IT)
    i.UART_SetConfig                         0x08003158   Section        0  stm32l4xx_hal_uart.o(i.UART_SetConfig)
    i.UART_WaitOnFlagUntilTimeout            0x08003412   Section        0  stm32l4xx_hal_uart.o(i.UART_WaitOnFlagUntilTimeout)
    i.USART2_IRQHandler                      0x0800350c   Section        0  stm32l4xx_it.o(i.USART2_IRQHandler)
    i.UsageFault_Handler                     0x0800351c   Section        0  stm32l4xx_it.o(i.UsageFault_Handler)
    i.__0printf                              0x08003520   Section        0  printfa.o(i.__0printf)
    i.__NVIC_GetPriorityGrouping             0x08003540   Section        0  stm32l4xx_hal_cortex.o(i.__NVIC_GetPriorityGrouping)
    __NVIC_GetPriorityGrouping               0x08003541   Thumb Code    10  stm32l4xx_hal_cortex.o(i.__NVIC_GetPriorityGrouping)
    i.__NVIC_SetPriority                     0x08003550   Section        0  stm32l4xx_hal_cortex.o(i.__NVIC_SetPriority)
    __NVIC_SetPriority                       0x08003551   Thumb Code    32  stm32l4xx_hal_cortex.o(i.__NVIC_SetPriority)
    i.__hardfp_fabs                          0x08003578   Section        0  fabs.o(i.__hardfp_fabs)
    i.__scatterload_copy                     0x0800358c   Section       14  handlers.o(i.__scatterload_copy)
    i.__scatterload_null                     0x0800359a   Section        2  handlers.o(i.__scatterload_null)
    i.__scatterload_zeroinit                 0x0800359c   Section       14  handlers.o(i.__scatterload_zeroinit)
    i._fp_digits                             0x080035ac   Section        0  printfa.o(i._fp_digits)
    _fp_digits                               0x080035ad   Thumb Code   366  printfa.o(i._fp_digits)
    i._printf_core                           0x08003738   Section        0  printfa.o(i._printf_core)
    _printf_core                             0x08003739   Thumb Code  1704  printfa.o(i._printf_core)
    i._printf_post_padding                   0x08003df2   Section        0  printfa.o(i._printf_post_padding)
    _printf_post_padding                     0x08003df3   Thumb Code    36  printfa.o(i._printf_post_padding)
    i._printf_pre_padding                    0x08003e16   Section        0  printfa.o(i._printf_pre_padding)
    _printf_pre_padding                      0x08003e17   Thumb Code    46  printfa.o(i._printf_pre_padding)
    i.drawLineWithYCoords                    0x08003e44   Section        0  main.o(i.drawLineWithYCoords)
    i.fputc                                  0x08003eec   Section        0  main.o(i.fputc)
    i.get_values                             0x08003f08   Section        0  main.o(i.get_values)
    i.lsm6dsl_acceleration_raw_get           0x08003f64   Section        0  lsm6dsl_reg.o(i.lsm6dsl_acceleration_raw_get)
    i.lsm6dsl_block_data_update_set          0x08003fb8   Section        0  lsm6dsl_reg.o(i.lsm6dsl_block_data_update_set)
    i.lsm6dsl_device_id_get                  0x08003fea   Section        0  lsm6dsl_reg.o(i.lsm6dsl_device_id_get)
    i.lsm6dsl_pin_int1_route_get             0x08004002   Section        0  lsm6dsl_reg.o(i.lsm6dsl_pin_int1_route_get)
    i.lsm6dsl_pin_int1_route_set             0x0800414c   Section        0  lsm6dsl_reg.o(i.lsm6dsl_pin_int1_route_set)
    i.lsm6dsl_read_reg                       0x080043b4   Section        0  lsm6dsl_reg.o(i.lsm6dsl_read_reg)
    i.lsm6dsl_write_reg                      0x080043d6   Section        0  lsm6dsl_reg.o(i.lsm6dsl_write_reg)
    i.lsm6dsl_xl_data_rate_set               0x080043f8   Section        0  lsm6dsl_reg.o(i.lsm6dsl_xl_data_rate_set)
    i.lsm6dsl_xl_full_scale_set              0x0800442a   Section        0  lsm6dsl_reg.o(i.lsm6dsl_xl_full_scale_set)
    i.main                                   0x0800445c   Section        0  main.o(i.main)
    i.platform_read                          0x08004590   Section        0  main.o(i.platform_read)
    platform_read                            0x08004591   Thumb Code    42  main.o(i.platform_read)
    i.platform_write                         0x080045c0   Section        0  main.o(i.platform_write)
    platform_write                           0x080045c1   Thumb Code    42  main.o(i.platform_write)
    i.scaleToRange                           0x080045f0   Section        0  main.o(i.scaleToRange)
    i.shiftArray                             0x08004620   Section        0  main.o(i.shiftArray)
    i.ssd1306_DrawPixel                      0x0800463c   Section        0  ssd1306.o(i.ssd1306_DrawPixel)
    i.ssd1306_Fill                           0x080046c8   Section        0  ssd1306.o(i.ssd1306_Fill)
    i.ssd1306_Init                           0x080046e8   Section        0  ssd1306.o(i.ssd1306_Init)
    i.ssd1306_Line                           0x080047b4   Section        0  ssd1306.o(i.ssd1306_Line)
    i.ssd1306_Reset                          0x08004846   Section        0  ssd1306.o(i.ssd1306_Reset)
    i.ssd1306_SetContrast                    0x08004848   Section        0  ssd1306.o(i.ssd1306_SetContrast)
    i.ssd1306_SetCursor                      0x0800485c   Section        0  ssd1306.o(i.ssd1306_SetCursor)
    i.ssd1306_SetDisplayOn                   0x08004868   Section        0  ssd1306.o(i.ssd1306_SetDisplayOn)
    i.ssd1306_UpdateScreen                   0x0800488c   Section        0  ssd1306.o(i.ssd1306_UpdateScreen)
    i.ssd1306_WriteChar                      0x080048c4   Section        0  ssd1306.o(i.ssd1306_WriteChar)
    i.ssd1306_WriteCommand                   0x08004980   Section        0  ssd1306.o(i.ssd1306_WriteCommand)
    i.ssd1306_WriteData                      0x080049a8   Section        0  ssd1306.o(i.ssd1306_WriteData)
    i.ssd1306_WriteString                    0x080049cc   Section        0  ssd1306.o(i.ssd1306_WriteString)
    i.strum_trigger                          0x080049f8   Section        0  main.o(i.strum_trigger)
    .constdata                               0x08004d6c   Section    16340  ssd1306_fonts.o(.constdata)
    Font7x10                                 0x08004d6c   Data        1900  ssd1306_fonts.o(.constdata)
    Font11x18                                0x080054d8   Data        3420  ssd1306_fonts.o(.constdata)
    Font16x26                                0x08006234   Data        4940  ssd1306_fonts.o(.constdata)
    Font6x8                                  0x08007580   Data        1520  ssd1306_fonts.o(.constdata)
    Font16x24                                0x08007b70   Data        4560  ssd1306_fonts.o(.constdata)
    .constdata                               0x08008d40   Section       72  system_stm32l4xx.o(.constdata)
    .conststring                             0x08008d88   Section       19  main.o(.conststring)
    .data                                    0x20000000   Section        6  ssd1306.o(.data)
    SSD1306                                  0x20000000   Data           6  ssd1306.o(.data)
    .data                                    0x20000008   Section       40  ssd1306_fonts.o(.data)
    .data                                    0x20000030   Section      136  main.o(.data)
    .data                                    0x200000b8   Section        9  stm32l4xx_hal.o(.data)
    .data                                    0x200000c4   Section        4  system_stm32l4xx.o(.data)
    .data                                    0x200000c8   Section        4  stdout.o(.data)
    .bss                                     0x200000cc   Section     1024  ssd1306.o(.bss)
    SSD1306_Buffer                           0x200000cc   Data        1024  ssd1306.o(.bss)
    .bss                                     0x200004cc   Section     9800  main.o(.bss)
    .bss                                     0x20002b14   Section       36  crc.o(.bss)
    .bss                                     0x20002b38   Section      168  i2c.o(.bss)
    .bss                                     0x20002be0   Section      132  usart.o(.bss)
    STACK                                    0x20002c68   Section     2048  startup_stm32l432xx.o(STACK)

    Global Symbols

    Symbol Name                              Value     Ov Type        Size  Object(Section)

    BuildAttributes$$THM_ISAv4$E$P$D$K$B$S$7EM$VFPi3$EXTD16$VFPS$VFMA$PE$A:L22UL41UL21$X:L11$S22US41US21$IEEE1$IW$USESV6$~STKCKD$USESV7$~SHL$OTIME$ROPI$IEEEX$EBA8$MICROLIB$REQ8$PRES8$EABIv2 0x00000000   Number         0  anon$$obj.o ABSOLUTE
    __ARM_use_no_argv                        0x00000000   Number         0  main.o ABSOLUTE
    _printf_a                                0x00000000   Number         0  stubs.o ABSOLUTE
    _printf_c                                0x00000000   Number         0  stubs.o ABSOLUTE
    _printf_charcount                        0x00000000   Number         0  stubs.o ABSOLUTE
    _printf_d                                0x00000000   Number         0  stubs.o ABSOLUTE
    _printf_e                                0x00000000   Number         0  stubs.o ABSOLUTE
    _printf_f                                0x00000000   Number         0  stubs.o ABSOLUTE
    _printf_flags                            0x00000000   Number         0  stubs.o ABSOLUTE
    _printf_fp_dec                           0x00000000   Number         0  stubs.o ABSOLUTE
    _printf_fp_hex                           0x00000000   Number         0  stubs.o ABSOLUTE
    _printf_g                                0x00000000   Number         0  stubs.o ABSOLUTE
    _printf_i                                0x00000000   Number         0  stubs.o ABSOLUTE
    _printf_int_dec                          0x00000000   Number         0  stubs.o ABSOLUTE
    _printf_l                                0x00000000   Number         0  stubs.o ABSOLUTE
    _printf_lc                               0x00000000   Number         0  stubs.o ABSOLUTE
    _printf_ll                               0x00000000   Number         0  stubs.o ABSOLUTE
    _printf_lld                              0x00000000   Number         0  stubs.o ABSOLUTE
    _printf_lli                              0x00000000   Number         0  stubs.o ABSOLUTE
    _printf_llo                              0x00000000   Number         0  stubs.o ABSOLUTE
    _printf_llu                              0x00000000   Number         0  stubs.o ABSOLUTE
    _printf_llx                              0x00000000   Number         0  stubs.o ABSOLUTE
    _printf_longlong_dec                     0x00000000   Number         0  stubs.o ABSOLUTE
    _printf_longlong_hex                     0x00000000   Number         0  stubs.o ABSOLUTE
    _printf_longlong_oct                     0x00000000   Number         0  stubs.o ABSOLUTE
    _printf_ls                               0x00000000   Number         0  stubs.o ABSOLUTE
    _printf_mbtowc                           0x00000000   Number         0  stubs.o ABSOLUTE
    _printf_n                                0x00000000   Number         0  stubs.o ABSOLUTE
    _printf_o                                0x00000000   Number         0  stubs.o ABSOLUTE
    _printf_p                                0x00000000   Number         0  stubs.o ABSOLUTE
    _printf_percent                          0x00000000   Number         0  stubs.o ABSOLUTE
    _printf_pre_padding                      0x00000000   Number         0  stubs.o ABSOLUTE
    _printf_return_value                     0x00000000   Number         0  stubs.o ABSOLUTE
    _printf_s                                0x00000000   Number         0  stubs.o ABSOLUTE
    _printf_sizespec                         0x00000000   Number         0  stubs.o ABSOLUTE
    _printf_str                              0x00000000   Number         0  stubs.o ABSOLUTE
    _printf_truncate_signed                  0x00000000   Number         0  stubs.o ABSOLUTE
    _printf_truncate_unsigned                0x00000000   Number         0  stubs.o ABSOLUTE
    _printf_u                                0x00000000   Number         0  stubs.o ABSOLUTE
    _printf_wc                               0x00000000   Number         0  stubs.o ABSOLUTE
    _printf_wctomb                           0x00000000   Number         0  stubs.o ABSOLUTE
    _printf_widthprec                        0x00000000   Number         0  stubs.o ABSOLUTE
    _printf_x                                0x00000000   Number         0  stubs.o ABSOLUTE
    __arm_fini_                               - Undefined Weak Reference
    __cpp_initialize__aeabi_                  - Undefined Weak Reference
    __cxa_finalize                            - Undefined Weak Reference
    __decompress                              - Undefined Weak Reference
    _clock_init                               - Undefined Weak Reference
    _microlib_exit                            - Undefined Weak Reference
    __Vectors_Size                           0x0000018c   Number         0  startup_stm32l432xx.o ABSOLUTE
    __Vectors                                0x08000000   Data           4  startup_stm32l432xx.o(RESET)
    __Vectors_End                            0x0800018c   Data           0  startup_stm32l432xx.o(RESET)
    __main                                   0x0800018d   Thumb Code     0  entry.o(.ARM.Collect$$$$00000000)
    _main_stk                                0x0800018d   Thumb Code     0  entry2.o(.ARM.Collect$$$$00000001)
    _main_scatterload                        0x08000191   Thumb Code     0  entry5.o(.ARM.Collect$$$$00000004)
    __main_after_scatterload                 0x08000195   Thumb Code     0  entry5.o(.ARM.Collect$$$$00000004)
    _main_clock                              0x08000195   Thumb Code     0  entry7b.o(.ARM.Collect$$$$00000008)
    _main_cpp_init                           0x08000195   Thumb Code     0  entry8b.o(.ARM.Collect$$$$0000000A)
    _main_init                               0x08000195   Thumb Code     0  entry9a.o(.ARM.Collect$$$$0000000B)
    __rt_lib_shutdown_fini                   0x0800019d   Thumb Code     0  entry12b.o(.ARM.Collect$$$$0000000E)
    __rt_final_cpp                           0x080001a1   Thumb Code     0  entry10a.o(.ARM.Collect$$$$0000000F)
    __rt_final_exit                          0x080001a1   Thumb Code     0  entry11a.o(.ARM.Collect$$$$00000011)
    Reset_Handler                            0x080001a5   Thumb Code     8  startup_stm32l432xx.o(.text)
    ADC1_IRQHandler                          0x080001bf   Thumb Code     0  startup_stm32l432xx.o(.text)
    CAN1_RX0_IRQHandler                      0x080001bf   Thumb Code     0  startup_stm32l432xx.o(.text)
    CAN1_RX1_IRQHandler                      0x080001bf   Thumb Code     0  startup_stm32l432xx.o(.text)
    CAN1_SCE_IRQHandler                      0x080001bf   Thumb Code     0  startup_stm32l432xx.o(.text)
    CAN1_TX_IRQHandler                       0x080001bf   Thumb Code     0  startup_stm32l432xx.o(.text)
    COMP_IRQHandler                          0x080001bf   Thumb Code     0  startup_stm32l432xx.o(.text)
    CRS_IRQHandler                           0x080001bf   Thumb Code     0  startup_stm32l432xx.o(.text)
    DMA1_Channel1_IRQHandler                 0x080001bf   Thumb Code     0  startup_stm32l432xx.o(.text)
    DMA1_Channel2_IRQHandler                 0x080001bf   Thumb Code     0  startup_stm32l432xx.o(.text)
    DMA1_Channel3_IRQHandler                 0x080001bf   Thumb Code     0  startup_stm32l432xx.o(.text)
    DMA1_Channel4_IRQHandler                 0x080001bf   Thumb Code     0  startup_stm32l432xx.o(.text)
    DMA1_Channel5_IRQHandler                 0x080001bf   Thumb Code     0  startup_stm32l432xx.o(.text)
    DMA1_Channel6_IRQHandler                 0x080001bf   Thumb Code     0  startup_stm32l432xx.o(.text)
    DMA1_Channel7_IRQHandler                 0x080001bf   Thumb Code     0  startup_stm32l432xx.o(.text)
    DMA2_Channel1_IRQHandler                 0x080001bf   Thumb Code     0  startup_stm32l432xx.o(.text)
    DMA2_Channel2_IRQHandler                 0x080001bf   Thumb Code     0  startup_stm32l432xx.o(.text)
    DMA2_Channel3_IRQHandler                 0x080001bf   Thumb Code     0  startup_stm32l432xx.o(.text)
    DMA2_Channel4_IRQHandler                 0x080001bf   Thumb Code     0  startup_stm32l432xx.o(.text)
    DMA2_Channel5_IRQHandler                 0x080001bf   Thumb Code     0  startup_stm32l432xx.o(.text)
    DMA2_Channel6_IRQHandler                 0x080001bf   Thumb Code     0  startup_stm32l432xx.o(.text)
    DMA2_Channel7_IRQHandler                 0x080001bf   Thumb Code     0  startup_stm32l432xx.o(.text)
    EXTI0_IRQHandler                         0x080001bf   Thumb Code     0  startup_stm32l432xx.o(.text)
    EXTI15_10_IRQHandler                     0x080001bf   Thumb Code     0  startup_stm32l432xx.o(.text)
    EXTI2_IRQHandler                         0x080001bf   Thumb Code     0  startup_stm32l432xx.o(.text)
    EXTI3_IRQHandler                         0x080001bf   Thumb Code     0  startup_stm32l432xx.o(.text)
    EXTI4_IRQHandler                         0x080001bf   Thumb Code     0  startup_stm32l432xx.o(.text)
    EXTI9_5_IRQHandler                       0x080001bf   Thumb Code     0  startup_stm32l432xx.o(.text)
    FLASH_IRQHandler                         0x080001bf   Thumb Code     0  startup_stm32l432xx.o(.text)
    FPU_IRQHandler                           0x080001bf   Thumb Code     0  startup_stm32l432xx.o(.text)
    I2C1_ER_IRQHandler                       0x080001bf   Thumb Code     0  startup_stm32l432xx.o(.text)
    I2C1_EV_IRQHandler                       0x080001bf   Thumb Code     0  startup_stm32l432xx.o(.text)
    I2C3_ER_IRQHandler                       0x080001bf   Thumb Code     0  startup_stm32l432xx.o(.text)
    I2C3_EV_IRQHandler                       0x080001bf   Thumb Code     0  startup_stm32l432xx.o(.text)
    LPTIM1_IRQHandler                        0x080001bf   Thumb Code     0  startup_stm32l432xx.o(.text)
    LPTIM2_IRQHandler                        0x080001bf   Thumb Code     0  startup_stm32l432xx.o(.text)
    LPUART1_IRQHandler                       0x080001bf   Thumb Code     0  startup_stm32l432xx.o(.text)
    PVD_PVM_IRQHandler                       0x080001bf   Thumb Code     0  startup_stm32l432xx.o(.text)
    QUADSPI_IRQHandler                       0x080001bf   Thumb Code     0  startup_stm32l432xx.o(.text)
    RCC_IRQHandler                           0x080001bf   Thumb Code     0  startup_stm32l432xx.o(.text)
    RNG_IRQHandler                           0x080001bf   Thumb Code     0  startup_stm32l432xx.o(.text)
    RTC_Alarm_IRQHandler                     0x080001bf   Thumb Code     0  startup_stm32l432xx.o(.text)
    RTC_WKUP_IRQHandler                      0x080001bf   Thumb Code     0  startup_stm32l432xx.o(.text)
    SAI1_IRQHandler                          0x080001bf   Thumb Code     0  startup_stm32l432xx.o(.text)
    SPI1_IRQHandler                          0x080001bf   Thumb Code     0  startup_stm32l432xx.o(.text)
    SPI3_IRQHandler                          0x080001bf   Thumb Code     0  startup_stm32l432xx.o(.text)
    SWPMI1_IRQHandler                        0x080001bf   Thumb Code     0  startup_stm32l432xx.o(.text)
    TAMP_STAMP_IRQHandler                    0x080001bf   Thumb Code     0  startup_stm32l432xx.o(.text)
    TIM1_BRK_TIM15_IRQHandler                0x080001bf   Thumb Code     0  startup_stm32l432xx.o(.text)
    TIM1_CC_IRQHandler                       0x080001bf   Thumb Code     0  startup_stm32l432xx.o(.text)
    TIM1_TRG_COM_IRQHandler                  0x080001bf   Thumb Code     0  startup_stm32l432xx.o(.text)
    TIM1_UP_TIM16_IRQHandler                 0x080001bf   Thumb Code     0  startup_stm32l432xx.o(.text)
    TIM2_IRQHandler                          0x080001bf   Thumb Code     0  startup_stm32l432xx.o(.text)
    TIM6_DAC_IRQHandler                      0x080001bf   Thumb Code     0  startup_stm32l432xx.o(.text)
    TIM7_IRQHandler                          0x080001bf   Thumb Code     0  startup_stm32l432xx.o(.text)
    TSC_IRQHandler                           0x080001bf   Thumb Code     0  startup_stm32l432xx.o(.text)
    USART1_IRQHandler                        0x080001bf   Thumb Code     0  startup_stm32l432xx.o(.text)
    USB_IRQHandler                           0x080001bf   Thumb Code     0  startup_stm32l432xx.o(.text)
    WWDG_IRQHandler                          0x080001bf   Thumb Code     0  startup_stm32l432xx.o(.text)
    __aeabi_uldivmod                         0x080001c9   Thumb Code    98  uldiv.o(.text)
    __aeabi_memset                           0x08000231   Thumb Code    14  memseta.o(.text)
    __aeabi_memset4                          0x08000231   Thumb Code     0  memseta.o(.text)
    __aeabi_memset8                          0x08000231   Thumb Code     0  memseta.o(.text)
    __aeabi_memclr                           0x0800023f   Thumb Code     4  memseta.o(.text)
    __aeabi_memclr4                          0x0800023f   Thumb Code     0  memseta.o(.text)
    __aeabi_memclr8                          0x0800023f   Thumb Code     0  memseta.o(.text)
    _memset$wrapper                          0x08000243   Thumb Code    18  memseta.o(.text)
    __aeabi_dadd                             0x08000255   Thumb Code   322  dadd.o(.text)
    __aeabi_dsub                             0x08000397   Thumb Code     6  dadd.o(.text)
    __aeabi_drsub                            0x0800039d   Thumb Code     6  dadd.o(.text)
    __aeabi_dmul                             0x080003b3   Thumb Code   228  dmul.o(.text)
    __aeabi_ddiv                             0x0800049d   Thumb Code   222  ddiv.o(.text)
    __aeabi_i2d                              0x0800057b   Thumb Code    34  dflti.o(.text)
    __aeabi_f2d                              0x0800059d   Thumb Code    38  f2d.o(.text)
    __aeabi_cdcmpeq                          0x080005c5   Thumb Code     0  cdcmple.o(.text)
    __aeabi_cdcmple                          0x080005c5   Thumb Code    48  cdcmple.o(.text)
    __aeabi_cdrcmple                         0x080005f5   Thumb Code    48  cdrcmple.o(.text)
    __aeabi_uidiv                            0x08000625   Thumb Code     0  uidiv.o(.text)
    __aeabi_uidivmod                         0x08000625   Thumb Code    44  uidiv.o(.text)
    __aeabi_llsl                             0x08000651   Thumb Code    30  llshl.o(.text)
    _ll_shift_l                              0x08000651   Thumb Code     0  llshl.o(.text)
    __aeabi_llsr                             0x0800066f   Thumb Code    32  llushr.o(.text)
    _ll_ushift_r                             0x0800066f   Thumb Code     0  llushr.o(.text)
    __aeabi_lasr                             0x0800068f   Thumb Code    36  llsshr.o(.text)
    _ll_sshift_r                             0x0800068f   Thumb Code     0  llsshr.o(.text)
    __I$use$fp                               0x080006b3   Thumb Code     0  iusefp.o(.text)
    _double_round                            0x080006b3   Thumb Code    30  depilogue.o(.text)
    _double_epilogue                         0x080006d1   Thumb Code   156  depilogue.o(.text)
    __aeabi_d2ulz                            0x0800076d   Thumb Code    48  dfixul.o(.text)
    __scatterload                            0x0800079d   Thumb Code    28  init.o(.text)
    __scatterload_rt2                        0x0800079d   Thumb Code     0  init.o(.text)
    BusFault_Handler                         0x080007c1   Thumb Code     4  stm32l4xx_it.o(i.BusFault_Handler)
    DebugMon_Handler                         0x080007c5   Thumb Code     2  stm32l4xx_it.o(i.DebugMon_Handler)
    EXTI1_IRQHandler                         0x080007c7   Thumb Code    10  stm32l4xx_it.o(i.EXTI1_IRQHandler)
    Error_Handler                            0x080007d1   Thumb Code     6  main.o(i.Error_Handler)
    HAL_CRCEx_Polynomial_Set                 0x080007d7   Thumb Code   102  stm32l4xx_hal_crc_ex.o(i.HAL_CRCEx_Polynomial_Set)
    HAL_CRC_Init                             0x0800083d   Thumb Code   128  stm32l4xx_hal_crc.o(i.HAL_CRC_Init)
    HAL_CRC_MspInit                          0x080008c1   Thumb Code    40  crc.o(i.HAL_CRC_MspInit)
    HAL_DMA_Abort                            0x080008f1   Thumb Code    90  stm32l4xx_hal_dma.o(i.HAL_DMA_Abort)
    HAL_DMA_Abort_IT                         0x0800094b   Thumb Code    92  stm32l4xx_hal_dma.o(i.HAL_DMA_Abort_IT)
    HAL_Delay                                0x080009a9   Thumb Code    36  stm32l4xx_hal.o(i.HAL_Delay)
    HAL_GPIO_EXTI_Callback                   0x080009d1   Thumb Code    20  main.o(i.HAL_GPIO_EXTI_Callback)
    HAL_GPIO_EXTI_IRQHandler                 0x080009ed   Thumb Code    24  stm32l4xx_hal_gpio.o(i.HAL_GPIO_EXTI_IRQHandler)
    HAL_GPIO_Init                            0x08000a09   Thumb Code   398  stm32l4xx_hal_gpio.o(i.HAL_GPIO_Init)
    HAL_GetTick                              0x08000bad   Thumb Code     6  stm32l4xx_hal.o(i.HAL_GetTick)
    HAL_I2CEx_ConfigAnalogFilter             0x08000bb9   Thumb Code   106  stm32l4xx_hal_i2c_ex.o(i.HAL_I2CEx_ConfigAnalogFilter)
    HAL_I2CEx_ConfigDigitalFilter            0x08000c23   Thumb Code   104  stm32l4xx_hal_i2c_ex.o(i.HAL_I2CEx_ConfigDigitalFilter)
    HAL_I2C_Init                             0x08000c8d   Thumb Code   192  stm32l4xx_hal_i2c.o(i.HAL_I2C_Init)
    HAL_I2C_Mem_Read                         0x08000d51   Thumb Code   408  stm32l4xx_hal_i2c.o(i.HAL_I2C_Mem_Read)
    HAL_I2C_Mem_Write                        0x08000ef9   Thumb Code   402  stm32l4xx_hal_i2c.o(i.HAL_I2C_Mem_Write)
    HAL_I2C_MspInit                          0x08001099   Thumb Code   310  i2c.o(i.HAL_I2C_MspInit)
    HAL_IncTick                              0x080011e1   Thumb Code    16  stm32l4xx_hal.o(i.HAL_IncTick)
    HAL_Init                                 0x080011f9   Thumb Code    30  stm32l4xx_hal.o(i.HAL_Init)
    HAL_InitTick                             0x08001219   Thumb Code    74  stm32l4xx_hal.o(i.HAL_InitTick)
    HAL_MspInit                              0x08001271   Thumb Code    58  stm32l4xx_hal_msp.o(i.HAL_MspInit)
    HAL_NVIC_EnableIRQ                       0x080012b1   Thumb Code    40  stm32l4xx_hal_cortex.o(i.HAL_NVIC_EnableIRQ)
    HAL_NVIC_SetPriority                     0x080012d9   Thumb Code   124  stm32l4xx_hal_cortex.o(i.HAL_NVIC_SetPriority)
    HAL_NVIC_SetPriorityGrouping             0x0800135d   Thumb Code    32  stm32l4xx_hal_cortex.o(i.HAL_NVIC_SetPriorityGrouping)
    HAL_PWREx_ControlVoltageScaling          0x08001385   Thumb Code   128  stm32l4xx_hal_pwr_ex.o(i.HAL_PWREx_ControlVoltageScaling)
    HAL_PWREx_GetVoltageRange                0x08001411   Thumb Code    10  stm32l4xx_hal_pwr_ex.o(i.HAL_PWREx_GetVoltageRange)
    HAL_RCCEx_PeriphCLKConfig                0x08001421   Thumb Code   834  stm32l4xx_hal_rcc_ex.o(i.HAL_RCCEx_PeriphCLKConfig)
    HAL_RCC_ClockConfig                      0x0800176d   Thumb Code   414  stm32l4xx_hal_rcc.o(i.HAL_RCC_ClockConfig)
    HAL_RCC_GetHCLKFreq                      0x08001921   Thumb Code     6  stm32l4xx_hal_rcc.o(i.HAL_RCC_GetHCLKFreq)
    HAL_RCC_GetPCLK1Freq                     0x0800192d   Thumb Code    26  stm32l4xx_hal_rcc.o(i.HAL_RCC_GetPCLK1Freq)
    HAL_RCC_GetPCLK2Freq                     0x08001951   Thumb Code    26  stm32l4xx_hal_rcc.o(i.HAL_RCC_GetPCLK2Freq)
    HAL_RCC_GetSysClockFreq                  0x08001975   Thumb Code   220  stm32l4xx_hal_rcc.o(i.HAL_RCC_GetSysClockFreq)
    HAL_RCC_OscConfig                        0x08001a61   Thumb Code  1856  stm32l4xx_hal_rcc.o(i.HAL_RCC_OscConfig)
    HAL_SYSTICK_Config                       0x080021b1   Thumb Code    52  stm32l4xx_hal_cortex.o(i.HAL_SYSTICK_Config)
    HAL_UARTEx_RxEventCallback               0x080021e5   Thumb Code     2  stm32l4xx_hal_uart.o(i.HAL_UARTEx_RxEventCallback)
    HAL_UARTEx_WakeupCallback                0x080021e7   Thumb Code     2  stm32l4xx_hal_uart_ex.o(i.HAL_UARTEx_WakeupCallback)
    HAL_UART_ErrorCallback                   0x080021e9   Thumb Code     2  stm32l4xx_hal_uart.o(i.HAL_UART_ErrorCallback)
    HAL_UART_IRQHandler                      0x080021ed   Thumb Code   832  stm32l4xx_hal_uart.o(i.HAL_UART_IRQHandler)
    HAL_UART_Init                            0x08002535   Thumb Code   116  stm32l4xx_hal_uart.o(i.HAL_UART_Init)
    HAL_UART_MspInit                         0x080025a9   Thumb Code   154  usart.o(i.HAL_UART_MspInit)
    HAL_UART_Transmit                        0x0800264d   Thumb Code   210  stm32l4xx_hal_uart.o(i.HAL_UART_Transmit)
    HAL_UART_TxCpltCallback                  0x08002725   Thumb Code     2  stm32l4xx_hal_uart.o(i.HAL_UART_TxCpltCallback)
    HardFault_Handler                        0x08002727   Thumb Code     4  stm32l4xx_it.o(i.HardFault_Handler)
    MX_CRC_Init                              0x08002ae5   Thumb Code    42  crc.o(i.MX_CRC_Init)
    MX_GPIO_Init                             0x08002b19   Thumb Code   108  gpio.o(i.MX_GPIO_Init)
    MX_I2C1_Init                             0x08002b8d   Thumb Code    74  i2c.o(i.MX_I2C1_Init)
    MX_I2C3_Init                             0x08002be5   Thumb Code    74  i2c.o(i.MX_I2C3_Init)
    MX_USART2_UART_Init                      0x08002c3d   Thumb Code    56  usart.o(i.MX_USART2_UART_Init)
    MemManage_Handler                        0x08002c7d   Thumb Code     4  stm32l4xx_it.o(i.MemManage_Handler)
    NMI_Handler                              0x08002c81   Thumb Code     4  stm32l4xx_it.o(i.NMI_Handler)
    PendSV_Handler                           0x08002c85   Thumb Code     2  stm32l4xx_it.o(i.PendSV_Handler)
    SVC_Handler                              0x08002ead   Thumb Code     2  stm32l4xx_it.o(i.SVC_Handler)
    SysTick_Handler                          0x08002eaf   Thumb Code     8  stm32l4xx_it.o(i.SysTick_Handler)
    SystemClock_Config                       0x08002eb7   Thumb Code   120  main.o(i.SystemClock_Config)
    SystemInit                               0x08002f31   Thumb Code    14  system_stm32l4xx.o(i.SystemInit)
    UART_AdvFeatureConfig                    0x08002f45   Thumb Code   248  stm32l4xx_hal_uart.o(i.UART_AdvFeatureConfig)
    UART_CheckIdleState                      0x0800303d   Thumb Code   114  stm32l4xx_hal_uart.o(i.UART_CheckIdleState)
    UART_SetConfig                           0x08003159   Thumb Code   668  stm32l4xx_hal_uart.o(i.UART_SetConfig)
    UART_WaitOnFlagUntilTimeout              0x08003413   Thumb Code   248  stm32l4xx_hal_uart.o(i.UART_WaitOnFlagUntilTimeout)
    USART2_IRQHandler                        0x0800350d   Thumb Code    10  stm32l4xx_it.o(i.USART2_IRQHandler)
    UsageFault_Handler                       0x0800351d   Thumb Code     4  stm32l4xx_it.o(i.UsageFault_Handler)
    __0printf                                0x08003521   Thumb Code    22  printfa.o(i.__0printf)
    __1printf                                0x08003521   Thumb Code     0  printfa.o(i.__0printf)
    __2printf                                0x08003521   Thumb Code     0  printfa.o(i.__0printf)
    __c89printf                              0x08003521   Thumb Code     0  printfa.o(i.__0printf)
    printf                                   0x08003521   Thumb Code     0  printfa.o(i.__0printf)
    __hardfp_fabs                            0x08003579   Thumb Code    20  fabs.o(i.__hardfp_fabs)
    __scatterload_copy                       0x0800358d   Thumb Code    14  handlers.o(i.__scatterload_copy)
    __scatterload_null                       0x0800359b   Thumb Code     2  handlers.o(i.__scatterload_null)
    __scatterload_zeroinit                   0x0800359d   Thumb Code    14  handlers.o(i.__scatterload_zeroinit)
    drawLineWithYCoords                      0x08003e45   Thumb Code   142  main.o(i.drawLineWithYCoords)
    fputc                                    0x08003eed   Thumb Code    22  main.o(i.fputc)
    get_values                               0x08003f09   Thumb Code    70  main.o(i.get_values)
    lsm6dsl_acceleration_raw_get             0x08003f65   Thumb Code    84  lsm6dsl_reg.o(i.lsm6dsl_acceleration_raw_get)
    lsm6dsl_block_data_update_set            0x08003fb9   Thumb Code    50  lsm6dsl_reg.o(i.lsm6dsl_block_data_update_set)
    lsm6dsl_device_id_get                    0x08003feb   Thumb Code    24  lsm6dsl_reg.o(i.lsm6dsl_device_id_get)
    lsm6dsl_pin_int1_route_get               0x08004003   Thumb Code   330  lsm6dsl_reg.o(i.lsm6dsl_pin_int1_route_get)
    lsm6dsl_pin_int1_route_set               0x0800414d   Thumb Code   616  lsm6dsl_reg.o(i.lsm6dsl_pin_int1_route_set)
    lsm6dsl_read_reg                         0x080043b5   Thumb Code    34  lsm6dsl_reg.o(i.lsm6dsl_read_reg)
    lsm6dsl_write_reg                        0x080043d7   Thumb Code    34  lsm6dsl_reg.o(i.lsm6dsl_write_reg)
    lsm6dsl_xl_data_rate_set                 0x080043f9   Thumb Code    50  lsm6dsl_reg.o(i.lsm6dsl_xl_data_rate_set)
    lsm6dsl_xl_full_scale_set                0x0800442b   Thumb Code    50  lsm6dsl_reg.o(i.lsm6dsl_xl_full_scale_set)
    main                                     0x0800445d   Thumb Code   260  main.o(i.main)
    scaleToRange                             0x080045f1   Thumb Code    48  main.o(i.scaleToRange)
    shiftArray                               0x08004621   Thumb Code    28  main.o(i.shiftArray)
    ssd1306_DrawPixel                        0x0800463d   Thumb Code   136  ssd1306.o(i.ssd1306_DrawPixel)
    ssd1306_Fill                             0x080046c9   Thumb Code    26  ssd1306.o(i.ssd1306_Fill)
    ssd1306_Init                             0x080046e9   Thumb Code   198  ssd1306.o(i.ssd1306_Init)
    ssd1306_Line                             0x080047b5   Thumb Code   140  ssd1306.o(i.ssd1306_Line)
    ssd1306_Reset                            0x08004847   Thumb Code     2  ssd1306.o(i.ssd1306_Reset)
    ssd1306_SetContrast                      0x08004849   Thumb Code    20  ssd1306.o(i.ssd1306_SetContrast)
    ssd1306_SetCursor                        0x0800485d   Thumb Code     8  ssd1306.o(i.ssd1306_SetCursor)
    ssd1306_SetDisplayOn                     0x08004869   Thumb Code    32  ssd1306.o(i.ssd1306_SetDisplayOn)
    ssd1306_UpdateScreen                     0x0800488d   Thumb Code    52  ssd1306.o(i.ssd1306_UpdateScreen)
    ssd1306_WriteChar                        0x080048c5   Thumb Code   184  ssd1306.o(i.ssd1306_WriteChar)
    ssd1306_WriteCommand                     0x08004981   Thumb Code    34  ssd1306.o(i.ssd1306_WriteCommand)
    ssd1306_WriteData                        0x080049a9   Thumb Code    32  ssd1306.o(i.ssd1306_WriteData)
    ssd1306_WriteString                      0x080049cd   Thumb Code    44  ssd1306.o(i.ssd1306_WriteString)
    strum_trigger                            0x080049f9   Thumb Code   836  main.o(i.strum_trigger)
    AHBPrescTable                            0x08008d40   Data          16  system_stm32l4xx.o(.constdata)
    APBPrescTable                            0x08008d50   Data           8  system_stm32l4xx.o(.constdata)
    MSIRangeTable                            0x08008d58   Data          48  system_stm32l4xx.o(.constdata)
    Region$$Table$$Base                      0x08008d9c   Number         0  anon$$obj.o(Region$$Table)
    Region$$Table$$Limit                     0x08008dbc   Number         0  anon$$obj.o(Region$$Table)
    Font_6x8                                 0x20000008   Data           8  ssd1306_fonts.o(.data)
    Font_7x10                                0x20000010   Data           8  ssd1306_fonts.o(.data)
    Font_11x18                               0x20000018   Data           8  ssd1306_fonts.o(.data)
    Font_16x26                               0x20000020   Data           8  ssd1306_fonts.o(.data)
    Font_16x24                               0x20000028   Data           8  ssd1306_fonts.o(.data)
    id                                       0x20000030   Data           1  main.o(.data)
    start                                    0x20000034   Data           4  main.o(.data)
    data_raw                                 0x20000038   Data           6  main.o(.data)
    dataRdyIntReceived                       0x20000040   Data           4  main.o(.data)
    times                                    0x20000044   Data           4  main.o(.data)
    DRAW_POINT                               0x20000048   Data          60  main.o(.data)
    DRAW                                     0x20000084   Data           4  main.o(.data)
    L_DRAW                                   0x20000088   Data           4  main.o(.data)
    network                                  0x2000008c   Data           4  main.o(.data)
    output                                   0x20000090   Data           4  main.o(.data)
    write_index                              0x20000094   Data           4  main.o(.data)
    ai_input                                 0x20000098   Data           4  main.o(.data)
    ai_output                                0x2000009c   Data           4  main.o(.data)
    OUT                                      0x200000a0   Data          20  main.o(.data)
    cls                                      0x200000b4   Data           4  main.o(.data)
    uwTick                                   0x200000b8   Data           4  stm32l4xx_hal.o(.data)
    uwTickPrio                               0x200000bc   Data           4  stm32l4xx_hal.o(.data)
    uwTickFreq                               0x200000c0   Data           1  stm32l4xx_hal.o(.data)
    SystemCoreClock                          0x200000c4   Data           4  system_stm32l4xx.o(.data)
    __stdout                                 0x200000c8   Data           4  stdout.o(.data)
    dev_ctx                                  0x200004cc   Data          16  main.o(.bss)
    aiInData                                 0x200004dc   Data         400  main.o(.bss)
    aiOutData                                0x2000066c   Data          20  main.o(.bss)
    activations                              0x20000680   Data        9344  main.o(.bss)
    count                                    0x20002b00   Data          20  main.o(.bss)
    hcrc                                     0x20002b14   Data          36  crc.o(.bss)
    hi2c1                                    0x20002b38   Data          84  i2c.o(.bss)
    hi2c3                                    0x20002b8c   Data          84  i2c.o(.bss)
    huart2                                   0x20002be0   Data         132  usart.o(.bss)
    __initial_sp                             0x20003468   Data           0  startup_stm32l432xx.o(STACK)



==============================================================================

Memory Map of the image

  Image Entry point : 0x0800018d

  Load Region LR_IROM1 (Base: 0x08000000, Size: 0x00008e88, Max: 0x00040000, ABSOLUTE)

    Execution Region ER_IROM1 (Exec base: 0x08000000, Load base: 0x08000000, Size: 0x00008dbc, Max: 0x00040000, ABSOLUTE)

    Exec Addr    Load Addr    Size         Type   Attr      Idx    E Section Name        Object

    0x08000000   0x08000000   0x0000018c   Data   RO            3    RESET               startup_stm32l432xx.o
    0x0800018c   0x0800018c   0x00000000   Code   RO         7728  * .ARM.Collect$$$$00000000  mc_w.l(entry.o)
    0x0800018c   0x0800018c   0x00000004   Code   RO         8133    .ARM.Collect$$$$00000001  mc_w.l(entry2.o)
    0x08000190   0x08000190   0x00000004   Code   RO         8136    .ARM.Collect$$$$00000004  mc_w.l(entry5.o)
    0x08000194   0x08000194   0x00000000   Code   RO         8138    .ARM.Collect$$$$00000008  mc_w.l(entry7b.o)
    0x08000194   0x08000194   0x00000000   Code   RO         8140    .ARM.Collect$$$$0000000A  mc_w.l(entry8b.o)
    0x08000194   0x08000194   0x00000008   Code   RO         8141    .ARM.Collect$$$$0000000B  mc_w.l(entry9a.o)
    0x0800019c   0x0800019c   0x00000004   Code   RO         8148    .ARM.Collect$$$$0000000E  mc_w.l(entry12b.o)
    0x080001a0   0x080001a0   0x00000000   Code   RO         8143    .ARM.Collect$$$$0000000F  mc_w.l(entry10a.o)
    0x080001a0   0x080001a0   0x00000000   Code   RO         8145    .ARM.Collect$$$$00000011  mc_w.l(entry11a.o)
    0x080001a0   0x080001a0   0x00000004   Code   RO         8134    .ARM.Collect$$$$00002712  mc_w.l(entry2.o)
    0x080001a4   0x080001a4   0x00000024   Code   RO            4    .text               startup_stm32l432xx.o
    0x080001c8   0x080001c8   0x00000068   Code   RO         7731    .text               mc_w.l(uldiv.o)
    0x08000230   0x08000230   0x00000024   Code   RO         7737    .text               mc_w.l(memseta.o)
    0x08000254   0x08000254   0x0000015e   Code   RO         8034    .text               mf_w.l(dadd.o)
    0x080003b2   0x080003b2   0x000000ea   Code   RO         8036    .text               mf_w.l(dmul.o)
    0x0800049c   0x0800049c   0x000000de   Code   RO         8038    .text               mf_w.l(ddiv.o)
    0x0800057a   0x0800057a   0x00000022   Code   RO         8040    .text               mf_w.l(dflti.o)
    0x0800059c   0x0800059c   0x00000026   Code   RO         8048    .text               mf_w.l(f2d.o)
    0x080005c2   0x080005c2   0x00000002   PAD
    0x080005c4   0x080005c4   0x00000030   Code   RO         8050    .text               mf_w.l(cdcmple.o)
    0x080005f4   0x080005f4   0x00000030   Code   RO         8052    .text               mf_w.l(cdrcmple.o)
    0x08000624   0x08000624   0x0000002c   Code   RO         8150    .text               mc_w.l(uidiv.o)
    0x08000650   0x08000650   0x0000001e   Code   RO         8152    .text               mc_w.l(llshl.o)
    0x0800066e   0x0800066e   0x00000020   Code   RO         8154    .text               mc_w.l(llushr.o)
    0x0800068e   0x0800068e   0x00000024   Code   RO         8156    .text               mc_w.l(llsshr.o)
    0x080006b2   0x080006b2   0x00000000   Code   RO         8167    .text               mc_w.l(iusefp.o)
    0x080006b2   0x080006b2   0x000000ba   Code   RO         8174    .text               mf_w.l(depilogue.o)
    0x0800076c   0x0800076c   0x00000030   Code   RO         8182    .text               mf_w.l(dfixul.o)
    0x0800079c   0x0800079c   0x00000024   Code   RO         8186    .text               mc_w.l(init.o)
    0x080007c0   0x080007c0   0x00000004   Code   RO         2908    i.BusFault_Handler  stm32l4xx_it.o
    0x080007c4   0x080007c4   0x00000002   Code   RO         2909    i.DebugMon_Handler  stm32l4xx_it.o
    0x080007c6   0x080007c6   0x0000000a   Code   RO         2910    i.EXTI1_IRQHandler  stm32l4xx_it.o
    0x080007d0   0x080007d0   0x00000006   Code   RO         2462    i.Error_Handler     main.o
    0x080007d6   0x080007d6   0x00000066   Code   RO         3092    i.HAL_CRCEx_Polynomial_Set  stm32l4xx_hal_crc_ex.o
    0x0800083c   0x0800083c   0x00000084   Code   RO         3026    i.HAL_CRC_Init      stm32l4xx_hal_crc.o
    0x080008c0   0x080008c0   0x00000030   Code   RO         2777    i.HAL_CRC_MspInit   crc.o
    0x080008f0   0x080008f0   0x0000005a   Code   RO         3920    i.HAL_DMA_Abort     stm32l4xx_hal_dma.o
    0x0800094a   0x0800094a   0x0000005c   Code   RO         3921    i.HAL_DMA_Abort_IT  stm32l4xx_hal_dma.o
    0x080009a6   0x080009a6   0x00000002   PAD
    0x080009a8   0x080009a8   0x00000028   Code   RO         3133    i.HAL_Delay         stm32l4xx_hal.o
    0x080009d0   0x080009d0   0x0000001c   Code   RO         2463    i.HAL_GPIO_EXTI_Callback  main.o
    0x080009ec   0x080009ec   0x0000001c   Code   RO         3855    i.HAL_GPIO_EXTI_IRQHandler  stm32l4xx_hal_gpio.o
    0x08000a08   0x08000a08   0x000001a4   Code   RO         3856    i.HAL_GPIO_Init     stm32l4xx_hal_gpio.o
    0x08000bac   0x08000bac   0x0000000c   Code   RO         3137    i.HAL_GetTick       stm32l4xx_hal.o
    0x08000bb8   0x08000bb8   0x0000006a   Code   RO         5052    i.HAL_I2CEx_ConfigAnalogFilter  stm32l4xx_hal_i2c_ex.o
    0x08000c22   0x08000c22   0x00000068   Code   RO         5053    i.HAL_I2CEx_ConfigDigitalFilter  stm32l4xx_hal_i2c_ex.o
    0x08000c8a   0x08000c8a   0x00000002   PAD
    0x08000c8c   0x08000c8c   0x000000c4   Code   RO         4591    i.HAL_I2C_Init      stm32l4xx_hal_i2c.o
    0x08000d50   0x08000d50   0x000001a6   Code   RO         4609    i.HAL_I2C_Mem_Read  stm32l4xx_hal_i2c.o
    0x08000ef6   0x08000ef6   0x00000002   PAD
    0x08000ef8   0x08000ef8   0x0000019e   Code   RO         4612    i.HAL_I2C_Mem_Write  stm32l4xx_hal_i2c.o
    0x08001096   0x08001096   0x00000002   PAD
    0x08001098   0x08001098   0x00000148   Code   RO         2819    i.HAL_I2C_MspInit   i2c.o
    0x080011e0   0x080011e0   0x00000018   Code   RO         3143    i.HAL_IncTick       stm32l4xx_hal.o
    0x080011f8   0x080011f8   0x0000001e   Code   RO         3144    i.HAL_Init          stm32l4xx_hal.o
    0x08001216   0x08001216   0x00000002   PAD
    0x08001218   0x08001218   0x00000058   Code   RO         3145    i.HAL_InitTick      stm32l4xx_hal.o
    0x08001270   0x08001270   0x00000040   Code   RO         2996    i.HAL_MspInit       stm32l4xx_hal_msp.o
    0x080012b0   0x080012b0   0x00000028   Code   RO         4373    i.HAL_NVIC_EnableIRQ  stm32l4xx_hal_cortex.o
    0x080012d8   0x080012d8   0x00000082   Code   RO         4379    i.HAL_NVIC_SetPriority  stm32l4xx_hal_cortex.o
    0x0800135a   0x0800135a   0x00000002   PAD
    0x0800135c   0x0800135c   0x00000028   Code   RO         4380    i.HAL_NVIC_SetPriorityGrouping  stm32l4xx_hal_cortex.o
    0x08001384   0x08001384   0x0000008c   Code   RO         4147    i.HAL_PWREx_ControlVoltageScaling  stm32l4xx_hal_pwr_ex.o
    0x08001410   0x08001410   0x00000010   Code   RO         4174    i.HAL_PWREx_GetVoltageRange  stm32l4xx_hal_pwr_ex.o
    0x08001420   0x08001420   0x0000034c   Code   RO         3459    i.HAL_RCCEx_PeriphCLKConfig  stm32l4xx_hal_rcc_ex.o
    0x0800176c   0x0800176c   0x000001b4   Code   RO         3331    i.HAL_RCC_ClockConfig  stm32l4xx_hal_rcc.o
    0x08001920   0x08001920   0x0000000c   Code   RO         3335    i.HAL_RCC_GetHCLKFreq  stm32l4xx_hal_rcc.o
    0x0800192c   0x0800192c   0x00000024   Code   RO         3337    i.HAL_RCC_GetPCLK1Freq  stm32l4xx_hal_rcc.o
    0x08001950   0x08001950   0x00000024   Code   RO         3338    i.HAL_RCC_GetPCLK2Freq  stm32l4xx_hal_rcc.o
    0x08001974   0x08001974   0x000000ec   Code   RO         3340    i.HAL_RCC_GetSysClockFreq  stm32l4xx_hal_rcc.o
    0x08001a60   0x08001a60   0x00000750   Code   RO         3343    i.HAL_RCC_OscConfig  stm32l4xx_hal_rcc.o
    0x080021b0   0x080021b0   0x00000034   Code   RO         4384    i.HAL_SYSTICK_Config  stm32l4xx_hal_cortex.o
    0x080021e4   0x080021e4   0x00000002   Code   RO         5151    i.HAL_UARTEx_RxEventCallback  stm32l4xx_hal_uart.o
    0x080021e6   0x080021e6   0x00000002   Code   RO         5549    i.HAL_UARTEx_WakeupCallback  stm32l4xx_hal_uart_ex.o
    0x080021e8   0x080021e8   0x00000002   Code   RO         5167    i.HAL_UART_ErrorCallback  stm32l4xx_hal_uart.o
    0x080021ea   0x080021ea   0x00000002   PAD
    0x080021ec   0x080021ec   0x00000348   Code   RO         5170    i.HAL_UART_IRQHandler  stm32l4xx_hal_uart.o
    0x08002534   0x08002534   0x00000074   Code   RO         5171    i.HAL_UART_Init     stm32l4xx_hal_uart.o
    0x080025a8   0x080025a8   0x000000a4   Code   RO         2867    i.HAL_UART_MspInit  usart.o
    0x0800264c   0x0800264c   0x000000d8   Code   RO         5180    i.HAL_UART_Transmit  stm32l4xx_hal_uart.o
    0x08002724   0x08002724   0x00000002   Code   RO         5183    i.HAL_UART_TxCpltCallback  stm32l4xx_hal_uart.o
    0x08002726   0x08002726   0x00000004   Code   RO         2911    i.HardFault_Handler  stm32l4xx_it.o
    0x0800272a   0x0800272a   0x00000028   Code   RO         4638    i.I2C_Flush_TXDR    stm32l4xx_hal_i2c.o
    0x08002752   0x08002752   0x00000002   PAD
    0x08002754   0x08002754   0x0000014e   Code   RO         4646    i.I2C_IsErrorOccurred  stm32l4xx_hal_i2c.o
    0x080028a2   0x080028a2   0x00000002   PAD
    0x080028a4   0x080028a4   0x0000007c   Code   RO         4651    i.I2C_RequestMemoryRead  stm32l4xx_hal_i2c.o
    0x08002920   0x08002920   0x0000007c   Code   RO         4652    i.I2C_RequestMemoryWrite  stm32l4xx_hal_i2c.o
    0x0800299c   0x0800299c   0x00000038   Code   RO         4655    i.I2C_TransferConfig  stm32l4xx_hal_i2c.o
    0x080029d4   0x080029d4   0x0000005e   Code   RO         4657    i.I2C_WaitOnFlagUntilTimeout  stm32l4xx_hal_i2c.o
    0x08002a32   0x08002a32   0x00000056   Code   RO         4659    i.I2C_WaitOnSTOPFlagUntilTimeout  stm32l4xx_hal_i2c.o
    0x08002a88   0x08002a88   0x0000005a   Code   RO         4660    i.I2C_WaitOnTXISFlagUntilTimeout  stm32l4xx_hal_i2c.o
    0x08002ae2   0x08002ae2   0x00000002   PAD
    0x08002ae4   0x08002ae4   0x00000034   Code   RO         2778    i.MX_CRC_Init       crc.o
    0x08002b18   0x08002b18   0x00000074   Code   RO         2740    i.MX_GPIO_Init      gpio.o
    0x08002b8c   0x08002b8c   0x00000058   Code   RO         2820    i.MX_I2C1_Init      i2c.o
    0x08002be4   0x08002be4   0x00000058   Code   RO         2821    i.MX_I2C3_Init      i2c.o
    0x08002c3c   0x08002c3c   0x00000040   Code   RO         2868    i.MX_USART2_UART_Init  usart.o
    0x08002c7c   0x08002c7c   0x00000004   Code   RO         2912    i.MemManage_Handler  stm32l4xx_it.o
    0x08002c80   0x08002c80   0x00000004   Code   RO         2913    i.NMI_Handler       stm32l4xx_it.o
    0x08002c84   0x08002c84   0x00000002   Code   RO         2914    i.PendSV_Handler    stm32l4xx_it.o
    0x08002c86   0x08002c86   0x00000002   PAD
    0x08002c88   0x08002c88   0x00000188   Code   RO         3463    i.RCCEx_PLLSAI1_Config  stm32l4xx_hal_rcc_ex.o
    0x08002e10   0x08002e10   0x0000009c   Code   RO         3344    i.RCC_SetFlashLatencyFromMSIRange  stm32l4xx_hal_rcc.o
    0x08002eac   0x08002eac   0x00000002   Code   RO         2915    i.SVC_Handler       stm32l4xx_it.o
    0x08002eae   0x08002eae   0x00000008   Code   RO         2916    i.SysTick_Handler   stm32l4xx_it.o
    0x08002eb6   0x08002eb6   0x00000078   Code   RO         2464    i.SystemClock_Config  main.o
    0x08002f2e   0x08002f2e   0x00000002   PAD
    0x08002f30   0x08002f30   0x00000014   Code   RO         5629    i.SystemInit        system_stm32l4xx.o
    0x08002f44   0x08002f44   0x000000f8   Code   RO         5185    i.UART_AdvFeatureConfig  stm32l4xx_hal_uart.o
    0x0800303c   0x0800303c   0x00000072   Code   RO         5186    i.UART_CheckIdleState  stm32l4xx_hal_uart.o
    0x080030ae   0x080030ae   0x00000018   Code   RO         5187    i.UART_DMAAbortOnError  stm32l4xx_hal_uart.o
    0x080030c6   0x080030c6   0x00000064   Code   RO         5197    i.UART_EndRxTransfer  stm32l4xx_hal_uart.o
    0x0800312a   0x0800312a   0x0000002e   Code   RO         5198    i.UART_EndTransmit_IT  stm32l4xx_hal_uart.o
    0x08003158   0x08003158   0x000002ba   Code   RO         5202    i.UART_SetConfig    stm32l4xx_hal_uart.o
    0x08003412   0x08003412   0x000000f8   Code   RO         5207    i.UART_WaitOnFlagUntilTimeout  stm32l4xx_hal_uart.o
    0x0800350a   0x0800350a   0x00000002   PAD
    0x0800350c   0x0800350c   0x00000010   Code   RO         2917    i.USART2_IRQHandler  stm32l4xx_it.o
    0x0800351c   0x0800351c   0x00000004   Code   RO         2918    i.UsageFault_Handler  stm32l4xx_it.o
    0x08003520   0x08003520   0x00000020   Code   RO         7978    i.__0printf         mc_w.l(printfa.o)
    0x08003540   0x08003540   0x00000010   Code   RO         4386    i.__NVIC_GetPriorityGrouping  stm32l4xx_hal_cortex.o
    0x08003550   0x08003550   0x00000028   Code   RO         4387    i.__NVIC_SetPriority  stm32l4xx_hal_cortex.o
    0x08003578   0x08003578   0x00000014   Code   RO         7586    i.__hardfp_fabs     m_wm.l(fabs.o)
    0x0800358c   0x0800358c   0x0000000e   Code   RO         8190    i.__scatterload_copy  mc_w.l(handlers.o)
    0x0800359a   0x0800359a   0x00000002   Code   RO         8191    i.__scatterload_null  mc_w.l(handlers.o)
    0x0800359c   0x0800359c   0x0000000e   Code   RO         8192    i.__scatterload_zeroinit  mc_w.l(handlers.o)
    0x080035aa   0x080035aa   0x00000002   PAD
    0x080035ac   0x080035ac   0x0000018a   Code   RO         7985    i._fp_digits        mc_w.l(printfa.o)
    0x08003736   0x08003736   0x00000002   PAD
    0x08003738   0x08003738   0x000006ba   Code   RO         7986    i._printf_core      mc_w.l(printfa.o)
    0x08003df2   0x08003df2   0x00000024   Code   RO         7987    i._printf_post_padding  mc_w.l(printfa.o)
    0x08003e16   0x08003e16   0x0000002e   Code   RO         7988    i._printf_pre_padding  mc_w.l(printfa.o)
    0x08003e44   0x08003e44   0x000000a6   Code   RO         2467    i.drawLineWithYCoords  main.o
    0x08003eea   0x08003eea   0x00000002   PAD
    0x08003eec   0x08003eec   0x0000001c   Code   RO         2468    i.fputc             main.o
    0x08003f08   0x08003f08   0x0000005c   Code   RO         2469    i.get_values        main.o
    0x08003f64   0x08003f64   0x00000054   Code   RO          585    i.lsm6dsl_acceleration_raw_get  lsm6dsl_reg.o
    0x08003fb8   0x08003fb8   0x00000032   Code   RO          597    i.lsm6dsl_block_data_update_set  lsm6dsl_reg.o
    0x08003fea   0x08003fea   0x00000018   Code   RO          616    i.lsm6dsl_device_id_get  lsm6dsl_reg.o
    0x08004002   0x08004002   0x0000014a   Code   RO          708    i.lsm6dsl_pin_int1_route_get  lsm6dsl_reg.o
    0x0800414c   0x0800414c   0x00000268   Code   RO          709    i.lsm6dsl_pin_int1_route_set  lsm6dsl_reg.o
    0x080043b4   0x080043b4   0x00000022   Code   RO          716    i.lsm6dsl_read_reg  lsm6dsl_reg.o
    0x080043d6   0x080043d6   0x00000022   Code   RO          799    i.lsm6dsl_write_reg  lsm6dsl_reg.o
    0x080043f8   0x080043f8   0x00000032   Code   RO          801    i.lsm6dsl_xl_data_rate_set  lsm6dsl_reg.o
    0x0800442a   0x0800442a   0x00000032   Code   RO          806    i.lsm6dsl_xl_full_scale_set  lsm6dsl_reg.o
    0x0800445c   0x0800445c   0x00000134   Code   RO         2470    i.main              main.o
    0x08004590   0x08004590   0x00000030   Code   RO         2472    i.platform_read     main.o
    0x080045c0   0x080045c0   0x00000030   Code   RO         2473    i.platform_write    main.o
    0x080045f0   0x080045f0   0x00000030   Code   RO         2474    i.scaleToRange      main.o
    0x08004620   0x08004620   0x0000001c   Code   RO         2475    i.shiftArray        main.o
    0x0800463c   0x0800463c   0x0000008c   Code   RO         2069    i.ssd1306_DrawPixel  ssd1306.o
    0x080046c8   0x080046c8   0x00000020   Code   RO         2071    i.ssd1306_Fill      ssd1306.o
    0x080046e8   0x080046e8   0x000000cc   Code   RO         2076    i.ssd1306_Init      ssd1306.o
    0x080047b4   0x080047b4   0x00000092   Code   RO         2077    i.ssd1306_Line      ssd1306.o
    0x08004846   0x08004846   0x00000002   Code   RO         2080    i.ssd1306_Reset     ssd1306.o
    0x08004848   0x08004848   0x00000014   Code   RO         2081    i.ssd1306_SetContrast  ssd1306.o
    0x0800485c   0x0800485c   0x0000000c   Code   RO         2082    i.ssd1306_SetCursor  ssd1306.o
    0x08004868   0x08004868   0x00000024   Code   RO         2083    i.ssd1306_SetDisplayOn  ssd1306.o
    0x0800488c   0x0800488c   0x00000038   Code   RO         2084    i.ssd1306_UpdateScreen  ssd1306.o
    0x080048c4   0x080048c4   0x000000bc   Code   RO         2085    i.ssd1306_WriteChar  ssd1306.o
    0x08004980   0x08004980   0x00000028   Code   RO         2086    i.ssd1306_WriteCommand  ssd1306.o
    0x080049a8   0x080049a8   0x00000024   Code   RO         2087    i.ssd1306_WriteData  ssd1306.o
    0x080049cc   0x080049cc   0x0000002c   Code   RO         2088    i.ssd1306_WriteString  ssd1306.o
    0x080049f8   0x080049f8   0x00000374   Code   RO         2476    i.strum_trigger     main.o
    0x08004d6c   0x08004d6c   0x00003fd4   Data   RO         2338    .constdata          ssd1306_fonts.o
    0x08008d40   0x08008d40   0x00000048   Data   RO         5630    .constdata          system_stm32l4xx.o
    0x08008d88   0x08008d88   0x00000013   Data   RO         2479    .conststring        main.o
    0x08008d9b   0x08008d9b   0x00000001   PAD
    0x08008d9c   0x08008d9c   0x00000020   Data   RO         8188    Region$$Table       anon$$obj.o


    Execution Region RW_IRAM2 (Exec base: 0x10000000, Load base: 0x08008e88, Size: 0x00000000, Max: 0x00004000, ABSOLUTE)

    **** No section assigned to this execution region ****


    Execution Region RW_IRAM1 (Exec base: 0x20000000, Load base: 0x08008dbc, Size: 0x00003468, Max: 0x0000c000, ABSOLUTE)

    Exec Addr    Load Addr    Size         Type   Attr      Idx    E Section Name        Object

    0x20000000   0x08008dbc   0x00000006   Data   RW         2090    .data               ssd1306.o
    0x20000006   0x08008dc2   0x00000002   PAD
    0x20000008   0x08008dc4   0x00000028   Data   RW         2339    .data               ssd1306_fonts.o
    0x20000030   0x08008dec   0x00000088   Data   RW         2480    .data               main.o
    0x200000b8   0x08008e74   0x00000009   Data   RW         3156    .data               stm32l4xx_hal.o
    0x200000c1   0x08008e7d   0x00000003   PAD
    0x200000c4   0x08008e80   0x00000004   Data   RW         5631    .data               system_stm32l4xx.o
    0x200000c8   0x08008e84   0x00000004   Data   RW         8149    .data               mc_w.l(stdout.o)
    0x200000cc        -       0x00000400   Zero   RW         2089    .bss                ssd1306.o
    0x200004cc        -       0x00002648   Zero   RW         2477    .bss                main.o
    0x20002b14        -       0x00000024   Zero   RW         2779    .bss                crc.o
    0x20002b38        -       0x000000a8   Zero   RW         2822    .bss                i2c.o
    0x20002be0        -       0x00000084   Zero   RW         2869    .bss                usart.o
    0x20002c64   0x08008e88   0x00000004   PAD
    0x20002c68        -       0x00000800   Zero   RW            1    STACK               startup_stm32l432xx.o


==============================================================================

Image component sizes


      Code (inc. data)   RO Data    RW Data    ZI Data      Debug   Object Name

       100         18          0          0         36       1695   crc.o
       116          8          0          0          0       3439   gpio.o
       504         46          0          0        168       2706   i2c.o
         0          0          0          0          0      32028   lsm6dsl.o
      1272          0          0          0          0       7519   lsm6dsl_reg.o
      1804        150         19        136       9800     113638   main.o
       956         42          0          6       1024     633184   ssd1306.o
         0          0      16340         40          0       1298   ssd1306_fonts.o
        36          8        396          0       2048        884   startup_stm32l432xx.o
       194         32          0          9          0      11957   stm32l4xx_hal.o
       318         22          0          0          0      34679   stm32l4xx_hal_cortex.o
       132          4          0          0          0       1219   stm32l4xx_hal_crc.o
       102          0          0          0          0       1307   stm32l4xx_hal_crc_ex.o
       182          0          0          0          0       1903   stm32l4xx_hal_dma.o
       448         26          0          0          0       2155   stm32l4xx_hal_gpio.o
      1980         36          0          0          0      12286   stm32l4xx_hal_i2c.o
       210          0          0          0          0       2091   stm32l4xx_hal_i2c_ex.o
        64          6          0          0          0        942   stm32l4xx_hal_msp.o
       156         18          0          0          0       1450   stm32l4xx_hal_pwr_ex.o
      2784        108          0          0          0       7784   stm32l4xx_hal_rcc.o
      1236         26          0          0          0       2988   stm32l4xx_hal_rcc_ex.o
      2656         52          0          0          0      12591   stm32l4xx_hal_uart.o
         2          0          0          0          0       1064   stm32l4xx_hal_uart_ex.o
        60          6          0          0          0       5733   stm32l4xx_it.o
        20          6         72          4          0       1329   system_stm32l4xx.o
       228         18          0          0        132       1938   usart.o

    ----------------------------------------------------------------------
     15588        632      16860        200      13212     899807   Object Totals
         0          0         32          0          0          0   (incl. Generated)
        28          0          1          5          4          0   (incl. Padding)

    ----------------------------------------------------------------------

      Code (inc. data)   RO Data    RW Data    ZI Data      Debug   Library Member Name

        20          0          0          0          0        124   fabs.o
         0          0          0          0          0          0   entry.o
         0          0          0          0          0          0   entry10a.o
         0          0          0          0          0          0   entry11a.o
         4          0          0          0          0          0   entry12b.o
         8          4          0          0          0          0   entry2.o
         4          0          0          0          0          0   entry5.o
         0          0          0          0          0          0   entry7b.o
         0          0          0          0          0          0   entry8b.o
         8          4          0          0          0          0   entry9a.o
        30          0          0          0          0          0   handlers.o
        36          8          0          0          0         68   init.o
         0          0          0          0          0          0   iusefp.o
        30          0          0          0          0         68   llshl.o
        36          0          0          0          0         68   llsshr.o
        32          0          0          0          0         68   llushr.o
        36          0          0          0          0        108   memseta.o
      2230         90          0          0          0        464   printfa.o
         0          0          0          4          0          0   stdout.o
        44          0          0          0          0         80   uidiv.o
       104          0          0          0          0         92   uldiv.o
        48          0          0          0          0         68   cdcmple.o
        48          0          0          0          0         68   cdrcmple.o
       350          0          0          0          0        148   dadd.o
       222          0          0          0          0        100   ddiv.o
       186          0          0          0          0        176   depilogue.o
        48          0          0          0          0         68   dfixul.o
        34          0          0          0          0         76   dflti.o
       234          0          0          0          0         96   dmul.o
        38          0          0          0          0         68   f2d.o

    ----------------------------------------------------------------------
      3836        106          0          4          0       2008   Library Totals
         6          0          0          0          0          0   (incl. Padding)

    ----------------------------------------------------------------------

      Code (inc. data)   RO Data    RW Data    ZI Data      Debug   Library Name

        20          0          0          0          0        124   m_wm.l
      2602        106          0          4          0       1016   mc_w.l
      1208          0          0          0          0        868   mf_w.l

    ----------------------------------------------------------------------
      3836        106          0          4          0       2008   Library Totals

    ----------------------------------------------------------------------

==============================================================================


      Code (inc. data)   RO Data    RW Data    ZI Data      Debug   

     19424        738      16860        204      13212     890683   Grand Totals
     19424        738      16860        204      13212     890683   ELF Image Totals
     19424        738      16860        204          0          0   ROM Totals

==============================================================================

    Total RO  Size (Code + RO Data)                36284 (  35.43kB)
    Total RW  Size (RW Data + ZI Data)             13416 (  13.10kB)
    Total ROM Size (Code + RO Data + RW Data)      36488 (  35.63kB)

==============================================================================

